Archive member included to satisfy reference by file (symbol)

.\CortexM0\ARM_GCC_541\Debug\Bootloader.a(Bootloader.o)
                              .\CortexM0\ARM_GCC_541\Debug\Cm0Start.o (CyBtldr_CheckLaunch)
.\CortexM0\ARM_GCC_541\Debug\Bootloader.a(UART.o)
                              .\CortexM0\ARM_GCC_541\Debug\main.o (UART_Start)
.\CortexM0\ARM_GCC_541\Debug\Bootloader.a(UART_SPI_UART.o)
                              .\CortexM0\ARM_GCC_541\Debug\main.o (UART_SpiUartGetRxBufferSize)
.\CortexM0\ARM_GCC_541\Debug\Bootloader.a(UART_UART.o)
                              .\CortexM0\ARM_GCC_541\Debug\Bootloader.a(UART.o) (UART_UartInit)
.\CortexM0\ARM_GCC_541\Debug\Bootloader.a(Button.o)
                              .\CortexM0\ARM_GCC_541\Debug\main.o (Button_Read)
.\CortexM0\ARM_GCC_541\Debug\Bootloader.a(CyFlash.o)
                              .\CortexM0\ARM_GCC_541\Debug\Bootloader.a(Bootloader.o) (CySysFlashWriteRow)
.\CortexM0\ARM_GCC_541\Debug\Bootloader.a(CyLib.o)
                              .\CortexM0\ARM_GCC_541\Debug\Cm0Start.o (CyHalt)
.\CortexM0\ARM_GCC_541\Debug\Bootloader.a(CyBootAsmGnu.o)
                              .\CortexM0\ARM_GCC_541\Debug\Bootloader.a(CyLib.o) (CyDelayCycles)
c:/program files (x86)/cypress/psoc creator/4.2/psoc creator/import/gnu/arm/5.4.1/bin/../lib/gcc/arm-none-eabi/5.4.1/armv6-m\libgcc.a(_udivsi3.o)
                              .\CortexM0\ARM_GCC_541\Debug\Bootloader.a(CyLib.o) (__aeabi_uidiv)
c:/program files (x86)/cypress/psoc creator/4.2/psoc creator/import/gnu/arm/5.4.1/bin/../lib/gcc/arm-none-eabi/5.4.1/armv6-m\libgcc.a(_dvmd_tls.o)
                              c:/program files (x86)/cypress/psoc creator/4.2/psoc creator/import/gnu/arm/5.4.1/bin/../lib/gcc/arm-none-eabi/5.4.1/armv6-m\libgcc.a(_udivsi3.o) (__aeabi_idiv0)
c:/program files (x86)/cypress/psoc creator/4.2/psoc creator/import/gnu/arm/5.4.1/bin/../lib/gcc/arm-none-eabi/5.4.1/../../../../arm-none-eabi/lib/armv6-m\libg_nano.a(lib_a-errno.o)
                              .\CortexM0\ARM_GCC_541\Debug\Cm0Start.o (__errno)
c:/program files (x86)/cypress/psoc creator/4.2/psoc creator/import/gnu/arm/5.4.1/bin/../lib/gcc/arm-none-eabi/5.4.1/../../../../arm-none-eabi/lib/armv6-m\libg_nano.a(lib_a-exit.o)
                              c:/program files (x86)/cypress/psoc creator/4.2/psoc creator/import/gnu/arm/5.4.1/bin/../lib/gcc/arm-none-eabi/5.4.1/../../../../arm-none-eabi/lib/armv6-m/crt0.o (exit)
c:/program files (x86)/cypress/psoc creator/4.2/psoc creator/import/gnu/arm/5.4.1/bin/../lib/gcc/arm-none-eabi/5.4.1/../../../../arm-none-eabi/lib/armv6-m\libg_nano.a(lib_a-impure.o)
                              c:/program files (x86)/cypress/psoc creator/4.2/psoc creator/import/gnu/arm/5.4.1/bin/../lib/gcc/arm-none-eabi/5.4.1/../../../../arm-none-eabi/lib/armv6-m\libg_nano.a(lib_a-exit.o) (_global_impure_ptr)
c:/program files (x86)/cypress/psoc creator/4.2/psoc creator/import/gnu/arm/5.4.1/bin/../lib/gcc/arm-none-eabi/5.4.1/../../../../arm-none-eabi/lib/armv6-m\libg_nano.a(lib_a-init.o)
                              c:/program files (x86)/cypress/psoc creator/4.2/psoc creator/import/gnu/arm/5.4.1/bin/../lib/gcc/arm-none-eabi/5.4.1/../../../../arm-none-eabi/lib/armv6-m/crt0.o (__libc_init_array)
c:/program files (x86)/cypress/psoc creator/4.2/psoc creator/import/gnu/arm/5.4.1/bin/../lib/gcc/arm-none-eabi/5.4.1/../../../../arm-none-eabi/lib/armv6-m\libg_nano.a(lib_a-memcpy-stub.o)
                              .\CortexM0\ARM_GCC_541\Debug\Bootloader.a(Bootloader.o) (memcpy)
c:/program files (x86)/cypress/psoc creator/4.2/psoc creator/import/gnu/arm/5.4.1/bin/../lib/gcc/arm-none-eabi/5.4.1/../../../../arm-none-eabi/lib/armv6-m\libg_nano.a(lib_a-memset.o)
                              c:/program files (x86)/cypress/psoc creator/4.2/psoc creator/import/gnu/arm/5.4.1/bin/../lib/gcc/arm-none-eabi/5.4.1/../../../../arm-none-eabi/lib/armv6-m/crt0.o (memset)

Discarded input sections

 .text          0x00000000        0x0 c:/program files (x86)/cypress/psoc creator/4.2/psoc creator/import/gnu/arm/5.4.1/bin/../lib/gcc/arm-none-eabi/5.4.1/armv6-m/crti.o
 .data          0x00000000        0x0 c:/program files (x86)/cypress/psoc creator/4.2/psoc creator/import/gnu/arm/5.4.1/bin/../lib/gcc/arm-none-eabi/5.4.1/armv6-m/crti.o
 .bss           0x00000000        0x0 c:/program files (x86)/cypress/psoc creator/4.2/psoc creator/import/gnu/arm/5.4.1/bin/../lib/gcc/arm-none-eabi/5.4.1/armv6-m/crti.o
 .data          0x00000000        0x4 c:/program files (x86)/cypress/psoc creator/4.2/psoc creator/import/gnu/arm/5.4.1/bin/../lib/gcc/arm-none-eabi/5.4.1/armv6-m/crtbegin.o
 .text          0x00000000       0x78 c:/program files (x86)/cypress/psoc creator/4.2/psoc creator/import/gnu/arm/5.4.1/bin/../lib/gcc/arm-none-eabi/5.4.1/../../../../arm-none-eabi/lib/armv6-m/crt0.o
 .data          0x00000000        0x0 c:/program files (x86)/cypress/psoc creator/4.2/psoc creator/import/gnu/arm/5.4.1/bin/../lib/gcc/arm-none-eabi/5.4.1/../../../../arm-none-eabi/lib/armv6-m/crt0.o
 .bss           0x00000000        0x0 c:/program files (x86)/cypress/psoc creator/4.2/psoc creator/import/gnu/arm/5.4.1/bin/../lib/gcc/arm-none-eabi/5.4.1/../../../../arm-none-eabi/lib/armv6-m/crt0.o
 .ARM.extab     0x00000000        0x0 c:/program files (x86)/cypress/psoc creator/4.2/psoc creator/import/gnu/arm/5.4.1/bin/../lib/gcc/arm-none-eabi/5.4.1/../../../../arm-none-eabi/lib/armv6-m/crt0.o
 .ARM.exidx     0x00000000        0x8 c:/program files (x86)/cypress/psoc creator/4.2/psoc creator/import/gnu/arm/5.4.1/bin/../lib/gcc/arm-none-eabi/5.4.1/../../../../arm-none-eabi/lib/armv6-m/crt0.o
 .text          0x00000000        0x0 .\CortexM0\ARM_GCC_541\Debug\main.o
 .data          0x00000000        0x0 .\CortexM0\ARM_GCC_541\Debug\main.o
 .bss           0x00000000        0x0 .\CortexM0\ARM_GCC_541\Debug\main.o
 .text.CyBtldrCommReset
                0x00000000        0xc .\CortexM0\ARM_GCC_541\Debug\main.o
 .text          0x00000000        0x0 .\CortexM0\ARM_GCC_541\Debug\cyfitter_cfg.o
 .data          0x00000000        0x0 .\CortexM0\ARM_GCC_541\Debug\cyfitter_cfg.o
 .bss           0x00000000        0x0 .\CortexM0\ARM_GCC_541\Debug\cyfitter_cfg.o
 .text          0x00000000        0x0 .\CortexM0\ARM_GCC_541\Debug\cymetadata.o
 .data          0x00000000        0x0 .\CortexM0\ARM_GCC_541\Debug\cymetadata.o
 .bss           0x00000000        0x0 .\CortexM0\ARM_GCC_541\Debug\cymetadata.o
 .text          0x00000000        0x0 .\CortexM0\ARM_GCC_541\Debug\Cm0Start.o
 .data          0x00000000        0x4 .\CortexM0\ARM_GCC_541\Debug\Cm0Start.o
 .bss           0x00000000        0x0 .\CortexM0\ARM_GCC_541\Debug\Cm0Start.o
 .text._exit    0x00000000        0xc .\CortexM0\ARM_GCC_541\Debug\Cm0Start.o
 .text._sbrk    0x00000000       0x34 .\CortexM0\ARM_GCC_541\Debug\Cm0Start.o
 .text          0x00000000        0x0 .\CortexM0\ARM_GCC_541\Debug\Bootloader.a(Bootloader.o)
 .text.Bootloader_InitCallback
                0x00000000        0xc .\CortexM0\ARM_GCC_541\Debug\Bootloader.a(Bootloader.o)
 .text.Bootloader_SetFlashByte
                0x00000000       0x3c .\CortexM0\ARM_GCC_541\Debug\Bootloader.a(Bootloader.o)
 .text.Bootloader_Exit
                0x00000000       0x5c .\CortexM0\ARM_GCC_541\Debug\Bootloader.a(Bootloader.o)
 .text          0x00000000        0x0 .\CortexM0\ARM_GCC_541\Debug\Bootloader.a(UART.o)
 .data          0x00000000        0x0 .\CortexM0\ARM_GCC_541\Debug\Bootloader.a(UART.o)
 .text.UART_SetRxFifoLevel
                0x00000000       0x14 .\CortexM0\ARM_GCC_541\Debug\Bootloader.a(UART.o)
 .text.UART_SetTxFifoLevel
                0x00000000       0x14 .\CortexM0\ARM_GCC_541\Debug\Bootloader.a(UART.o)
 .text.UART_I2CSlaveNackGeneration
                0x00000000       0x3c .\CortexM0\ARM_GCC_541\Debug\Bootloader.a(UART.o)
 .text          0x00000000        0x0 .\CortexM0\ARM_GCC_541\Debug\Bootloader.a(UART_SPI_UART.o)
 .data          0x00000000        0x0 .\CortexM0\ARM_GCC_541\Debug\Bootloader.a(UART_SPI_UART.o)
 .bss           0x00000000        0x0 .\CortexM0\ARM_GCC_541\Debug\Bootloader.a(UART_SPI_UART.o)
 .text.UART_SpiUartClearRxBuffer
                0x00000000       0x20 .\CortexM0\ARM_GCC_541\Debug\Bootloader.a(UART_SPI_UART.o)
 .text.UART_SpiUartPutArray
                0x00000000       0x18 .\CortexM0\ARM_GCC_541\Debug\Bootloader.a(UART_SPI_UART.o)
 .text.UART_SpiUartGetTxBufferSize
                0x00000000       0x10 .\CortexM0\ARM_GCC_541\Debug\Bootloader.a(UART_SPI_UART.o)
 .text.UART_SpiUartClearTxBuffer
                0x00000000       0x20 .\CortexM0\ARM_GCC_541\Debug\Bootloader.a(UART_SPI_UART.o)
 .text.UART_SpiUartDisableIntRx
                0x00000000       0x10 .\CortexM0\ARM_GCC_541\Debug\Bootloader.a(UART_SPI_UART.o)
 .text.UART_SpiUartDisableIntTx
                0x00000000       0x10 .\CortexM0\ARM_GCC_541\Debug\Bootloader.a(UART_SPI_UART.o)
 .text          0x00000000        0x0 .\CortexM0\ARM_GCC_541\Debug\Bootloader.a(UART_UART.o)
 .data          0x00000000        0x0 .\CortexM0\ARM_GCC_541\Debug\Bootloader.a(UART_UART.o)
 .bss           0x00000000        0x0 .\CortexM0\ARM_GCC_541\Debug\Bootloader.a(UART_UART.o)
 .text.UART_UartSetRxAddress
                0x00000000       0x14 .\CortexM0\ARM_GCC_541\Debug\Bootloader.a(UART_UART.o)
 .text.UART_UartSetRxAddressMask
                0x00000000       0x18 .\CortexM0\ARM_GCC_541\Debug\Bootloader.a(UART_UART.o)
 .text.UART_UartGetChar
                0x00000000       0x2c .\CortexM0\ARM_GCC_541\Debug\Bootloader.a(UART_UART.o)
 .text.UART_UartPutString
                0x00000000       0x18 .\CortexM0\ARM_GCC_541\Debug\Bootloader.a(UART_UART.o)
 .text.UART_UartPutCRLF
                0x00000000       0x14 .\CortexM0\ARM_GCC_541\Debug\Bootloader.a(UART_UART.o)
 .text.UART_UartSendBreakBlocking
                0x00000000       0x58 .\CortexM0\ARM_GCC_541\Debug\Bootloader.a(UART_UART.o)
 .text          0x00000000        0x0 .\CortexM0\ARM_GCC_541\Debug\Bootloader.a(Button.o)
 .data          0x00000000        0x0 .\CortexM0\ARM_GCC_541\Debug\Bootloader.a(Button.o)
 .bss           0x00000000        0x0 .\CortexM0\ARM_GCC_541\Debug\Bootloader.a(Button.o)
 .text.Button_SetDriveMode
                0x00000000       0x18 .\CortexM0\ARM_GCC_541\Debug\Bootloader.a(Button.o)
 .text.Button_Write
                0x00000000       0x18 .\CortexM0\ARM_GCC_541\Debug\Bootloader.a(Button.o)
 .text.Button_ReadDataReg
                0x00000000       0x10 .\CortexM0\ARM_GCC_541\Debug\Bootloader.a(Button.o)
 .text.Button_SetInterruptMode
                0x00000000       0x14 .\CortexM0\ARM_GCC_541\Debug\Bootloader.a(Button.o)
 .text.Button_ClearInterrupt
                0x00000000       0x14 .\CortexM0\ARM_GCC_541\Debug\Bootloader.a(Button.o)
 .text          0x00000000        0x0 .\CortexM0\ARM_GCC_541\Debug\Bootloader.a(CyFlash.o)
 .data          0x00000000        0x0 .\CortexM0\ARM_GCC_541\Debug\Bootloader.a(CyFlash.o)
 .text.CySysFlashSetWaitCycles
                0x00000000       0x34 .\CortexM0\ARM_GCC_541\Debug\Bootloader.a(CyFlash.o)
 .text          0x00000000        0x0 .\CortexM0\ARM_GCC_541\Debug\Bootloader.a(CyLib.o)
 .bss           0x00000000       0x18 .\CortexM0\ARM_GCC_541\Debug\Bootloader.a(CyLib.o)
 .text.CySysClkImoStart
                0x00000000       0x14 .\CortexM0\ARM_GCC_541\Debug\Bootloader.a(CyLib.o)
 .text.CySysClkImoStop
                0x00000000       0x10 .\CortexM0\ARM_GCC_541\Debug\Bootloader.a(CyLib.o)
 .text.CySysClkWriteHfclkDirect
                0x00000000       0x20 .\CortexM0\ARM_GCC_541\Debug\Bootloader.a(CyLib.o)
 .text.CySysEnablePumpClock
                0x00000000       0x38 .\CortexM0\ARM_GCC_541\Debug\Bootloader.a(CyLib.o)
 .text.CySysClkGetSysclkSource
                0x00000000       0x1c .\CortexM0\ARM_GCC_541\Debug\Bootloader.a(CyLib.o)
 .text.CySysClkWriteSysclkDiv
                0x00000000       0x30 .\CortexM0\ARM_GCC_541\Debug\Bootloader.a(CyLib.o)
 .text.CySysLvdDisable
                0x00000000       0x20 .\CortexM0\ARM_GCC_541\Debug\Bootloader.a(CyLib.o)
 .text.CySysLvdGetInterruptSource
                0x00000000       0x10 .\CortexM0\ARM_GCC_541\Debug\Bootloader.a(CyLib.o)
 .text.CySysLvdClearInterrupt
                0x00000000        0xc .\CortexM0\ARM_GCC_541\Debug\Bootloader.a(CyLib.o)
 .text.CySysGetResetReason
                0x00000000       0x14 .\CortexM0\ARM_GCC_541\Debug\Bootloader.a(CyLib.o)
 .text.CyDisableInts
                0x00000000       0x10 .\CortexM0\ARM_GCC_541\Debug\Bootloader.a(CyLib.o)
 .text.CyEnableInts
                0x00000000        0xc .\CortexM0\ARM_GCC_541\Debug\Bootloader.a(CyLib.o)
 .text.CyIntEnable
                0x00000000       0x14 .\CortexM0\ARM_GCC_541\Debug\Bootloader.a(CyLib.o)
 .text.CyIntGetState
                0x00000000       0x18 .\CortexM0\ARM_GCC_541\Debug\Bootloader.a(CyLib.o)
 .text.CyIntDisable
                0x00000000       0x14 .\CortexM0\ARM_GCC_541\Debug\Bootloader.a(CyLib.o)
 .text.CyIntSetPending
                0x00000000       0x14 .\CortexM0\ARM_GCC_541\Debug\Bootloader.a(CyLib.o)
 .text.CyIntClearPending
                0x00000000       0x14 .\CortexM0\ARM_GCC_541\Debug\Bootloader.a(CyLib.o)
 .text.CyIntSetSysVector
                0x00000000       0x20 .\CortexM0\ARM_GCC_541\Debug\Bootloader.a(CyLib.o)
 .text.CyIntGetSysVector
                0x00000000       0x1c .\CortexM0\ARM_GCC_541\Debug\Bootloader.a(CyLib.o)
 .text.CyIntSetVector
                0x00000000       0x24 .\CortexM0\ARM_GCC_541\Debug\Bootloader.a(CyLib.o)
 .text.CyIntGetVector
                0x00000000       0x20 .\CortexM0\ARM_GCC_541\Debug\Bootloader.a(CyLib.o)
 .text.CyIntSetPriority
                0x00000000       0x4c .\CortexM0\ARM_GCC_541\Debug\Bootloader.a(CyLib.o)
 .text.CyIntGetPriority
                0x00000000       0x2c .\CortexM0\ARM_GCC_541\Debug\Bootloader.a(CyLib.o)
 .text.CySysLvdEnable
                0x00000000       0x44 .\CortexM0\ARM_GCC_541\Debug\Bootloader.a(CyLib.o)
 .text.CyDelayFreq
                0x00000000       0x4c .\CortexM0\ARM_GCC_541\Debug\Bootloader.a(CyLib.o)
 .text.CySysTickStop
                0x00000000       0x10 .\CortexM0\ARM_GCC_541\Debug\Bootloader.a(CyLib.o)
 .text.CySysTickEnableInterrupt
                0x00000000       0x10 .\CortexM0\ARM_GCC_541\Debug\Bootloader.a(CyLib.o)
 .text.CySysTickEnable
                0x00000000       0x18 .\CortexM0\ARM_GCC_541\Debug\Bootloader.a(CyLib.o)
 .text.CySysTickDisableInterrupt
                0x00000000       0x10 .\CortexM0\ARM_GCC_541\Debug\Bootloader.a(CyLib.o)
 .text.CySysTickSetReload
                0x00000000       0x10 .\CortexM0\ARM_GCC_541\Debug\Bootloader.a(CyLib.o)
 .text.CySysTickGetReload
                0x00000000       0x10 .\CortexM0\ARM_GCC_541\Debug\Bootloader.a(CyLib.o)
 .text.CySysTickGetValue
                0x00000000       0x10 .\CortexM0\ARM_GCC_541\Debug\Bootloader.a(CyLib.o)
 .text.CySysTickGetCountFlag
                0x00000000       0x10 .\CortexM0\ARM_GCC_541\Debug\Bootloader.a(CyLib.o)
 .text.CySysTickServiceCallbacks
                0x00000000       0x28 .\CortexM0\ARM_GCC_541\Debug\Bootloader.a(CyLib.o)
 .text.CySysTickClear
                0x00000000        0xc .\CortexM0\ARM_GCC_541\Debug\Bootloader.a(CyLib.o)
 .text.CySysTickInit
                0x00000000       0x40 .\CortexM0\ARM_GCC_541\Debug\Bootloader.a(CyLib.o)
 .text.CySysTickStart
                0x00000000       0x20 .\CortexM0\ARM_GCC_541\Debug\Bootloader.a(CyLib.o)
 .text.CySysTickSetCallback
                0x00000000       0x10 .\CortexM0\ARM_GCC_541\Debug\Bootloader.a(CyLib.o)
 .text.CySysTickGetCallback
                0x00000000        0xc .\CortexM0\ARM_GCC_541\Debug\Bootloader.a(CyLib.o)
 .text.CyGetUniqueId
                0x00000000       0x70 .\CortexM0\ARM_GCC_541\Debug\Bootloader.a(CyLib.o)
 .data          0x00000000        0x0 .\CortexM0\ARM_GCC_541\Debug\Bootloader.a(CyBootAsmGnu.o)
 .bss           0x00000000        0x0 .\CortexM0\ARM_GCC_541\Debug\Bootloader.a(CyBootAsmGnu.o)
 .text          0x00000000      0x114 c:/program files (x86)/cypress/psoc creator/4.2/psoc creator/import/gnu/arm/5.4.1/bin/../lib/gcc/arm-none-eabi/5.4.1/armv6-m\libgcc.a(_udivsi3.o)
 .data          0x00000000        0x0 c:/program files (x86)/cypress/psoc creator/4.2/psoc creator/import/gnu/arm/5.4.1/bin/../lib/gcc/arm-none-eabi/5.4.1/armv6-m\libgcc.a(_udivsi3.o)
 .bss           0x00000000        0x0 c:/program files (x86)/cypress/psoc creator/4.2/psoc creator/import/gnu/arm/5.4.1/bin/../lib/gcc/arm-none-eabi/5.4.1/armv6-m\libgcc.a(_udivsi3.o)
 .text          0x00000000        0x4 c:/program files (x86)/cypress/psoc creator/4.2/psoc creator/import/gnu/arm/5.4.1/bin/../lib/gcc/arm-none-eabi/5.4.1/armv6-m\libgcc.a(_dvmd_tls.o)
 .data          0x00000000        0x0 c:/program files (x86)/cypress/psoc creator/4.2/psoc creator/import/gnu/arm/5.4.1/bin/../lib/gcc/arm-none-eabi/5.4.1/armv6-m\libgcc.a(_dvmd_tls.o)
 .bss           0x00000000        0x0 c:/program files (x86)/cypress/psoc creator/4.2/psoc creator/import/gnu/arm/5.4.1/bin/../lib/gcc/arm-none-eabi/5.4.1/armv6-m\libgcc.a(_dvmd_tls.o)
 .text          0x00000000        0x0 c:/program files (x86)/cypress/psoc creator/4.2/psoc creator/import/gnu/arm/5.4.1/bin/../lib/gcc/arm-none-eabi/5.4.1/../../../../arm-none-eabi/lib/armv6-m\libg_nano.a(lib_a-errno.o)
 .data          0x00000000        0x0 c:/program files (x86)/cypress/psoc creator/4.2/psoc creator/import/gnu/arm/5.4.1/bin/../lib/gcc/arm-none-eabi/5.4.1/../../../../arm-none-eabi/lib/armv6-m\libg_nano.a(lib_a-errno.o)
 .bss           0x00000000        0x0 c:/program files (x86)/cypress/psoc creator/4.2/psoc creator/import/gnu/arm/5.4.1/bin/../lib/gcc/arm-none-eabi/5.4.1/../../../../arm-none-eabi/lib/armv6-m\libg_nano.a(lib_a-errno.o)
 .text          0x00000000        0x0 c:/program files (x86)/cypress/psoc creator/4.2/psoc creator/import/gnu/arm/5.4.1/bin/../lib/gcc/arm-none-eabi/5.4.1/../../../../arm-none-eabi/lib/armv6-m\libg_nano.a(lib_a-exit.o)
 .data          0x00000000        0x0 c:/program files (x86)/cypress/psoc creator/4.2/psoc creator/import/gnu/arm/5.4.1/bin/../lib/gcc/arm-none-eabi/5.4.1/../../../../arm-none-eabi/lib/armv6-m\libg_nano.a(lib_a-exit.o)
 .bss           0x00000000        0x0 c:/program files (x86)/cypress/psoc creator/4.2/psoc creator/import/gnu/arm/5.4.1/bin/../lib/gcc/arm-none-eabi/5.4.1/../../../../arm-none-eabi/lib/armv6-m\libg_nano.a(lib_a-exit.o)
 .text.exit     0x00000000       0x2c c:/program files (x86)/cypress/psoc creator/4.2/psoc creator/import/gnu/arm/5.4.1/bin/../lib/gcc/arm-none-eabi/5.4.1/../../../../arm-none-eabi/lib/armv6-m\libg_nano.a(lib_a-exit.o)
 .text          0x00000000        0x0 c:/program files (x86)/cypress/psoc creator/4.2/psoc creator/import/gnu/arm/5.4.1/bin/../lib/gcc/arm-none-eabi/5.4.1/../../../../arm-none-eabi/lib/armv6-m\libg_nano.a(lib_a-impure.o)
 .data          0x00000000        0x0 c:/program files (x86)/cypress/psoc creator/4.2/psoc creator/import/gnu/arm/5.4.1/bin/../lib/gcc/arm-none-eabi/5.4.1/../../../../arm-none-eabi/lib/armv6-m\libg_nano.a(lib_a-impure.o)
 .bss           0x00000000        0x0 c:/program files (x86)/cypress/psoc creator/4.2/psoc creator/import/gnu/arm/5.4.1/bin/../lib/gcc/arm-none-eabi/5.4.1/../../../../arm-none-eabi/lib/armv6-m\libg_nano.a(lib_a-impure.o)
 .rodata._global_impure_ptr
                0x00000000        0x4 c:/program files (x86)/cypress/psoc creator/4.2/psoc creator/import/gnu/arm/5.4.1/bin/../lib/gcc/arm-none-eabi/5.4.1/../../../../arm-none-eabi/lib/armv6-m\libg_nano.a(lib_a-impure.o)
 .text          0x00000000        0x0 c:/program files (x86)/cypress/psoc creator/4.2/psoc creator/import/gnu/arm/5.4.1/bin/../lib/gcc/arm-none-eabi/5.4.1/../../../../arm-none-eabi/lib/armv6-m\libg_nano.a(lib_a-init.o)
 .data          0x00000000        0x0 c:/program files (x86)/cypress/psoc creator/4.2/psoc creator/import/gnu/arm/5.4.1/bin/../lib/gcc/arm-none-eabi/5.4.1/../../../../arm-none-eabi/lib/armv6-m\libg_nano.a(lib_a-init.o)
 .bss           0x00000000        0x0 c:/program files (x86)/cypress/psoc creator/4.2/psoc creator/import/gnu/arm/5.4.1/bin/../lib/gcc/arm-none-eabi/5.4.1/../../../../arm-none-eabi/lib/armv6-m\libg_nano.a(lib_a-init.o)
 .text          0x00000000        0x0 c:/program files (x86)/cypress/psoc creator/4.2/psoc creator/import/gnu/arm/5.4.1/bin/../lib/gcc/arm-none-eabi/5.4.1/../../../../arm-none-eabi/lib/armv6-m\libg_nano.a(lib_a-memcpy-stub.o)
 .data          0x00000000        0x0 c:/program files (x86)/cypress/psoc creator/4.2/psoc creator/import/gnu/arm/5.4.1/bin/../lib/gcc/arm-none-eabi/5.4.1/../../../../arm-none-eabi/lib/armv6-m\libg_nano.a(lib_a-memcpy-stub.o)
 .bss           0x00000000        0x0 c:/program files (x86)/cypress/psoc creator/4.2/psoc creator/import/gnu/arm/5.4.1/bin/../lib/gcc/arm-none-eabi/5.4.1/../../../../arm-none-eabi/lib/armv6-m\libg_nano.a(lib_a-memcpy-stub.o)
 .text          0x00000000        0x0 c:/program files (x86)/cypress/psoc creator/4.2/psoc creator/import/gnu/arm/5.4.1/bin/../lib/gcc/arm-none-eabi/5.4.1/../../../../arm-none-eabi/lib/armv6-m\libg_nano.a(lib_a-memset.o)
 .data          0x00000000        0x0 c:/program files (x86)/cypress/psoc creator/4.2/psoc creator/import/gnu/arm/5.4.1/bin/../lib/gcc/arm-none-eabi/5.4.1/../../../../arm-none-eabi/lib/armv6-m\libg_nano.a(lib_a-memset.o)
 .bss           0x00000000        0x0 c:/program files (x86)/cypress/psoc creator/4.2/psoc creator/import/gnu/arm/5.4.1/bin/../lib/gcc/arm-none-eabi/5.4.1/../../../../arm-none-eabi/lib/armv6-m\libg_nano.a(lib_a-memset.o)
 .text          0x00000000        0x0 c:/program files (x86)/cypress/psoc creator/4.2/psoc creator/import/gnu/arm/5.4.1/bin/../lib/gcc/arm-none-eabi/5.4.1/armv6-m/crtend.o
 .data          0x00000000        0x0 c:/program files (x86)/cypress/psoc creator/4.2/psoc creator/import/gnu/arm/5.4.1/bin/../lib/gcc/arm-none-eabi/5.4.1/armv6-m/crtend.o
 .bss           0x00000000        0x0 c:/program files (x86)/cypress/psoc creator/4.2/psoc creator/import/gnu/arm/5.4.1/bin/../lib/gcc/arm-none-eabi/5.4.1/armv6-m/crtend.o
 .text          0x00000000        0x0 c:/program files (x86)/cypress/psoc creator/4.2/psoc creator/import/gnu/arm/5.4.1/bin/../lib/gcc/arm-none-eabi/5.4.1/armv6-m/crtn.o
 .data          0x00000000        0x0 c:/program files (x86)/cypress/psoc creator/4.2/psoc creator/import/gnu/arm/5.4.1/bin/../lib/gcc/arm-none-eabi/5.4.1/armv6-m/crtn.o
 .bss           0x00000000        0x0 c:/program files (x86)/cypress/psoc creator/4.2/psoc creator/import/gnu/arm/5.4.1/bin/../lib/gcc/arm-none-eabi/5.4.1/armv6-m/crtn.o

Memory Configuration

Name             Origin             Length             Attributes
rom              0x00000000         0x00008000         xr
ram              0x20000000         0x00001000         xrw
*default*        0x00000000         0xffffffff

Linker script and memory map

LOAD c:/program files (x86)/cypress/psoc creator/4.2/psoc creator/import/gnu/arm/5.4.1/bin/../lib/gcc/arm-none-eabi/5.4.1/armv6-m/crti.o
LOAD c:/program files (x86)/cypress/psoc creator/4.2/psoc creator/import/gnu/arm/5.4.1/bin/../lib/gcc/arm-none-eabi/5.4.1/armv6-m/crtbegin.o
LOAD c:/program files (x86)/cypress/psoc creator/4.2/psoc creator/import/gnu/arm/5.4.1/bin/../lib/gcc/arm-none-eabi/5.4.1/../../../../arm-none-eabi/lib/armv6-m/crt0.o
START GROUP
LOAD .\CortexM0\ARM_GCC_541\Debug\main.o
LOAD .\CortexM0\ARM_GCC_541\Debug\cyfitter_cfg.o
LOAD .\CortexM0\ARM_GCC_541\Debug\cymetadata.o
LOAD .\CortexM0\ARM_GCC_541\Debug\Cm0Start.o
LOAD .\CortexM0\ARM_GCC_541\Debug\Bootloader.a
END GROUP
START GROUP
LOAD c:/program files (x86)/cypress/psoc creator/4.2/psoc creator/import/gnu/arm/5.4.1/bin/../lib/gcc/arm-none-eabi/5.4.1/armv6-m\libgcc.a
LOAD c:/program files (x86)/cypress/psoc creator/4.2/psoc creator/import/gnu/arm/5.4.1/bin/../lib/gcc/arm-none-eabi/5.4.1/../../../../arm-none-eabi/lib/armv6-m\libg_nano.a
LOAD c:/program files (x86)/cypress/psoc creator/4.2/psoc creator/import/gnu/arm/5.4.1/bin/../lib/gcc/arm-none-eabi/5.4.1/../../../../arm-none-eabi/lib/armv6-m\libc_nano.a
END GROUP
START GROUP
LOAD c:/program files (x86)/cypress/psoc creator/4.2/psoc creator/import/gnu/arm/5.4.1/bin/../lib/gcc/arm-none-eabi/5.4.1/armv6-m\libgcc.a
LOAD c:/program files (x86)/cypress/psoc creator/4.2/psoc creator/import/gnu/arm/5.4.1/bin/../lib/gcc/arm-none-eabi/5.4.1/../../../../arm-none-eabi/lib/armv6-m\libc_nano.a
END GROUP
LOAD c:/program files (x86)/cypress/psoc creator/4.2/psoc creator/import/gnu/arm/5.4.1/bin/../lib/gcc/arm-none-eabi/5.4.1/armv6-m/crtend.o
LOAD c:/program files (x86)/cypress/psoc creator/4.2/psoc creator/import/gnu/arm/5.4.1/bin/../lib/gcc/arm-none-eabi/5.4.1/armv6-m/crtn.o
START GROUP
LOAD c:/program files (x86)/cypress/psoc creator/4.2/psoc creator/import/gnu/arm/5.4.1/bin/../lib/gcc/arm-none-eabi/5.4.1/armv6-m\libgcc.a
LOAD c:/program files (x86)/cypress/psoc creator/4.2/psoc creator/import/gnu/arm/5.4.1/bin/../lib/gcc/arm-none-eabi/5.4.1/../../../../arm-none-eabi/lib/armv6-m\libc.a
LOAD c:/program files (x86)/cypress/psoc creator/4.2/psoc creator/import/gnu/arm/5.4.1/bin/../lib/gcc/arm-none-eabi/5.4.1/../../../../arm-none-eabi/lib/armv6-m\libnosys.a
END GROUP
                0x00000000                CY_APPL_ORIGIN = 0x0
                0x00000080                CY_FLASH_ROW_SIZE = 0x80
                0x00000001                CY_APPL_NUM = 0x1
                0x00000001                CY_APPL_MAX = 0x1
                0x00000040                CY_METADATA_SIZE = 0x40
                0x00000000                CY_APPL_LOADABLE = 0x0
                0x00000000                CY_CHECKSUM_EXCLUDE_SIZE = ALIGN (0x0, CY_FLASH_ROW_SIZE)
                0x00000000                CY_APP_FOR_STACK_AND_COPIER = 0x0
                [!provide]                PROVIDE (__cy_heap_start, _end)
                0x00000001                PROVIDE (__cy_region_num, ((__cy_regions_end - __cy_regions) / 0x10))
                0x20001000                PROVIDE (__cy_stack, (ORIGIN (ram) + LENGTH (ram)))
                [!provide]                PROVIDE (__cy_heap_end, (__cy_stack - 0x400))

.cybootloader   0x00000000        0x0
 *(.cybootloader)
                0x00000000                appl1_start = CY_APPL_ORIGIN?CY_APPL_ORIGIN:ALIGN (CY_FLASH_ROW_SIZE)
                0x00003f80                appl2_start = (appl1_start + ALIGN ((((LENGTH (rom) - appl1_start) - (0x2 * CY_FLASH_ROW_SIZE)) / 0x2), CY_FLASH_ROW_SIZE))
                0x00000000                appl_start = (CY_APPL_NUM == 0x1)?appl1_start:appl2_start
                0x00000001                cy_project_type_bootloader = (appl_start == 0x0)?0x1:0x0
                0x00000000                cy_project_type_app_for_stack_and_copier = (CY_APP_FOR_STACK_AND_COPIER == 0x1)?0x1:0x0

.text           0x00000000     0x11cd
 CREATE_OBJECT_SYMBOLS
                0x00000000                PROVIDE (__cy_interrupt_vector, RomVectors)
 *(.romvectors)
 .romvectors    0x00000000       0x10 .\CortexM0\ARM_GCC_541\Debug\Cm0Start.o
                0x00000000                RomVectors
                0x00000001                ASSERT ((. != __cy_interrupt_vector), No interrupt vector)
                0x00000001                ASSERT (CY_APPL_ORIGIN?(SIZEOF (.cybootloader) <= CY_APPL_ORIGIN):0x1, Wrong image location)
                0x00000010                PROVIDE (__cy_reset, Reset)
 *(.text.Reset)
 .text.Reset    0x00000010        0xc .\CortexM0\ARM_GCC_541\Debug\Cm0Start.o
                0x00000010                Reset
                0x00000001                ASSERT ((. != __cy_reset), No reset code)
 *(.psocinit)
 .psocinit      0x0000001c      0x118 .\CortexM0\ARM_GCC_541\Debug\cyfitter_cfg.o
                0x00000080                cyfitter_cfg
                0x00000134                . = MAX (., 0x100)
 *(.text .text.* .gnu.linkonce.t.*)
 .text          0x00000134       0x60 c:/program files (x86)/cypress/psoc creator/4.2/psoc creator/import/gnu/arm/5.4.1/bin/../lib/gcc/arm-none-eabi/5.4.1/armv6-m/crtbegin.o
 .text.CyBtldrCommStart
                0x00000194        0x8 .\CortexM0\ARM_GCC_541\Debug\main.o
                0x00000194                CyBtldrCommStart
 .text.CyBtldrCommStop
                0x0000019c        0x8 .\CortexM0\ARM_GCC_541\Debug\main.o
                0x0000019c                CyBtldrCommStop
 .text.CyBtldrCommWrite
                0x000001a4       0x24 .\CortexM0\ARM_GCC_541\Debug\main.o
                0x000001a4                CyBtldrCommWrite
 .text.CyBtldrCommRead
                0x000001c8       0x58 .\CortexM0\ARM_GCC_541\Debug\main.o
                0x000001c8                CyBtldrCommRead
 .text.main     0x00000220       0x38 .\CortexM0\ARM_GCC_541\Debug\main.o
                0x00000220                main
 .text.CYMEMZERO
                0x00000258        0xc .\CortexM0\ARM_GCC_541\Debug\cyfitter_cfg.o
 .text.IntDefaultHandler
                0x00000264       0x10 .\CortexM0\ARM_GCC_541\Debug\Cm0Start.o
                0x00000264                IntDefaultHandler
 .text.Start_c  0x00000274       0x48 .\CortexM0\ARM_GCC_541\Debug\Cm0Start.o
                0x00000274                Start_c
 .text.initialize_psoc
                0x000002bc       0x50 .\CortexM0\ARM_GCC_541\Debug\Cm0Start.o
                0x000002bc                initialize_psoc
 .text.Bootloader_CalcPacketChecksum
                0x0000030c       0x54 .\CortexM0\ARM_GCC_541\Debug\Bootloader.a(Bootloader.o)
 .text.Bootloader_VerifyRow
                0x00000360       0x24 .\CortexM0\ARM_GCC_541\Debug\Bootloader.a(Bootloader.o)
 .text.Bootloader_LaunchBootloadable
                0x00000384        0x4 .\CortexM0\ARM_GCC_541\Debug\Bootloader.a(Bootloader.o)
 .text.Bootloader_LaunchApplication
                0x00000388       0x14 .\CortexM0\ARM_GCC_541\Debug\Bootloader.a(Bootloader.o)
 .text.Bootloader_WritePacket
                0x0000039c       0x44 .\CortexM0\ARM_GCC_541\Debug\Bootloader.a(Bootloader.o)
 .text.Bootloader_Calc8BitSum
                0x000003e0       0x28 .\CortexM0\ARM_GCC_541\Debug\Bootloader.a(Bootloader.o)
                0x000003e0                Bootloader_Calc8BitSum
 .text.Bootloader_GetMetadata
                0x00000408      0x140 .\CortexM0\ARM_GCC_541\Debug\Bootloader.a(Bootloader.o)
                0x00000408                Bootloader_GetMetadata
 .text.CyBtldr_CheckLaunch
                0x00000548       0x40 .\CortexM0\ARM_GCC_541\Debug\Bootloader.a(Bootloader.o)
                0x00000548                CyBtldr_CheckLaunch
 .text.Bootloader_ValidateBootloadable
                0x00000588       0x64 .\CortexM0\ARM_GCC_541\Debug\Bootloader.a(Bootloader.o)
                0x00000588                Bootloader_ValidateBootloadable
 .text.Bootloader_HostLink
                0x000005ec      0x4ec .\CortexM0\ARM_GCC_541\Debug\Bootloader.a(Bootloader.o)
 .text.Bootloader_Start
                0x00000ad8       0x68 .\CortexM0\ARM_GCC_541\Debug\Bootloader.a(Bootloader.o)
                0x00000ad8                Bootloader_Start
 .text.UART_ScbModePostEnable
                0x00000b40        0x8 .\CortexM0\ARM_GCC_541\Debug\Bootloader.a(UART.o)
 .text.UART_ScbModeStop
                0x00000b48        0x8 .\CortexM0\ARM_GCC_541\Debug\Bootloader.a(UART.o)
 .text.UART_Init
                0x00000b50        0x8 .\CortexM0\ARM_GCC_541\Debug\Bootloader.a(UART.o)
                0x00000b50                UART_Init
 .text.UART_Enable
                0x00000b58       0x18 .\CortexM0\ARM_GCC_541\Debug\Bootloader.a(UART.o)
                0x00000b58                UART_Enable
 .text.UART_Start
                0x00000b70       0x20 .\CortexM0\ARM_GCC_541\Debug\Bootloader.a(UART.o)
                0x00000b70                UART_Start
 .text.UART_Stop
                0x00000b90       0x20 .\CortexM0\ARM_GCC_541\Debug\Bootloader.a(UART.o)
                0x00000b90                UART_Stop
 .text.UART_SpiUartReadRxData
                0x00000bb0        0xc .\CortexM0\ARM_GCC_541\Debug\Bootloader.a(UART_SPI_UART.o)
                0x00000bb0                UART_SpiUartReadRxData
 .text.UART_SpiUartGetRxBufferSize
                0x00000bbc       0x10 .\CortexM0\ARM_GCC_541\Debug\Bootloader.a(UART_SPI_UART.o)
                0x00000bbc                UART_SpiUartGetRxBufferSize
 .text.UART_SpiUartWriteTxData
                0x00000bcc       0x1c .\CortexM0\ARM_GCC_541\Debug\Bootloader.a(UART_SPI_UART.o)
                0x00000bcc                UART_SpiUartWriteTxData
 .text.UART_UartInit
                0x00000be8       0x9c .\CortexM0\ARM_GCC_541\Debug\Bootloader.a(UART_UART.o)
                0x00000be8                UART_UartInit
 .text.UART_UartPostEnable
                0x00000c84       0x24 .\CortexM0\ARM_GCC_541\Debug\Bootloader.a(UART_UART.o)
                0x00000c84                UART_UartPostEnable
 .text.UART_UartStop
                0x00000ca8       0x28 .\CortexM0\ARM_GCC_541\Debug\Bootloader.a(UART_UART.o)
                0x00000ca8                UART_UartStop
 .text.UART_UartGetByte
                0x00000cd0       0x34 .\CortexM0\ARM_GCC_541\Debug\Bootloader.a(UART_UART.o)
                0x00000cd0                UART_UartGetByte
 .text.Button_Read
                0x00000d04       0x10 .\CortexM0\ARM_GCC_541\Debug\Bootloader.a(Button.o)
                0x00000d04                Button_Read
 .text.CySysFlashClockBackup
                0x00000d14       0x14 .\CortexM0\ARM_GCC_541\Debug\Bootloader.a(CyFlash.o)
 .text.CySysFlashClockRestore
                0x00000d28       0x14 .\CortexM0\ARM_GCC_541\Debug\Bootloader.a(CyFlash.o)
 .text.CySysFlashWriteRow
                0x00000d3c      0x224 .\CortexM0\ARM_GCC_541\Debug\Bootloader.a(CyFlash.o)
                0x00000d3c                CySysFlashWriteRow
 .text.CyHalt   0x00000f60        0x4 .\CortexM0\ARM_GCC_541\Debug\Bootloader.a(CyLib.o)
                0x00000f60                CyHalt
 .text.CySoftwareReset
                0x00000f64       0x18 .\CortexM0\ARM_GCC_541\Debug\Bootloader.a(CyLib.o)
                0x00000f64                CySoftwareReset
 .text.CyDelay  0x00000f7c       0x30 .\CortexM0\ARM_GCC_541\Debug\Bootloader.a(CyLib.o)
                0x00000f7c                CyDelay
 .text.CyDelayUs
                0x00000fac       0x14 .\CortexM0\ARM_GCC_541\Debug\Bootloader.a(CyLib.o)
                0x00000fac                CyDelayUs
 .text.CySysClkWriteImoFreq
                0x00000fc0      0x164 .\CortexM0\ARM_GCC_541\Debug\Bootloader.a(CyLib.o)
                0x00000fc0                CySysClkWriteImoFreq
 *fill*         0x00001124        0x4 
 .text          0x00001128       0x24 .\CortexM0\ARM_GCC_541\Debug\Bootloader.a(CyBootAsmGnu.o)
                0x00001128                CyDelayCycles
                0x0000113c                CyEnterCriticalSection
                0x00001144                CyExitCriticalSection
 .text.__errno  0x0000114c        0xc c:/program files (x86)/cypress/psoc creator/4.2/psoc creator/import/gnu/arm/5.4.1/bin/../lib/gcc/arm-none-eabi/5.4.1/../../../../arm-none-eabi/lib/armv6-m\libg_nano.a(lib_a-errno.o)
                0x0000114c                __errno
 .text.__libc_init_array
                0x00001158       0x4c c:/program files (x86)/cypress/psoc creator/4.2/psoc creator/import/gnu/arm/5.4.1/bin/../lib/gcc/arm-none-eabi/5.4.1/../../../../arm-none-eabi/lib/armv6-m\libg_nano.a(lib_a-init.o)
                0x00001158                __libc_init_array
 .text.memcpy   0x000011a4       0x12 c:/program files (x86)/cypress/psoc creator/4.2/psoc creator/import/gnu/arm/5.4.1/bin/../lib/gcc/arm-none-eabi/5.4.1/../../../../arm-none-eabi/lib/armv6-m\libg_nano.a(lib_a-memcpy-stub.o)
                0x000011a4                memcpy
 .text.memset   0x000011b6       0x10 c:/program files (x86)/cypress/psoc creator/4.2/psoc creator/import/gnu/arm/5.4.1/bin/../lib/gcc/arm-none-eabi/5.4.1/../../../../arm-none-eabi/lib/armv6-m\libg_nano.a(lib_a-memset.o)
                0x000011b6                memset
 *(.plt)
 *(.gnu.warning)
 *(.glue_7t)
 .glue_7t       0x000011c6        0x0 linker stubs
 *(.glue_7)
 .glue_7        0x000011c6        0x0 linker stubs
 *(.vfp11_veneer)
 .vfp11_veneer  0x000011c6        0x0 linker stubs
 *(.bootloader)
 *fill*         0x000011c6        0x2 
 .bootloader    0x000011c8        0x5 .\CortexM0\ARM_GCC_541\Debug\Bootloader.a(Bootloader.o)
                0x000011c8                Bootloader_SizeBytes
                0x000011cc                Bootloader_Checksum
 *(.ARM.extab* .gnu.linkonce.armextab.*)
 *(.gcc_except_table)

.v4_bx          0x000011d0        0x0
 .v4_bx         0x000011d0        0x0 linker stubs

.iplt           0x000011d0        0x0
 .iplt          0x000011d0        0x0 c:/program files (x86)/cypress/psoc creator/4.2/psoc creator/import/gnu/arm/5.4.1/bin/../lib/gcc/arm-none-eabi/5.4.1/armv6-m/crtbegin.o

.eh_frame_hdr
 *(.eh_frame_hdr)

.eh_frame       0x000011d0        0x4
 *(.eh_frame)
 .eh_frame      0x000011d0        0x0 c:/program files (x86)/cypress/psoc creator/4.2/psoc creator/import/gnu/arm/5.4.1/bin/../lib/gcc/arm-none-eabi/5.4.1/armv6-m/crtbegin.o
 .eh_frame      0x000011d0        0x4 c:/program files (x86)/cypress/psoc creator/4.2/psoc creator/import/gnu/arm/5.4.1/bin/../lib/gcc/arm-none-eabi/5.4.1/armv6-m/crtend.o
                [!provide]                PROVIDE (__exidx_start, .)

.ARM.exidx
 *(.ARM.exidx* .gnu.linkonce.armexidx.*)
                0x000011d4                __exidx_end = .

.rodata         0x000011d4      0x104
 *(.rodata .rodata.* .gnu.linkonce.r.*)
 .rodata        0x000011d4        0xc .\CortexM0\ARM_GCC_541\Debug\cyfitter_cfg.o
 .rodata        0x000011e0       0x90 .\CortexM0\ARM_GCC_541\Debug\Bootloader.a(Bootloader.o)
 .rodata        0x00001270       0x2e .\CortexM0\ARM_GCC_541\Debug\Bootloader.a(CyLib.o)
                0x00001270                cyImoFreqMhz2Reg
 .rodata.str1.1
                0x0000129e        0x2 c:/program files (x86)/cypress/psoc creator/4.2/psoc creator/import/gnu/arm/5.4.1/bin/../lib/gcc/arm-none-eabi/5.4.1/../../../../arm-none-eabi/lib/armv6-m\libg_nano.a(lib_a-impure.o)
                0x000012a0                . = ALIGN (0x4)
 *(.init)
 .init          0x000012a0        0x4 c:/program files (x86)/cypress/psoc creator/4.2/psoc creator/import/gnu/arm/5.4.1/bin/../lib/gcc/arm-none-eabi/5.4.1/armv6-m/crti.o
                0x000012a0                _init
 .init          0x000012a4        0x8 c:/program files (x86)/cypress/psoc creator/4.2/psoc creator/import/gnu/arm/5.4.1/bin/../lib/gcc/arm-none-eabi/5.4.1/armv6-m/crtn.o
                0x000012ac                . = ALIGN (0x4)
                0x000012ac                __preinit_array_start = .
 *(.preinit_array)
                0x000012ac                __preinit_array_end = .
                0x000012ac                . = ALIGN (0x4)
                0x000012ac                __init_array_start = .
 *(SORT(.init_array.*))
 *(.init_array)
 .init_array    0x000012ac        0x4 c:/program files (x86)/cypress/psoc creator/4.2/psoc creator/import/gnu/arm/5.4.1/bin/../lib/gcc/arm-none-eabi/5.4.1/armv6-m/crtbegin.o
 .init_array    0x000012b0        0x4 .\CortexM0\ARM_GCC_541\Debug\Cm0Start.o
                0x000012b4                __init_array_end = .
                0x000012b4                . = ALIGN (0x4)
 *(.fini)
 .fini          0x000012b4        0x4 c:/program files (x86)/cypress/psoc creator/4.2/psoc creator/import/gnu/arm/5.4.1/bin/../lib/gcc/arm-none-eabi/5.4.1/armv6-m/crti.o
                0x000012b4                _fini
 .fini          0x000012b8        0x8 c:/program files (x86)/cypress/psoc creator/4.2/psoc creator/import/gnu/arm/5.4.1/bin/../lib/gcc/arm-none-eabi/5.4.1/armv6-m/crtn.o
                0x000012c0                . = ALIGN (0x4)
                0x000012c0                __fini_array_start = .
 *(.fini_array)
 .fini_array    0x000012c0        0x4 c:/program files (x86)/cypress/psoc creator/4.2/psoc creator/import/gnu/arm/5.4.1/bin/../lib/gcc/arm-none-eabi/5.4.1/armv6-m/crtbegin.o
 *(SORT(.fini_array.*))
                0x000012c4                __fini_array_end = .
                0x000012c4                . = ALIGN (0x4)
 *crtbegin.o(.ctors)
 *(EXCLUDE_FILE(*crtend.o) .ctors)
 *(SORT(.ctors.*))
 *crtend.o(.ctors)
                0x000012c4                . = ALIGN (0x4)
 *crtbegin.o(.dtors)
 *(EXCLUDE_FILE(*crtend.o) .dtors)
 *(SORT(.dtors.*))
 *crtend.o(.dtors)
                0x000012c4                . = ALIGN (0x4)
                0x000012c4                __cy_regions = .
                0x000012c4        0x4 LONG 0x12d8 __cy_region_init_ram
                0x000012c8        0x4 LONG 0x200000c8 __cy_region_start_data
                0x000012cc        0x4 LONG 0x88 __cy_region_init_size_ram
                0x000012d0        0x4 LONG 0x28 __cy_region_zero_size_ram
                0x000012d4                __cy_regions_end = .
                0x000012d8                . = ALIGN (0x8)
 *fill*         0x000012d4        0x4 
                0x000012d8                _etext = .

.cy_checksum_exclude
                0x000012d8        0x0
 *(.cy_checksum_exclude)

.ramvectors     0x20000000       0xc0
                0x20000000                __cy_region_start_ram = .
 *(.ramvectors)
 .ramvectors    0x20000000       0xc0 .\CortexM0\ARM_GCC_541\Debug\Cm0Start.o
                0x20000000                CyRamVectors

.btldr_run      0x200000c0        0x4
 *(.bootloaderruntype)
 .bootloaderruntype
                0x200000c0        0x4 .\CortexM0\ARM_GCC_541\Debug\Cm0Start.o
                0x200000c0                cyBtldrRunType

.noinit
 *(.noinit)

.data           0x200000c8       0x88 load address 0x000012d8
                0x200000c8                __cy_region_start_data = .
 *(.jcr)
 .jcr           0x200000c8        0x0 c:/program files (x86)/cypress/psoc creator/4.2/psoc creator/import/gnu/arm/5.4.1/bin/../lib/gcc/arm-none-eabi/5.4.1/armv6-m/crtbegin.o
 .jcr           0x200000c8        0x4 c:/program files (x86)/cypress/psoc creator/4.2/psoc creator/import/gnu/arm/5.4.1/bin/../lib/gcc/arm-none-eabi/5.4.1/armv6-m/crtend.o
 *(.got.plt)
 *(.got)
 *(.shdata)
 *(.data .data.* .gnu.linkonce.d.*)
 .data          0x200000cc        0x8 .\CortexM0\ARM_GCC_541\Debug\Bootloader.a(Bootloader.o)
                0x200000cc                Bootloader_SizeBytesAccess
                0x200000d0                Bootloader_ChecksumAccess
 .data          0x200000d4       0x14 .\CortexM0\ARM_GCC_541\Debug\Bootloader.a(CyLib.o)
                0x200000d4                CySysClkPumpConfig
                0x200000d8                cydelay32kMs
                0x200000dc                cydelayFreqKhz
                0x200000e0                cydelayFreqMhz
                0x200000e4                cydelayFreqHz
 .data.impure_data
                0x200000e8       0x60 c:/program files (x86)/cypress/psoc creator/4.2/psoc creator/import/gnu/arm/5.4.1/bin/../lib/gcc/arm-none-eabi/5.4.1/../../../../arm-none-eabi/lib/armv6-m\libg_nano.a(lib_a-impure.o)
 .data._impure_ptr
                0x20000148        0x4 c:/program files (x86)/cypress/psoc creator/4.2/psoc creator/import/gnu/arm/5.4.1/bin/../lib/gcc/arm-none-eabi/5.4.1/../../../../arm-none-eabi/lib/armv6-m\libg_nano.a(lib_a-impure.o)
                0x20000148                _impure_ptr
                0x20000150                . = ALIGN (0x8)
 *fill*         0x2000014c        0x4 
 *(.ram)
                0x20000150                _edata = .

.igot.plt       0x20000150        0x0 load address 0x00001360
 .igot.plt      0x20000150        0x0 c:/program files (x86)/cypress/psoc creator/4.2/psoc creator/import/gnu/arm/5.4.1/bin/../lib/gcc/arm-none-eabi/5.4.1/armv6-m/crtbegin.o

.bss            0x20000150       0x28 load address 0x00001360
                0x20000150                PROVIDE (__bss_start__, .)
 *(.shbss)
 *(.bss .bss.* .gnu.linkonce.b.*)
 .bss           0x20000150       0x1c c:/program files (x86)/cypress/psoc creator/4.2/psoc creator/import/gnu/arm/5.4.1/bin/../lib/gcc/arm-none-eabi/5.4.1/armv6-m/crtbegin.o
 .bss           0x2000016c        0x4 .\CortexM0\ARM_GCC_541\Debug\Bootloader.a(Bootloader.o)
 .bss           0x20000170        0x4 .\CortexM0\ARM_GCC_541\Debug\Bootloader.a(UART.o)
                0x20000170                UART_initVar
                0x20000172                UART_IntrTxMask
 .bss           0x20000174        0x4 .\CortexM0\ARM_GCC_541\Debug\Bootloader.a(CyFlash.o)
 *(COMMON)
                0x20000178                . = ALIGN (0x8)
 *(.ram.b)
                0x20000178                _end = .
                0x20000178                __end = .
                0x20000178                PROVIDE (end, .)
                0x20000178                PROVIDE (__bss_end__, .)
                0x000012d8                __cy_region_init_ram = LOADADDR (.data)
                0x00000088                __cy_region_init_size_ram = (_edata - ADDR (.data))
                0x00000028                __cy_region_zero_size_ram = (_end - _edata)

.heap           0x20000178      0x100 load address 0x00001360
                0x20000178                . = _end
                0x20000278                . = (. + 0x100)
 *fill*         0x20000178      0x100 
                0x20000278                __cy_heap_limit = .

.stack          0x20000c00      0x400
                0x20000c00                __cy_stack_limit = .
                0x20001000                . = (. + 0x400)
 *fill*         0x20000c00      0x400 
                0x00000001                ASSERT ((__cy_stack_limit >= __cy_heap_limit), region RAM overflowed with stack)
                0x00000000                cy_checksum_exclude_size = (CY_APPL_LOADABLE == 0x1)?SIZEOF (.cy_checksum_exclude):0x0
                0x00000001                ASSERT ((cy_checksum_exclude_size <= CY_CHECKSUM_EXCLUDE_SIZE), CY_BOOT: Section .cy_checksum_exclude size exceedes specified limit.)
                0x00007fc0                cyloadermeta_start = (cy_project_type_bootloader || cy_project_type_app_for_stack_and_copier)?(LENGTH (rom) - CY_METADATA_SIZE):0xf0000000

.cyloadermeta   0x00007fc0       0x40
 *(.cyloadermeta)
 .cyloadermeta  0x00007fc0       0x40 .\CortexM0\ARM_GCC_541\Debug\cymetadata.o
                0x00007fc0                cy_meta_loader
                0x00007fc0                cyloadablemeta_start = cy_project_type_app_for_stack_and_copier?((LENGTH (rom) - CY_FLASH_ROW_SIZE) - CY_METADATA_SIZE):((LENGTH (rom) - (CY_FLASH_ROW_SIZE * (CY_APPL_NUM - 0x1))) - CY_METADATA_SIZE)

.cyloadablemeta
 *(.cyloadablemeta)

.cyflashprotect
                0x90400000       0x20
 *(.cyflashprotect)
 .cyflashprotect
                0x90400000       0x20 .\CortexM0\ARM_GCC_541\Debug\cymetadata.o
                0x90400000                cy_meta_flashprotect

.cymeta         0x90500000        0xc
 *(.cymeta)
 .cymeta        0x90500000        0xc .\CortexM0\ARM_GCC_541\Debug\cymetadata.o
                0x90500000                cy_metadata

.cychipprotect  0x90600000        0x1
 *(.cychipprotect)
 .cychipprotect
                0x90600000        0x1 .\CortexM0\ARM_GCC_541\Debug\cymetadata.o
                0x90600000                cy_meta_chipprotect

.rel.dyn        0x00001360        0x0 load address 0x90600004
 .rel.iplt      0x00001360        0x0 c:/program files (x86)/cypress/psoc creator/4.2/psoc creator/import/gnu/arm/5.4.1/bin/../lib/gcc/arm-none-eabi/5.4.1/armv6-m/crtbegin.o

.stab
 *(.stab)

.stabstr
 *(.stabstr)

.debug
 *(.debug)

.line
 *(.line)

.debug_srcinfo
 *(.debug_srcinfo)

.debug_sfnames
 *(.debug_sfnames)

.debug_aranges  0x00000000      0x4a8
 *(.debug_aranges)
 .debug_aranges
                0x00000000       0x48 .\CortexM0\ARM_GCC_541\Debug\main.o
 .debug_aranges
                0x00000048       0x30 .\CortexM0\ARM_GCC_541\Debug\cyfitter_cfg.o
 .debug_aranges
                0x00000078       0x18 .\CortexM0\ARM_GCC_541\Debug\cymetadata.o
 .debug_aranges
                0x00000090       0x48 .\CortexM0\ARM_GCC_541\Debug\Cm0Start.o
 .debug_aranges
                0x000000d8       0x88 .\CortexM0\ARM_GCC_541\Debug\Bootloader.a(Bootloader.o)
 .debug_aranges
                0x00000160       0x60 .\CortexM0\ARM_GCC_541\Debug\Bootloader.a(UART.o)
 .debug_aranges
                0x000001c0       0x60 .\CortexM0\ARM_GCC_541\Debug\Bootloader.a(UART_SPI_UART.o)
 .debug_aranges
                0x00000220       0x68 .\CortexM0\ARM_GCC_541\Debug\Bootloader.a(UART_UART.o)
 .debug_aranges
                0x00000288       0x48 .\CortexM0\ARM_GCC_541\Debug\Bootloader.a(Button.o)
 .debug_aranges
                0x000002d0       0x38 .\CortexM0\ARM_GCC_541\Debug\Bootloader.a(CyFlash.o)
 .debug_aranges
                0x00000308      0x180 .\CortexM0\ARM_GCC_541\Debug\Bootloader.a(CyLib.o)
 .debug_aranges
                0x00000488       0x20 .\CortexM0\ARM_GCC_541\Debug\Bootloader.a(CyBootAsmGnu.o)

.debug_pubnames
 *(.debug_pubnames)

.debug_info     0x00000000     0x2e66
 *(.debug_info .gnu.linkonce.wi.*)
 .debug_info    0x00000000      0x2f4 .\CortexM0\ARM_GCC_541\Debug\main.o
 .debug_info    0x000002f4      0x235 .\CortexM0\ARM_GCC_541\Debug\cyfitter_cfg.o
 .debug_info    0x00000529      0x11e .\CortexM0\ARM_GCC_541\Debug\cymetadata.o
 .debug_info    0x00000647      0x3c0 .\CortexM0\ARM_GCC_541\Debug\Cm0Start.o
 .debug_info    0x00000a07      0xcb7 .\CortexM0\ARM_GCC_541\Debug\Bootloader.a(Bootloader.o)
 .debug_info    0x000016be      0x245 .\CortexM0\ARM_GCC_541\Debug\Bootloader.a(UART.o)
 .debug_info    0x00001903      0x219 .\CortexM0\ARM_GCC_541\Debug\Bootloader.a(UART_SPI_UART.o)
 .debug_info    0x00001b1c      0x309 .\CortexM0\ARM_GCC_541\Debug\Bootloader.a(UART_UART.o)
 .debug_info    0x00001e25      0x19d .\CortexM0\ARM_GCC_541\Debug\Bootloader.a(Button.o)
 .debug_info    0x00001fc2      0x336 .\CortexM0\ARM_GCC_541\Debug\Bootloader.a(CyFlash.o)
 .debug_info    0x000022f8      0xae5 .\CortexM0\ARM_GCC_541\Debug\Bootloader.a(CyLib.o)
 .debug_info    0x00002ddd       0x89 .\CortexM0\ARM_GCC_541\Debug\Bootloader.a(CyBootAsmGnu.o)

.debug_abbrev   0x00000000      0xe63
 *(.debug_abbrev)
 .debug_abbrev  0x00000000      0x117 .\CortexM0\ARM_GCC_541\Debug\main.o
 .debug_abbrev  0x00000117      0x143 .\CortexM0\ARM_GCC_541\Debug\cyfitter_cfg.o
 .debug_abbrev  0x0000025a       0x5d .\CortexM0\ARM_GCC_541\Debug\cymetadata.o
 .debug_abbrev  0x000002b7      0x1e8 .\CortexM0\ARM_GCC_541\Debug\Cm0Start.o
 .debug_abbrev  0x0000049f      0x20d .\CortexM0\ARM_GCC_541\Debug\Bootloader.a(Bootloader.o)
 .debug_abbrev  0x000006ac       0xed .\CortexM0\ARM_GCC_541\Debug\Bootloader.a(UART.o)
 .debug_abbrev  0x00000799      0x14f .\CortexM0\ARM_GCC_541\Debug\Bootloader.a(UART_SPI_UART.o)
 .debug_abbrev  0x000008e8      0x123 .\CortexM0\ARM_GCC_541\Debug\Bootloader.a(UART_UART.o)
 .debug_abbrev  0x00000a0b       0xc8 .\CortexM0\ARM_GCC_541\Debug\Bootloader.a(Button.o)
 .debug_abbrev  0x00000ad3      0x19c .\CortexM0\ARM_GCC_541\Debug\Bootloader.a(CyFlash.o)
 .debug_abbrev  0x00000c6f      0x1e0 .\CortexM0\ARM_GCC_541\Debug\Bootloader.a(CyLib.o)
 .debug_abbrev  0x00000e4f       0x14 .\CortexM0\ARM_GCC_541\Debug\Bootloader.a(CyBootAsmGnu.o)

.debug_line     0x00000000     0x156a
 *(.debug_line)
 .debug_line    0x00000000      0x11e .\CortexM0\ARM_GCC_541\Debug\main.o
 .debug_line    0x0000011e      0x132 .\CortexM0\ARM_GCC_541\Debug\cyfitter_cfg.o
 .debug_line    0x00000250      0x141 .\CortexM0\ARM_GCC_541\Debug\cymetadata.o
 .debug_line    0x00000391      0x238 .\CortexM0\ARM_GCC_541\Debug\Cm0Start.o
 .debug_line    0x000005c9      0x4e0 .\CortexM0\ARM_GCC_541\Debug\Bootloader.a(Bootloader.o)
 .debug_line    0x00000aa9      0x127 .\CortexM0\ARM_GCC_541\Debug\Bootloader.a(UART.o)
 .debug_line    0x00000bd0      0x11a .\CortexM0\ARM_GCC_541\Debug\Bootloader.a(UART_SPI_UART.o)
 .debug_line    0x00000cea      0x16d .\CortexM0\ARM_GCC_541\Debug\Bootloader.a(UART_UART.o)
 .debug_line    0x00000e57       0xbe .\CortexM0\ARM_GCC_541\Debug\Bootloader.a(Button.o)
 .debug_line    0x00000f15      0x18c .\CortexM0\ARM_GCC_541\Debug\Bootloader.a(CyFlash.o)
 .debug_line    0x000010a1      0x460 .\CortexM0\ARM_GCC_541\Debug\Bootloader.a(CyLib.o)
 .debug_line    0x00001501       0x69 .\CortexM0\ARM_GCC_541\Debug\Bootloader.a(CyBootAsmGnu.o)

.debug_frame    0x00000000      0xbdc
 *(.debug_frame)
 .debug_frame   0x00000000       0xc8 .\CortexM0\ARM_GCC_541\Debug\main.o
 .debug_frame   0x000000c8       0x64 .\CortexM0\ARM_GCC_541\Debug\cyfitter_cfg.o
 .debug_frame   0x0000012c       0xbc .\CortexM0\ARM_GCC_541\Debug\Cm0Start.o
 .debug_frame   0x000001e8      0x1c4 .\CortexM0\ARM_GCC_541\Debug\Bootloader.a(Bootloader.o)
 .debug_frame   0x000003ac       0xe8 .\CortexM0\ARM_GCC_541\Debug\Bootloader.a(UART.o)
 .debug_frame   0x00000494       0xb0 .\CortexM0\ARM_GCC_541\Debug\Bootloader.a(UART_SPI_UART.o)
 .debug_frame   0x00000544       0xf4 .\CortexM0\ARM_GCC_541\Debug\Bootloader.a(UART_UART.o)
 .debug_frame   0x00000638       0x70 .\CortexM0\ARM_GCC_541\Debug\Bootloader.a(Button.o)
 .debug_frame   0x000006a8       0x78 .\CortexM0\ARM_GCC_541\Debug\Bootloader.a(CyFlash.o)
 .debug_frame   0x00000720      0x3e0 .\CortexM0\ARM_GCC_541\Debug\Bootloader.a(CyLib.o)
 .debug_frame   0x00000b00       0x20 c:/program files (x86)/cypress/psoc creator/4.2/psoc creator/import/gnu/arm/5.4.1/bin/../lib/gcc/arm-none-eabi/5.4.1/armv6-m\libgcc.a(_udivsi3.o)
 .debug_frame   0x00000b20       0x20 c:/program files (x86)/cypress/psoc creator/4.2/psoc creator/import/gnu/arm/5.4.1/bin/../lib/gcc/arm-none-eabi/5.4.1/../../../../arm-none-eabi/lib/armv6-m\libg_nano.a(lib_a-errno.o)
 .debug_frame   0x00000b40       0x28 c:/program files (x86)/cypress/psoc creator/4.2/psoc creator/import/gnu/arm/5.4.1/bin/../lib/gcc/arm-none-eabi/5.4.1/../../../../arm-none-eabi/lib/armv6-m\libg_nano.a(lib_a-exit.o)
 .debug_frame   0x00000b68       0x2c c:/program files (x86)/cypress/psoc creator/4.2/psoc creator/import/gnu/arm/5.4.1/bin/../lib/gcc/arm-none-eabi/5.4.1/../../../../arm-none-eabi/lib/armv6-m\libg_nano.a(lib_a-init.o)
 .debug_frame   0x00000b94       0x28 c:/program files (x86)/cypress/psoc creator/4.2/psoc creator/import/gnu/arm/5.4.1/bin/../lib/gcc/arm-none-eabi/5.4.1/../../../../arm-none-eabi/lib/armv6-m\libg_nano.a(lib_a-memcpy-stub.o)
 .debug_frame   0x00000bbc       0x20 c:/program files (x86)/cypress/psoc creator/4.2/psoc creator/import/gnu/arm/5.4.1/bin/../lib/gcc/arm-none-eabi/5.4.1/../../../../arm-none-eabi/lib/armv6-m\libg_nano.a(lib_a-memset.o)

.debug_str      0x00000000     0x12b4
 *(.debug_str)
 .debug_str     0x00000000      0x2a1 .\CortexM0\ARM_GCC_541\Debug\main.o
                                0x2e6 (size before relaxing)
 .debug_str     0x000002a1       0x93 .\CortexM0\ARM_GCC_541\Debug\cyfitter_cfg.o
                                0x227 (size before relaxing)
 .debug_str     0x00000334       0x72 .\CortexM0\ARM_GCC_541\Debug\cymetadata.o
                                0x1db (size before relaxing)
 .debug_str     0x000003a6      0x14e .\CortexM0\ARM_GCC_541\Debug\Cm0Start.o
                                0x31c (size before relaxing)
 .debug_str     0x000004f4      0x45e .\CortexM0\ARM_GCC_541\Debug\Bootloader.a(Bootloader.o)
                                0x6a0 (size before relaxing)
 .debug_str     0x00000952      0x109 .\CortexM0\ARM_GCC_541\Debug\Bootloader.a(UART.o)
                                0x2ab (size before relaxing)
 .debug_str     0x00000a5b       0xcd .\CortexM0\ARM_GCC_541\Debug\Bootloader.a(UART_SPI_UART.o)
                                0x2c6 (size before relaxing)
 .debug_str     0x00000b28      0x102 .\CortexM0\ARM_GCC_541\Debug\Bootloader.a(UART_UART.o)
                                0x334 (size before relaxing)
 .debug_str     0x00000c2a       0xb1 .\CortexM0\ARM_GCC_541\Debug\Bootloader.a(Button.o)
                                0x241 (size before relaxing)
 .debug_str     0x00000cdb      0x157 .\CortexM0\ARM_GCC_541\Debug\Bootloader.a(CyFlash.o)
                                0x326 (size before relaxing)
 .debug_str     0x00000e32      0x482 .\CortexM0\ARM_GCC_541\Debug\Bootloader.a(CyLib.o)
                                0x6ae (size before relaxing)

.debug_loc      0x00000000     0x1eab
 *(.debug_loc)
 .debug_loc     0x00000000      0x1ac .\CortexM0\ARM_GCC_541\Debug\main.o
 .debug_loc     0x000001ac       0xa9 .\CortexM0\ARM_GCC_541\Debug\cyfitter_cfg.o
 .debug_loc     0x00000255      0x14f .\CortexM0\ARM_GCC_541\Debug\Cm0Start.o
 .debug_loc     0x000003a4      0xfb5 .\CortexM0\ARM_GCC_541\Debug\Bootloader.a(Bootloader.o)
 .debug_loc     0x00001359       0x7e .\CortexM0\ARM_GCC_541\Debug\Bootloader.a(UART.o)
 .debug_loc     0x000013d7       0x96 .\CortexM0\ARM_GCC_541\Debug\Bootloader.a(UART_SPI_UART.o)
 .debug_loc     0x0000146d      0x1e4 .\CortexM0\ARM_GCC_541\Debug\Bootloader.a(UART_UART.o)
 .debug_loc     0x00001651       0xa2 .\CortexM0\ARM_GCC_541\Debug\Bootloader.a(Button.o)
 .debug_loc     0x000016f3      0x21f .\CortexM0\ARM_GCC_541\Debug\Bootloader.a(CyFlash.o)
 .debug_loc     0x00001912      0x599 .\CortexM0\ARM_GCC_541\Debug\Bootloader.a(CyLib.o)

.debug_macinfo
 *(.debug_macinfo)

.debug_ranges   0x00000000      0x560
 *(.debug_ranges)
 .debug_ranges  0x00000000       0x38 .\CortexM0\ARM_GCC_541\Debug\main.o
 .debug_ranges  0x00000038       0x20 .\CortexM0\ARM_GCC_541\Debug\cyfitter_cfg.o
 .debug_ranges  0x00000058       0x38 .\CortexM0\ARM_GCC_541\Debug\Cm0Start.o
 .debug_ranges  0x00000090      0x208 .\CortexM0\ARM_GCC_541\Debug\Bootloader.a(Bootloader.o)
 .debug_ranges  0x00000298       0x50 .\CortexM0\ARM_GCC_541\Debug\Bootloader.a(UART.o)
 .debug_ranges  0x000002e8       0x50 .\CortexM0\ARM_GCC_541\Debug\Bootloader.a(UART_SPI_UART.o)
 .debug_ranges  0x00000338       0x58 .\CortexM0\ARM_GCC_541\Debug\Bootloader.a(UART_UART.o)
 .debug_ranges  0x00000390       0x38 .\CortexM0\ARM_GCC_541\Debug\Bootloader.a(Button.o)
 .debug_ranges  0x000003c8       0x28 .\CortexM0\ARM_GCC_541\Debug\Bootloader.a(CyFlash.o)
 .debug_ranges  0x000003f0      0x170 .\CortexM0\ARM_GCC_541\Debug\Bootloader.a(CyLib.o)

.comment        0x00000000       0x6e
 .comment       0x00000000       0x6e .\CortexM0\ARM_GCC_541\Debug\main.o
                                 0x6f (size before relaxing)
 .comment       0x0000006e       0x6f .\CortexM0\ARM_GCC_541\Debug\cyfitter_cfg.o
 .comment       0x0000006e       0x6f .\CortexM0\ARM_GCC_541\Debug\cymetadata.o
 .comment       0x0000006e       0x6f .\CortexM0\ARM_GCC_541\Debug\Cm0Start.o
 .comment       0x0000006e       0x6f .\CortexM0\ARM_GCC_541\Debug\Bootloader.a(Bootloader.o)
 .comment       0x0000006e       0x6f .\CortexM0\ARM_GCC_541\Debug\Bootloader.a(UART.o)
 .comment       0x0000006e       0x6f .\CortexM0\ARM_GCC_541\Debug\Bootloader.a(UART_SPI_UART.o)
 .comment       0x0000006e       0x6f .\CortexM0\ARM_GCC_541\Debug\Bootloader.a(UART_UART.o)
 .comment       0x0000006e       0x6f .\CortexM0\ARM_GCC_541\Debug\Bootloader.a(Button.o)
 .comment       0x0000006e       0x6f .\CortexM0\ARM_GCC_541\Debug\Bootloader.a(CyFlash.o)
 .comment       0x0000006e       0x6f .\CortexM0\ARM_GCC_541\Debug\Bootloader.a(CyLib.o)

.debug_weaknames
 *(.debug_weaknames)

.debug_funcnames
 *(.debug_funcnames)

.debug_typenames
 *(.debug_typenames)

.debug_varnames
 *(.debug_varnames)

.note.gnu.arm.ident
 *(.note.gnu.arm.ident)

.ARM.attributes
                0x00000000       0x28
 *(.ARM.attributes)
 .ARM.attributes
                0x00000000       0x1e c:/program files (x86)/cypress/psoc creator/4.2/psoc creator/import/gnu/arm/5.4.1/bin/../lib/gcc/arm-none-eabi/5.4.1/armv6-m/crti.o
 .ARM.attributes
                0x0000001e       0x2c c:/program files (x86)/cypress/psoc creator/4.2/psoc creator/import/gnu/arm/5.4.1/bin/../lib/gcc/arm-none-eabi/5.4.1/armv6-m/crtbegin.o
 .ARM.attributes
                0x0000004a       0x1b c:/program files (x86)/cypress/psoc creator/4.2/psoc creator/import/gnu/arm/5.4.1/bin/../lib/gcc/arm-none-eabi/5.4.1/../../../../arm-none-eabi/lib/armv6-m/crt0.o
 .ARM.attributes
                0x00000065       0x31 .\CortexM0\ARM_GCC_541\Debug\main.o
 .ARM.attributes
                0x00000096       0x31 .\CortexM0\ARM_GCC_541\Debug\cyfitter_cfg.o
 .ARM.attributes
                0x000000c7       0x31 .\CortexM0\ARM_GCC_541\Debug\cymetadata.o
 .ARM.attributes
                0x000000f8       0x31 .\CortexM0\ARM_GCC_541\Debug\Cm0Start.o
 .ARM.attributes
                0x00000129       0x31 .\CortexM0\ARM_GCC_541\Debug\Bootloader.a(Bootloader.o)
 .ARM.attributes
                0x0000015a       0x31 .\CortexM0\ARM_GCC_541\Debug\Bootloader.a(UART.o)
 .ARM.attributes
                0x0000018b       0x31 .\CortexM0\ARM_GCC_541\Debug\Bootloader.a(UART_SPI_UART.o)
 .ARM.attributes
                0x000001bc       0x31 .\CortexM0\ARM_GCC_541\Debug\Bootloader.a(UART_UART.o)
 .ARM.attributes
                0x000001ed       0x31 .\CortexM0\ARM_GCC_541\Debug\Bootloader.a(Button.o)
 .ARM.attributes
                0x0000021e       0x31 .\CortexM0\ARM_GCC_541\Debug\Bootloader.a(CyFlash.o)
 .ARM.attributes
                0x0000024f       0x31 .\CortexM0\ARM_GCC_541\Debug\Bootloader.a(CyLib.o)
 .ARM.attributes
                0x00000280       0x21 .\CortexM0\ARM_GCC_541\Debug\Bootloader.a(CyBootAsmGnu.o)
 .ARM.attributes
                0x000002a1       0x1e c:/program files (x86)/cypress/psoc creator/4.2/psoc creator/import/gnu/arm/5.4.1/bin/../lib/gcc/arm-none-eabi/5.4.1/armv6-m\libgcc.a(_udivsi3.o)
 .ARM.attributes
                0x000002bf       0x1e c:/program files (x86)/cypress/psoc creator/4.2/psoc creator/import/gnu/arm/5.4.1/bin/../lib/gcc/arm-none-eabi/5.4.1/armv6-m\libgcc.a(_dvmd_tls.o)
 .ARM.attributes
                0x000002dd       0x2c c:/program files (x86)/cypress/psoc creator/4.2/psoc creator/import/gnu/arm/5.4.1/bin/../lib/gcc/arm-none-eabi/5.4.1/../../../../arm-none-eabi/lib/armv6-m\libg_nano.a(lib_a-errno.o)
 .ARM.attributes
                0x00000309       0x2c c:/program files (x86)/cypress/psoc creator/4.2/psoc creator/import/gnu/arm/5.4.1/bin/../lib/gcc/arm-none-eabi/5.4.1/../../../../arm-none-eabi/lib/armv6-m\libg_nano.a(lib_a-exit.o)
 .ARM.attributes
                0x00000335       0x2c c:/program files (x86)/cypress/psoc creator/4.2/psoc creator/import/gnu/arm/5.4.1/bin/../lib/gcc/arm-none-eabi/5.4.1/../../../../arm-none-eabi/lib/armv6-m\libg_nano.a(lib_a-impure.o)
 .ARM.attributes
                0x00000361       0x2c c:/program files (x86)/cypress/psoc creator/4.2/psoc creator/import/gnu/arm/5.4.1/bin/../lib/gcc/arm-none-eabi/5.4.1/../../../../arm-none-eabi/lib/armv6-m\libg_nano.a(lib_a-init.o)
 .ARM.attributes
                0x0000038d       0x2c c:/program files (x86)/cypress/psoc creator/4.2/psoc creator/import/gnu/arm/5.4.1/bin/../lib/gcc/arm-none-eabi/5.4.1/../../../../arm-none-eabi/lib/armv6-m\libg_nano.a(lib_a-memcpy-stub.o)
 .ARM.attributes
                0x000003b9       0x2c c:/program files (x86)/cypress/psoc creator/4.2/psoc creator/import/gnu/arm/5.4.1/bin/../lib/gcc/arm-none-eabi/5.4.1/../../../../arm-none-eabi/lib/armv6-m\libg_nano.a(lib_a-memset.o)
 .ARM.attributes
                0x000003e5       0x2c c:/program files (x86)/cypress/psoc creator/4.2/psoc creator/import/gnu/arm/5.4.1/bin/../lib/gcc/arm-none-eabi/5.4.1/armv6-m/crtend.o
 .ARM.attributes
                0x00000411       0x1e c:/program files (x86)/cypress/psoc creator/4.2/psoc creator/import/gnu/arm/5.4.1/bin/../lib/gcc/arm-none-eabi/5.4.1/armv6-m/crtn.o

/DISCARD/
 *(.note.GNU-stack)
OUTPUT(D:\1_work\my_project\ReloadPro\psoc42boot\Bootloader.cydsn\CortexM0\ARM_GCC_541\Debug\Bootloader.elf elf32-littlearm)
