ARM GAS  C:\Users\VIDEOH~1\AppData\Local\Temp\cc4Xs0hU.s 			page 1


   1              		.syntax unified
   2              		.cpu cortex-m0
   3              		.fpu softvfp
   4              		.eabi_attribute 20, 1
   5              		.eabi_attribute 21, 1
   6              		.eabi_attribute 23, 3
   7              		.eabi_attribute 24, 1
   8              		.eabi_attribute 25, 1
   9              		.eabi_attribute 26, 1
  10              		.eabi_attribute 30, 1
  11              		.eabi_attribute 34, 0
  12              		.eabi_attribute 18, 4
  13              		.thumb
  14              		.syntax unified
  15              		.file	"cyPm.c"
  16              		.text
  17              	.Ltext0:
  18              		.cfi_sections	.debug_frame
  19              		.section	.text.CySysPmSleep,"ax",%progbits
  20              		.align	2
  21              		.global	CySysPmSleep
  22              		.code	16
  23              		.thumb_func
  24              		.type	CySysPmSleep, %function
  25              	CySysPmSleep:
  26              	.LFB0:
  27              		.file 1 "Generated_Source\\PSoC4\\cyPm.c"
   1:Generated_Source\PSoC4/cyPm.c **** /***************************************************************************//**
   2:Generated_Source\PSoC4/cyPm.c **** * \file cyPm.c
   3:Generated_Source\PSoC4/cyPm.c **** * \version 5.80
   4:Generated_Source\PSoC4/cyPm.c **** *
   5:Generated_Source\PSoC4/cyPm.c **** * \brief Provides an API for the power management.
   6:Generated_Source\PSoC4/cyPm.c **** *
   7:Generated_Source\PSoC4/cyPm.c **** * \note Documentation of the API's in this file is located in the System
   8:Generated_Source\PSoC4/cyPm.c **** * Reference Guide provided with PSoC Creator.
   9:Generated_Source\PSoC4/cyPm.c **** *
  10:Generated_Source\PSoC4/cyPm.c **** ********************************************************************************
  11:Generated_Source\PSoC4/cyPm.c **** * \copyright
  12:Generated_Source\PSoC4/cyPm.c **** * Copyright 2011-2018, Cypress Semiconductor Corporation.  All rights reserved.
  13:Generated_Source\PSoC4/cyPm.c **** * You may use this file only in accordance with the license, terms, conditions,
  14:Generated_Source\PSoC4/cyPm.c **** * disclaimers, and limitations in the end user license agreement accompanying
  15:Generated_Source\PSoC4/cyPm.c **** * the software package with which this file was provided.
  16:Generated_Source\PSoC4/cyPm.c **** *******************************************************************************/
  17:Generated_Source\PSoC4/cyPm.c **** 
  18:Generated_Source\PSoC4/cyPm.c **** #include "cyPm.h"
  19:Generated_Source\PSoC4/cyPm.c **** #include "CyLib.h"
  20:Generated_Source\PSoC4/cyPm.c **** #include "CyFlash.h"
  21:Generated_Source\PSoC4/cyPm.c **** 
  22:Generated_Source\PSoC4/cyPm.c **** 
  23:Generated_Source\PSoC4/cyPm.c **** /*******************************************************************************
  24:Generated_Source\PSoC4/cyPm.c **** * Function Name: CySysPmSleep
  25:Generated_Source\PSoC4/cyPm.c **** ****************************************************************************//**
  26:Generated_Source\PSoC4/cyPm.c **** *
  27:Generated_Source\PSoC4/cyPm.c **** * Puts the part into the Sleep state. This is a CPU-centric power mode.
  28:Generated_Source\PSoC4/cyPm.c **** * It means that the CPU has indicated that it is in the sleep mode and
  29:Generated_Source\PSoC4/cyPm.c **** * its main clock can be removed. It is identical to Active from a peripheral
  30:Generated_Source\PSoC4/cyPm.c **** * point of view. Any enabled interrupts can cause wakeup from the Sleep mode.
ARM GAS  C:\Users\VIDEOH~1\AppData\Local\Temp\cc4Xs0hU.s 			page 2


  31:Generated_Source\PSoC4/cyPm.c **** *
  32:Generated_Source\PSoC4/cyPm.c **** *******************************************************************************/
  33:Generated_Source\PSoC4/cyPm.c **** void CySysPmSleep(void)
  34:Generated_Source\PSoC4/cyPm.c **** {
  28              		.loc 1 34 0
  29              		.cfi_startproc
  30              		@ args = 0, pretend = 0, frame = 0
  31              		@ frame_needed = 0, uses_anonymous_args = 0
  32 0000 10B5     		push	{r4, lr}
  33              		.cfi_def_cfa_offset 8
  34              		.cfi_offset 4, -8
  35              		.cfi_offset 14, -4
  35:Generated_Source\PSoC4/cyPm.c ****     uint8 interruptState;
  36:Generated_Source\PSoC4/cyPm.c **** 
  37:Generated_Source\PSoC4/cyPm.c ****     interruptState = CyEnterCriticalSection();
  36              		.loc 1 37 0
  37 0002 FFF7FEFF 		bl	CyEnterCriticalSection
  38              	.LVL0:
  38:Generated_Source\PSoC4/cyPm.c **** 
  39:Generated_Source\PSoC4/cyPm.c ****     /* CPU enters Sleep mode upon execution of WFI */
  40:Generated_Source\PSoC4/cyPm.c ****     CY_PM_CPU_SCR_REG &= (uint32) (~CY_PM_CPU_SCR_SLEEPDEEP);
  39              		.loc 1 40 0
  40 0006 044A     		ldr	r2, .L2
  41 0008 1368     		ldr	r3, [r2]
  42 000a 0421     		movs	r1, #4
  43 000c 8B43     		bics	r3, r1
  44 000e 1360     		str	r3, [r2]
  41:Generated_Source\PSoC4/cyPm.c **** 
  42:Generated_Source\PSoC4/cyPm.c ****     /* Sleep and wait for interrupt */
  43:Generated_Source\PSoC4/cyPm.c ****     CY_PM_WFI;
  45              		.loc 1 43 0
  46              		.syntax divided
  47              	@ 43 "Generated_Source\PSoC4\cyPm.c" 1
  48 0010 30BF     		WFI 
  49              	
  50              	@ 0 "" 2
  44:Generated_Source\PSoC4/cyPm.c **** 
  45:Generated_Source\PSoC4/cyPm.c ****     CyExitCriticalSection(interruptState);
  51              		.loc 1 45 0
  52              		.thumb
  53              		.syntax unified
  54 0012 FFF7FEFF 		bl	CyExitCriticalSection
  55              	.LVL1:
  46:Generated_Source\PSoC4/cyPm.c **** }
  56              		.loc 1 46 0
  57              		@ sp needed
  58 0016 10BD     		pop	{r4, pc}
  59              	.L3:
  60              		.align	2
  61              	.L2:
  62 0018 10ED00E0 		.word	-536810224
  63              		.cfi_endproc
  64              	.LFE0:
  65              		.size	CySysPmSleep, .-CySysPmSleep
  66              		.section	.text.CySysPmDeepSleep,"ax",%progbits
  67              		.align	2
  68              		.global	CySysPmDeepSleep
ARM GAS  C:\Users\VIDEOH~1\AppData\Local\Temp\cc4Xs0hU.s 			page 3


  69              		.code	16
  70              		.thumb_func
  71              		.type	CySysPmDeepSleep, %function
  72              	CySysPmDeepSleep:
  73              	.LFB1:
  47:Generated_Source\PSoC4/cyPm.c **** 
  48:Generated_Source\PSoC4/cyPm.c **** 
  49:Generated_Source\PSoC4/cyPm.c **** /*******************************************************************************
  50:Generated_Source\PSoC4/cyPm.c **** * Function Name: CySysPmDeepSleep
  51:Generated_Source\PSoC4/cyPm.c **** ****************************************************************************//**
  52:Generated_Source\PSoC4/cyPm.c **** *
  53:Generated_Source\PSoC4/cyPm.c **** * Puts the part into the Deep Sleep state. If the firmware attempts to enter
  54:Generated_Source\PSoC4/cyPm.c **** * this mode before the system is ready (that is, when
  55:Generated_Source\PSoC4/cyPm.c **** * PWR_CONTROL.LPM_READY = 0), then the device will go into the Sleep mode
  56:Generated_Source\PSoC4/cyPm.c **** * instead and automatically enter the originally intended mode when the
  57:Generated_Source\PSoC4/cyPm.c **** * holdoff expires.
  58:Generated_Source\PSoC4/cyPm.c **** *
  59:Generated_Source\PSoC4/cyPm.c **** * The wakeup occurs when an interrupt is received from a DeepSleep or
  60:Generated_Source\PSoC4/cyPm.c **** * Hibernate peripheral. For more details, see a corresponding
  61:Generated_Source\PSoC4/cyPm.c **** * peripheral's datasheet.
  62:Generated_Source\PSoC4/cyPm.c **** *
  63:Generated_Source\PSoC4/cyPm.c **** *******************************************************************************/
  64:Generated_Source\PSoC4/cyPm.c **** void CySysPmDeepSleep(void)
  65:Generated_Source\PSoC4/cyPm.c **** {
  74              		.loc 1 65 0
  75              		.cfi_startproc
  76              		@ args = 0, pretend = 0, frame = 8
  77              		@ frame_needed = 0, uses_anonymous_args = 0
  78 0000 F0B5     		push	{r4, r5, r6, r7, lr}
  79              		.cfi_def_cfa_offset 20
  80              		.cfi_offset 4, -20
  81              		.cfi_offset 5, -16
  82              		.cfi_offset 6, -12
  83              		.cfi_offset 7, -8
  84              		.cfi_offset 14, -4
  85 0002 83B0     		sub	sp, sp, #12
  86              		.cfi_def_cfa_offset 32
  66:Generated_Source\PSoC4/cyPm.c ****     uint8 interruptState;
  67:Generated_Source\PSoC4/cyPm.c ****     #if(CY_IP_SRSSV2)
  68:Generated_Source\PSoC4/cyPm.c ****         volatile uint32 clkSelectReg;
  69:Generated_Source\PSoC4/cyPm.c ****     #endif /* (CY_IP_SRSSV2) */
  70:Generated_Source\PSoC4/cyPm.c ****     
  71:Generated_Source\PSoC4/cyPm.c ****     #if(CY_IP_ECO_SRSSLT)
  72:Generated_Source\PSoC4/cyPm.c ****         volatile uint32 pllResoreFlag = 0u;
  73:Generated_Source\PSoC4/cyPm.c ****     #endif /* (CY_IP_ECO_SRSSLT) */
  74:Generated_Source\PSoC4/cyPm.c **** 
  75:Generated_Source\PSoC4/cyPm.c ****     #if (CY_IP_IMO_TRIMMABLE_BY_WCO)
  76:Generated_Source\PSoC4/cyPm.c ****         uint32 regTmp = 0u;
  77:Generated_Source\PSoC4/cyPm.c ****     #endif /* (CY_IP_IMO_TRIMMABLE_BY_WCO) */
  78:Generated_Source\PSoC4/cyPm.c ****     
  79:Generated_Source\PSoC4/cyPm.c ****     interruptState = CyEnterCriticalSection();
  87              		.loc 1 79 0
  88 0004 FFF7FEFF 		bl	CyEnterCriticalSection
  89              	.LVL2:
  90 0008 0400     		movs	r4, r0
  91              	.LVL3:
  80:Generated_Source\PSoC4/cyPm.c **** 
ARM GAS  C:\Users\VIDEOH~1\AppData\Local\Temp\cc4Xs0hU.s 			page 4


  81:Generated_Source\PSoC4/cyPm.c ****     #if(CY_IP_ECO_SRSSLT)
  82:Generated_Source\PSoC4/cyPm.c ****         if(0u != (CY_SYS_ECO_CLK_SELECT_REG & CY_SYS_ECO_CLK_SELECT_ECO_PLL_MASK))
  83:Generated_Source\PSoC4/cyPm.c ****         {
  84:Generated_Source\PSoC4/cyPm.c ****             pllResoreFlag = 1u;
  85:Generated_Source\PSoC4/cyPm.c ****             
  86:Generated_Source\PSoC4/cyPm.c ****             /* Set default state = IMO for HFCLK_SEL bit mask */
  87:Generated_Source\PSoC4/cyPm.c ****             CY_SYS_CLK_SELECT_REG &= (uint32)(~CY_SYS_CLK_SELECT_DIRECT_SEL_MASK);
  88:Generated_Source\PSoC4/cyPm.c ****         }
  89:Generated_Source\PSoC4/cyPm.c ****     #endif /* (CY_IP_ECO_SRSSLT) */
  90:Generated_Source\PSoC4/cyPm.c **** 
  91:Generated_Source\PSoC4/cyPm.c ****     #if(CY_IP_SRSSV2)
  92:Generated_Source\PSoC4/cyPm.c ****         /* Device enters DeepSleep mode when CPU asserts SLEEPDEEP signal */
  93:Generated_Source\PSoC4/cyPm.c ****         CY_PM_PWR_CONTROL_REG &= (uint32) (~CY_PM_PWR_CONTROL_HIBERNATE);
  92              		.loc 1 93 0
  93 000a 134A     		ldr	r2, .L5
  94 000c 1368     		ldr	r3, [r2]
  95 000e 5B00     		lsls	r3, r3, #1
  96 0010 5B08     		lsrs	r3, r3, #1
  97 0012 1360     		str	r3, [r2]
  94:Generated_Source\PSoC4/cyPm.c ****     #endif /* (CY_IP_SRSSV2) */
  95:Generated_Source\PSoC4/cyPm.c **** 
  96:Generated_Source\PSoC4/cyPm.c ****     #if (CY_IP_CPUSS && CY_IP_SRSSV2)
  97:Generated_Source\PSoC4/cyPm.c ****         CY_PM_CPUSS_CONFIG_REG |= CY_PM_CPUSS_CONFIG_FLSH_ACC_BYPASS;
  98              		.loc 1 97 0
  99 0014 8025     		movs	r5, #128
 100 0016 ED05     		lsls	r5, r5, #23
 101 0018 2B68     		ldr	r3, [r5]
 102 001a 0226     		movs	r6, #2
 103 001c 3343     		orrs	r3, r6
 104 001e 2B60     		str	r3, [r5]
  98:Generated_Source\PSoC4/cyPm.c ****     #endif /* (CY_IP_CPUSS && CY_IP_SRSSV2) */
  99:Generated_Source\PSoC4/cyPm.c ****     
 100:Generated_Source\PSoC4/cyPm.c ****     #if (CY_IP_IMO_TRIMMABLE_BY_WCO)
 101:Generated_Source\PSoC4/cyPm.c ****         if (0u != (CY_SYS_CLK_WCO_CONFIG_REG & CY_SYS_CLK_WCO_CONFIG_DPLL_ENABLE))
 102:Generated_Source\PSoC4/cyPm.c ****         {
 103:Generated_Source\PSoC4/cyPm.c ****             regTmp  = CY_SYS_CLK_WCO_DPLL_REG & ~(CY_SYS_CLK_WCO_CONFIG_DPLL_LF_LIMIT_MASK);
 104:Generated_Source\PSoC4/cyPm.c ****             CY_SYS_CLK_WCO_DPLL_REG = (regTmp | (((CY_SYS_CLK_IMO_TRIM1_REG + CY_PM_WCO_DPLL_LF_LIM
 105:Generated_Source\PSoC4/cyPm.c ****                                                   CY_SYS_CLK_WCO_CONFIG_DPLL_LF_LIMIT_MAX) << 
 106:Generated_Source\PSoC4/cyPm.c ****                                                  CY_SYS_CLK_WCO_CONFIG_DPLL_LF_LIMIT_SHIFT));
 107:Generated_Source\PSoC4/cyPm.c ****         }
 108:Generated_Source\PSoC4/cyPm.c ****     #endif /* (CY_IP_IMO_TRIMMABLE_BY_WCO) */
 109:Generated_Source\PSoC4/cyPm.c **** 
 110:Generated_Source\PSoC4/cyPm.c ****     /* Adjust delay to wait for references to settle on wakeup from Deep Sleep */
 111:Generated_Source\PSoC4/cyPm.c ****     CY_PM_PWR_KEY_DELAY_REG = CY_SFLASH_DPSLP_KEY_DELAY_REG;
 105              		.loc 1 111 0
 106 0020 0E4B     		ldr	r3, .L5+4
 107 0022 1B88     		ldrh	r3, [r3]
 108 0024 9BB2     		uxth	r3, r3
 109 0026 0E4A     		ldr	r2, .L5+8
 110 0028 1360     		str	r3, [r2]
 112:Generated_Source\PSoC4/cyPm.c **** 
 113:Generated_Source\PSoC4/cyPm.c ****     /* CPU enters DeepSleep/Hibernate mode upon execution of WFI */
 114:Generated_Source\PSoC4/cyPm.c ****     CY_PM_CPU_SCR_REG |= CY_PM_CPU_SCR_SLEEPDEEP;
 111              		.loc 1 114 0
 112 002a 0E4A     		ldr	r2, .L5+12
 113 002c 1168     		ldr	r1, [r2]
 114 002e 0423     		movs	r3, #4
ARM GAS  C:\Users\VIDEOH~1\AppData\Local\Temp\cc4Xs0hU.s 			page 5


 115 0030 0B43     		orrs	r3, r1
 116 0032 1360     		str	r3, [r2]
 115:Generated_Source\PSoC4/cyPm.c **** 
 116:Generated_Source\PSoC4/cyPm.c ****     #if(CY_IP_SRSSV2)
 117:Generated_Source\PSoC4/cyPm.c ****         /* Preserve system clock configuration and
 118:Generated_Source\PSoC4/cyPm.c ****         * reduce sysclk to <=12 MHz (Cypress ID #158710, #179888).
 119:Generated_Source\PSoC4/cyPm.c ****         */
 120:Generated_Source\PSoC4/cyPm.c ****         clkSelectReg = CY_SYS_CLK_SELECT_REG;
 117              		.loc 1 120 0
 118 0034 0C4F     		ldr	r7, .L5+16
 119 0036 3B68     		ldr	r3, [r7]
 120 0038 0193     		str	r3, [sp, #4]
 121:Generated_Source\PSoC4/cyPm.c ****         CySysClkWriteSysclkDiv(CY_SYS_CLK_SYSCLK_DIV4);
 121              		.loc 1 121 0
 122 003a 0220     		movs	r0, #2
 123 003c FFF7FEFF 		bl	CySysClkWriteSysclkDiv
 124              	.LVL4:
 122:Generated_Source\PSoC4/cyPm.c ****     #endif /* (CY_IP_SRSSV2) */
 123:Generated_Source\PSoC4/cyPm.c ****     
 124:Generated_Source\PSoC4/cyPm.c ****     /* Sleep and wait for interrupt */
 125:Generated_Source\PSoC4/cyPm.c ****     CY_PM_WFI;
 125              		.loc 1 125 0
 126              		.syntax divided
 127              	@ 125 "Generated_Source\PSoC4\cyPm.c" 1
 128 0040 30BF     		WFI 
 129              	
 130              	@ 0 "" 2
 126:Generated_Source\PSoC4/cyPm.c **** 
 127:Generated_Source\PSoC4/cyPm.c ****     #if(CY_IP_SRSSV2)
 128:Generated_Source\PSoC4/cyPm.c ****         /* Restore system clock configuration */
 129:Generated_Source\PSoC4/cyPm.c ****         CY_SYS_CLK_SELECT_REG = clkSelectReg;
 131              		.loc 1 129 0
 132              		.thumb
 133              		.syntax unified
 134 0042 019B     		ldr	r3, [sp, #4]
 135 0044 3B60     		str	r3, [r7]
 130:Generated_Source\PSoC4/cyPm.c ****     #endif /* (CY_IP_SRSSV2) */
 131:Generated_Source\PSoC4/cyPm.c **** 
 132:Generated_Source\PSoC4/cyPm.c ****     #if (CY_IP_IMO_TRIMMABLE_BY_WCO)
 133:Generated_Source\PSoC4/cyPm.c ****         if (0u != (CY_SYS_CLK_WCO_CONFIG_REG & CY_SYS_CLK_WCO_CONFIG_DPLL_ENABLE))
 134:Generated_Source\PSoC4/cyPm.c ****         {
 135:Generated_Source\PSoC4/cyPm.c ****             CyDelayUs(CY_PM_WCO_DPLL_WAKEUP_DELAY);
 136:Generated_Source\PSoC4/cyPm.c ****             regTmp  = CY_SYS_CLK_WCO_DPLL_REG & ~(CY_SYS_CLK_WCO_CONFIG_DPLL_LF_LIMIT_MASK);
 137:Generated_Source\PSoC4/cyPm.c ****             CY_SYS_CLK_WCO_DPLL_REG = (regTmp | (CY_SYS_CLK_WCO_CONFIG_DPLL_LF_LIMIT_MAX << 
 138:Generated_Source\PSoC4/cyPm.c ****                                                  CY_SYS_CLK_WCO_CONFIG_DPLL_LF_LIMIT_SHIFT));
 139:Generated_Source\PSoC4/cyPm.c ****         }
 140:Generated_Source\PSoC4/cyPm.c ****     #endif /* (CY_IP_IMO_TRIMMABLE_BY_WCO) */    
 141:Generated_Source\PSoC4/cyPm.c ****     
 142:Generated_Source\PSoC4/cyPm.c ****     #if (CY_IP_CPUSS && CY_IP_SRSSV2)
 143:Generated_Source\PSoC4/cyPm.c ****         CY_PM_CPUSS_CONFIG_REG &= (uint32) (~CY_PM_CPUSS_CONFIG_FLSH_ACC_BYPASS);
 136              		.loc 1 143 0
 137 0046 2B68     		ldr	r3, [r5]
 138 0048 B343     		bics	r3, r6
 139 004a 2B60     		str	r3, [r5]
 144:Generated_Source\PSoC4/cyPm.c ****     #endif /* (CY_IP_CPUSS && CY_IP_SRSSV2) */
 145:Generated_Source\PSoC4/cyPm.c **** 
 146:Generated_Source\PSoC4/cyPm.c ****     #if(CY_IP_ECO_SRSSLT)
ARM GAS  C:\Users\VIDEOH~1\AppData\Local\Temp\cc4Xs0hU.s 			page 6


 147:Generated_Source\PSoC4/cyPm.c ****         if(0u != pllResoreFlag)
 148:Generated_Source\PSoC4/cyPm.c ****         {
 149:Generated_Source\PSoC4/cyPm.c ****             CySysClkWriteHfclkDirect(CY_SYS_CLK_HFCLK_PLL0);
 150:Generated_Source\PSoC4/cyPm.c ****         }
 151:Generated_Source\PSoC4/cyPm.c ****     #endif /* (CY_IP_ECO_SRSSLT) */    
 152:Generated_Source\PSoC4/cyPm.c **** 
 153:Generated_Source\PSoC4/cyPm.c ****     CyExitCriticalSection(interruptState);
 140              		.loc 1 153 0
 141 004c 2000     		movs	r0, r4
 142 004e FFF7FEFF 		bl	CyExitCriticalSection
 143              	.LVL5:
 154:Generated_Source\PSoC4/cyPm.c **** }
 144              		.loc 1 154 0
 145 0052 03B0     		add	sp, sp, #12
 146              		@ sp needed
 147              	.LVL6:
 148 0054 F0BD     		pop	{r4, r5, r6, r7, pc}
 149              	.L6:
 150 0056 C046     		.align	2
 151              	.L5:
 152 0058 00000B40 		.word	1074462720
 153 005c 52F1FF0F 		.word	268431698
 154 0060 0C000B40 		.word	1074462732
 155 0064 10ED00E0 		.word	-536810224
 156 0068 00010B40 		.word	1074462976
 157              		.cfi_endproc
 158              	.LFE1:
 159              		.size	CySysPmDeepSleep, .-CySysPmDeepSleep
 160              		.section	.text.CySysPmHibernate,"ax",%progbits
 161              		.align	2
 162              		.global	CySysPmHibernate
 163              		.code	16
 164              		.thumb_func
 165              		.type	CySysPmHibernate, %function
 166              	CySysPmHibernate:
 167              	.LFB2:
 155:Generated_Source\PSoC4/cyPm.c **** 
 156:Generated_Source\PSoC4/cyPm.c **** 
 157:Generated_Source\PSoC4/cyPm.c **** #if(CY_IP_SRSSV2)
 158:Generated_Source\PSoC4/cyPm.c **** 
 159:Generated_Source\PSoC4/cyPm.c ****     /*******************************************************************************
 160:Generated_Source\PSoC4/cyPm.c ****     * Function Name: CySysPmHibernate
 161:Generated_Source\PSoC4/cyPm.c ****     ****************************************************************************//**
 162:Generated_Source\PSoC4/cyPm.c ****     *
 163:Generated_Source\PSoC4/cyPm.c ****     * Puts the part into the Hibernate state. Only SRAM and UDBs are retained;
 164:Generated_Source\PSoC4/cyPm.c ****     * most internal supplies are off. Wakeup is possible from a pin or a hibernate
 165:Generated_Source\PSoC4/cyPm.c ****     * comparator only.
 166:Generated_Source\PSoC4/cyPm.c ****     *
 167:Generated_Source\PSoC4/cyPm.c ****     * It is expected that the firmware has already frozen the IO-Cells using
 168:Generated_Source\PSoC4/cyPm.c ****     * CySysPmFreezeIo() function before the call to this function. If this is
 169:Generated_Source\PSoC4/cyPm.c ****     * omitted, the IO-cells will be frozen in the same way as they are
 170:Generated_Source\PSoC4/cyPm.c ****     * in the Active to Deep Sleep transition, but will lose their state on wake up
 171:Generated_Source\PSoC4/cyPm.c ****     * (because of the reset occurring at that time).
 172:Generated_Source\PSoC4/cyPm.c ****     *
 173:Generated_Source\PSoC4/cyPm.c ****     * Because all the CPU state is lost, the CPU will start up at the reset vector.
 174:Generated_Source\PSoC4/cyPm.c ****     * To save the firmware state through the Hibernate low power mode, a
 175:Generated_Source\PSoC4/cyPm.c ****     * corresponding variable should be defined with CY_NOINIT attribute. It
ARM GAS  C:\Users\VIDEOH~1\AppData\Local\Temp\cc4Xs0hU.s 			page 7


 176:Generated_Source\PSoC4/cyPm.c ****     * prevents data from being initialized to zero on startup. The interrupt
 177:Generated_Source\PSoC4/cyPm.c ****     * cause of the hibernate peripheral is retained, such that it can be either
 178:Generated_Source\PSoC4/cyPm.c ****     * read by the firmware or cause an interrupt after the firmware has booted and
 179:Generated_Source\PSoC4/cyPm.c ****     * enabled the corresponding interrupt. To distinguish the wakeup from
 180:Generated_Source\PSoC4/cyPm.c ****     * the Hibernate mode and the general Reset event, the
 181:Generated_Source\PSoC4/cyPm.c ****     * \ref CySysPmGetResetReason() function could be used.
 182:Generated_Source\PSoC4/cyPm.c ****     *
 183:Generated_Source\PSoC4/cyPm.c ****     *******************************************************************************/
 184:Generated_Source\PSoC4/cyPm.c ****     void CySysPmHibernate(void)
 185:Generated_Source\PSoC4/cyPm.c ****     {
 168              		.loc 1 185 0
 169              		.cfi_startproc
 170              		@ args = 0, pretend = 0, frame = 0
 171              		@ frame_needed = 0, uses_anonymous_args = 0
 172 0000 10B5     		push	{r4, lr}
 173              		.cfi_def_cfa_offset 8
 174              		.cfi_offset 4, -8
 175              		.cfi_offset 14, -4
 186:Generated_Source\PSoC4/cyPm.c ****         uint8 interruptState;
 187:Generated_Source\PSoC4/cyPm.c **** 
 188:Generated_Source\PSoC4/cyPm.c ****         interruptState = CyEnterCriticalSection();
 176              		.loc 1 188 0
 177 0002 FFF7FEFF 		bl	CyEnterCriticalSection
 178              	.LVL7:
 189:Generated_Source\PSoC4/cyPm.c **** 
 190:Generated_Source\PSoC4/cyPm.c ****         #if (CY_IP_HOBTO_DEVICE)
 191:Generated_Source\PSoC4/cyPm.c ****             /* Disable input buffers for all ports */
 192:Generated_Source\PSoC4/cyPm.c ****             CySysPmHibPinsDisableInputBuf();
 193:Generated_Source\PSoC4/cyPm.c ****         #endif /* (CY_IP_HOBTO_DEVICE) */
 194:Generated_Source\PSoC4/cyPm.c **** 
 195:Generated_Source\PSoC4/cyPm.c ****         /* Device enters Hibernate mode when CPU asserts SLEEPDEEP signal */
 196:Generated_Source\PSoC4/cyPm.c ****         CY_PM_PWR_CONTROL_REG |= CY_PM_PWR_CONTROL_HIBERNATE;
 179              		.loc 1 196 0
 180 0006 0D4A     		ldr	r2, .L8
 181 0008 1368     		ldr	r3, [r2]
 182 000a 8021     		movs	r1, #128
 183 000c 0906     		lsls	r1, r1, #24
 184 000e 0B43     		orrs	r3, r1
 185 0010 1360     		str	r3, [r2]
 197:Generated_Source\PSoC4/cyPm.c **** 
 198:Generated_Source\PSoC4/cyPm.c ****         /* Adjust delay to wait for references to settle on wakeup from hibernate */
 199:Generated_Source\PSoC4/cyPm.c ****         CY_PM_PWR_KEY_DELAY_REG = CY_SFLASH_HIB_KEY_DELAY_REG;
 186              		.loc 1 199 0
 187 0012 0B4B     		ldr	r3, .L8+4
 188 0014 1B88     		ldrh	r3, [r3]
 189 0016 9BB2     		uxth	r3, r3
 190 0018 0A4A     		ldr	r2, .L8+8
 191 001a 1360     		str	r3, [r2]
 200:Generated_Source\PSoC4/cyPm.c **** 
 201:Generated_Source\PSoC4/cyPm.c ****         /* CPU enters DeepSleep/Hibernate mode upon execution of WFI */
 202:Generated_Source\PSoC4/cyPm.c ****         CY_PM_CPU_SCR_REG |= CY_PM_CPU_SCR_SLEEPDEEP;
 192              		.loc 1 202 0
 193 001c 0A4A     		ldr	r2, .L8+12
 194 001e 1168     		ldr	r1, [r2]
 195 0020 0423     		movs	r3, #4
 196 0022 0B43     		orrs	r3, r1
 197 0024 1360     		str	r3, [r2]
ARM GAS  C:\Users\VIDEOH~1\AppData\Local\Temp\cc4Xs0hU.s 			page 8


 203:Generated_Source\PSoC4/cyPm.c **** 
 204:Generated_Source\PSoC4/cyPm.c ****         /* Save token that will retain through a STOP/WAKEUP sequence
 205:Generated_Source\PSoC4/cyPm.c ****          * thus could be used by CySysPmGetResetReason() to differentiate
 206:Generated_Source\PSoC4/cyPm.c ****          * WAKEUP from a general RESET event.
 207:Generated_Source\PSoC4/cyPm.c ****          */
 208:Generated_Source\PSoC4/cyPm.c ****         CY_PM_PWR_STOP_REG = (CY_PM_PWR_STOP_REG & (uint32)(~CY_PM_PWR_STOP_TOKEN_MASK)) | CY_PM_PW
 198              		.loc 1 208 0
 199 0026 0949     		ldr	r1, .L8+16
 200 0028 0B68     		ldr	r3, [r1]
 201 002a FF22     		movs	r2, #255
 202 002c 9343     		bics	r3, r2
 203 002e 0E3A     		subs	r2, r2, #14
 204 0030 1343     		orrs	r3, r2
 205 0032 0B60     		str	r3, [r1]
 209:Generated_Source\PSoC4/cyPm.c **** 
 210:Generated_Source\PSoC4/cyPm.c ****         /* Sleep and wait for interrupt. Wakeup from Hibernate is performed
 211:Generated_Source\PSoC4/cyPm.c ****          * through RESET state, causing a normal Boot procedure to occur.
 212:Generated_Source\PSoC4/cyPm.c ****          * The WFI instruction doesn't put the core to sleep if its wake condition
 213:Generated_Source\PSoC4/cyPm.c ****          * is true when the instruction is executed.
 214:Generated_Source\PSoC4/cyPm.c ****          */
 215:Generated_Source\PSoC4/cyPm.c ****         CY_PM_WFI;
 206              		.loc 1 215 0
 207              		.syntax divided
 208              	@ 215 "Generated_Source\PSoC4\cyPm.c" 1
 209 0034 30BF     		WFI 
 210              	
 211              	@ 0 "" 2
 216:Generated_Source\PSoC4/cyPm.c **** 
 217:Generated_Source\PSoC4/cyPm.c ****         CyExitCriticalSection(interruptState);
 212              		.loc 1 217 0
 213              		.thumb
 214              		.syntax unified
 215 0036 FFF7FEFF 		bl	CyExitCriticalSection
 216              	.LVL8:
 218:Generated_Source\PSoC4/cyPm.c ****     }
 217              		.loc 1 218 0
 218              		@ sp needed
 219 003a 10BD     		pop	{r4, pc}
 220              	.L9:
 221              		.align	2
 222              	.L8:
 223 003c 00000B40 		.word	1074462720
 224 0040 50F1FF0F 		.word	268431696
 225 0044 0C000B40 		.word	1074462732
 226 0048 10ED00E0 		.word	-536810224
 227 004c 2C000B40 		.word	1074462764
 228              		.cfi_endproc
 229              	.LFE2:
 230              		.size	CySysPmHibernate, .-CySysPmHibernate
 231              		.section	.text.CySysPmSetWakeupPolarity,"ax",%progbits
 232              		.align	2
 233              		.global	CySysPmSetWakeupPolarity
 234              		.code	16
 235              		.thumb_func
 236              		.type	CySysPmSetWakeupPolarity, %function
 237              	CySysPmSetWakeupPolarity:
 238              	.LFB4:
ARM GAS  C:\Users\VIDEOH~1\AppData\Local\Temp\cc4Xs0hU.s 			page 9


 219:Generated_Source\PSoC4/cyPm.c **** 
 220:Generated_Source\PSoC4/cyPm.c **** 
 221:Generated_Source\PSoC4/cyPm.c ****     /*******************************************************************************
 222:Generated_Source\PSoC4/cyPm.c ****     * Function Name: CySysPmStop
 223:Generated_Source\PSoC4/cyPm.c ****     ****************************************************************************//**
 224:Generated_Source\PSoC4/cyPm.c ****     *
 225:Generated_Source\PSoC4/cyPm.c ****     * Puts the part into the Stop state. All internal supplies are off;
 226:Generated_Source\PSoC4/cyPm.c ****     * no state is retained.
 227:Generated_Source\PSoC4/cyPm.c ****     *
 228:Generated_Source\PSoC4/cyPm.c ****     * Wakeup from Stop is performed by toggling the wakeup pin, causing
 229:Generated_Source\PSoC4/cyPm.c ****     * a normal boot procedure to occur. To configure the wakeup pin,
 230:Generated_Source\PSoC4/cyPm.c ****     * the Digital Input Pin component should be placed on the schematic,
 231:Generated_Source\PSoC4/cyPm.c ****     * assigned to the wakeup pin, and resistively pulled up or down to the inverse
 232:Generated_Source\PSoC4/cyPm.c ****     * state of the wakeup polarity. To distinguish the wakeup from the Stop mode
 233:Generated_Source\PSoC4/cyPm.c ****     * and the general Reset event, \ref CySysPmGetResetReason() function could be
 234:Generated_Source\PSoC4/cyPm.c ****     * used.  The wakeup pin is active low by default. The wakeup pin polarity
 235:Generated_Source\PSoC4/cyPm.c ****     * could be changed with the \ref CySysPmSetWakeupPolarity() function.
 236:Generated_Source\PSoC4/cyPm.c ****     *
 237:Generated_Source\PSoC4/cyPm.c ****     * This function freezes IO cells implicitly. It is not possible to enter
 238:Generated_Source\PSoC4/cyPm.c ****     * the STOP mode before freezing the IO cells. The IO cells remain frozen after
 239:Generated_Source\PSoC4/cyPm.c ****     * awake from the Stop mode until the firmware unfreezes them after booting
 240:Generated_Source\PSoC4/cyPm.c ****     * explicitly with \ref CySysPmUnfreezeIo() function call.
 241:Generated_Source\PSoC4/cyPm.c ****     *
 242:Generated_Source\PSoC4/cyPm.c ****     *******************************************************************************/
 243:Generated_Source\PSoC4/cyPm.c ****     void CySysPmStop(void)
 244:Generated_Source\PSoC4/cyPm.c ****     {
 245:Generated_Source\PSoC4/cyPm.c ****         (void) CyEnterCriticalSection();
 246:Generated_Source\PSoC4/cyPm.c **** 
 247:Generated_Source\PSoC4/cyPm.c ****         /* Update token to indicate Stop mode transition. Preserve only polarity. */
 248:Generated_Source\PSoC4/cyPm.c ****         CY_PM_PWR_STOP_REG = (CY_PM_PWR_STOP_REG & CY_PM_PWR_STOP_POLARITY) | CY_PM_PWR_STOP_TOKEN_
 249:Generated_Source\PSoC4/cyPm.c **** 
 250:Generated_Source\PSoC4/cyPm.c ****         /* Freeze IO-Cells to save IO-Cell state */
 251:Generated_Source\PSoC4/cyPm.c ****         CySysPmFreezeIo();
 252:Generated_Source\PSoC4/cyPm.c **** 
 253:Generated_Source\PSoC4/cyPm.c ****         /* Initiates transition to Stop state */
 254:Generated_Source\PSoC4/cyPm.c ****         CY_PM_PWR_STOP_REG = CY_PM_PWR_STOP_REG | CY_PM_PWR_STOP_STOP;
 255:Generated_Source\PSoC4/cyPm.c **** 
 256:Generated_Source\PSoC4/cyPm.c ****         /* Depending on the clock frequency and internal timing delays,
 257:Generated_Source\PSoC4/cyPm.c ****          * the final AHB transaction may or may not complete. To guard against
 258:Generated_Source\PSoC4/cyPm.c ****          * accidentally executing an unintended instruction, it is recommended
 259:Generated_Source\PSoC4/cyPm.c ****          * to add 2 NOP cycles after the final write to the STOP register.
 260:Generated_Source\PSoC4/cyPm.c ****          */
 261:Generated_Source\PSoC4/cyPm.c ****         CY_NOP;
 262:Generated_Source\PSoC4/cyPm.c ****         CY_NOP;
 263:Generated_Source\PSoC4/cyPm.c **** 
 264:Generated_Source\PSoC4/cyPm.c ****         /* Should never get to this WFI instruction */
 265:Generated_Source\PSoC4/cyPm.c ****         CY_PM_WFI;
 266:Generated_Source\PSoC4/cyPm.c **** 
 267:Generated_Source\PSoC4/cyPm.c ****         /* Wakeup from Stop is performed by toggling of Wakeup pin,
 268:Generated_Source\PSoC4/cyPm.c ****          * causing a normal Boot procedure to occur. No need to exit
 269:Generated_Source\PSoC4/cyPm.c ****          * from the critical section.
 270:Generated_Source\PSoC4/cyPm.c ****          */
 271:Generated_Source\PSoC4/cyPm.c ****     }
 272:Generated_Source\PSoC4/cyPm.c **** 
 273:Generated_Source\PSoC4/cyPm.c **** 
 274:Generated_Source\PSoC4/cyPm.c ****     /*******************************************************************************
 275:Generated_Source\PSoC4/cyPm.c ****     * Function Name: CySysPmSetWakeupPolarity
ARM GAS  C:\Users\VIDEOH~1\AppData\Local\Temp\cc4Xs0hU.s 			page 10


 276:Generated_Source\PSoC4/cyPm.c ****     ****************************************************************************//**
 277:Generated_Source\PSoC4/cyPm.c ****     *
 278:Generated_Source\PSoC4/cyPm.c ****     * Wake up from the stop mode is performed by toggling the wakeup pin,
 279:Generated_Source\PSoC4/cyPm.c ****     * causing a normal boot procedure to occur. This function assigns
 280:Generated_Source\PSoC4/cyPm.c ****     * the wakeup pin active level. Setting the wakeup pin to this level will cause
 281:Generated_Source\PSoC4/cyPm.c ****     * the wakeup from stop mode. The wakeup pin is active low by default.
 282:Generated_Source\PSoC4/cyPm.c ****     *
 283:Generated_Source\PSoC4/cyPm.c ****     * \param polarity
 284:Generated_Source\PSoC4/cyPm.c ****     * - \ref CY_PM_STOP_WAKEUP_ACTIVE_LOW Logical zero will wakeup the chip
 285:Generated_Source\PSoC4/cyPm.c ****     * - \ref CY_PM_STOP_WAKEUP_ACTIVE_HIGH Logical one will wakeup the chip
 286:Generated_Source\PSoC4/cyPm.c ****     *
 287:Generated_Source\PSoC4/cyPm.c ****     *******************************************************************************/
 288:Generated_Source\PSoC4/cyPm.c ****     void CySysPmSetWakeupPolarity(uint32 polarity)
 289:Generated_Source\PSoC4/cyPm.c ****     {
 239              		.loc 1 289 0
 240              		.cfi_startproc
 241              		@ args = 0, pretend = 0, frame = 0
 242              		@ frame_needed = 0, uses_anonymous_args = 0
 243              	.LVL9:
 244 0000 10B5     		push	{r4, lr}
 245              		.cfi_def_cfa_offset 8
 246              		.cfi_offset 4, -8
 247              		.cfi_offset 14, -4
 248 0002 0400     		movs	r4, r0
 290:Generated_Source\PSoC4/cyPm.c ****         uint8 interruptState;
 291:Generated_Source\PSoC4/cyPm.c **** 
 292:Generated_Source\PSoC4/cyPm.c ****         interruptState = CyEnterCriticalSection();
 249              		.loc 1 292 0
 250 0004 FFF7FEFF 		bl	CyEnterCriticalSection
 251              	.LVL10:
 293:Generated_Source\PSoC4/cyPm.c **** 
 294:Generated_Source\PSoC4/cyPm.c ****         CY_PM_PWR_STOP_REG = (CY_PM_STOP_WAKEUP_ACTIVE_LOW != polarity) ?
 295:Generated_Source\PSoC4/cyPm.c ****                             (CY_PM_PWR_STOP_REG | CY_PM_PWR_STOP_POLARITY) :
 252              		.loc 1 295 0
 253 0008 002C     		cmp	r4, #0
 254 000a 05D0     		beq	.L11
 255              		.loc 1 295 0 is_stmt 0 discriminator 1
 256 000c 074B     		ldr	r3, .L13
 257 000e 1B68     		ldr	r3, [r3]
 258 0010 8022     		movs	r2, #128
 259 0012 5202     		lsls	r2, r2, #9
 260 0014 1343     		orrs	r3, r2
 261 0016 03E0     		b	.L12
 262              	.L11:
 296:Generated_Source\PSoC4/cyPm.c ****                             (CY_PM_PWR_STOP_REG & (uint32) (~CY_PM_PWR_STOP_POLARITY));
 263              		.loc 1 296 0 is_stmt 1 discriminator 2
 264 0018 044B     		ldr	r3, .L13
 265 001a 1A68     		ldr	r2, [r3]
 295:Generated_Source\PSoC4/cyPm.c ****                             (CY_PM_PWR_STOP_REG & (uint32) (~CY_PM_PWR_STOP_POLARITY));
 266              		.loc 1 295 0 discriminator 2
 267 001c 044B     		ldr	r3, .L13+4
 268 001e 1340     		ands	r3, r2
 269              	.L12:
 294:Generated_Source\PSoC4/cyPm.c ****                             (CY_PM_PWR_STOP_REG | CY_PM_PWR_STOP_POLARITY) :
 270              		.loc 1 294 0
 271 0020 024A     		ldr	r2, .L13
 272 0022 1360     		str	r3, [r2]
ARM GAS  C:\Users\VIDEOH~1\AppData\Local\Temp\cc4Xs0hU.s 			page 11


 297:Generated_Source\PSoC4/cyPm.c **** 
 298:Generated_Source\PSoC4/cyPm.c ****         CyExitCriticalSection(interruptState);
 273              		.loc 1 298 0
 274 0024 FFF7FEFF 		bl	CyExitCriticalSection
 275              	.LVL11:
 299:Generated_Source\PSoC4/cyPm.c ****     }
 276              		.loc 1 299 0
 277              		@ sp needed
 278              	.LVL12:
 279 0028 10BD     		pop	{r4, pc}
 280              	.L14:
 281 002a C046     		.align	2
 282              	.L13:
 283 002c 2C000B40 		.word	1074462764
 284 0030 FFFFFEFF 		.word	-65537
 285              		.cfi_endproc
 286              	.LFE4:
 287              		.size	CySysPmSetWakeupPolarity, .-CySysPmSetWakeupPolarity
 288              		.section	.text.CySysPmGetResetReason,"ax",%progbits
 289              		.align	2
 290              		.global	CySysPmGetResetReason
 291              		.code	16
 292              		.thumb_func
 293              		.type	CySysPmGetResetReason, %function
 294              	CySysPmGetResetReason:
 295              	.LFB5:
 300:Generated_Source\PSoC4/cyPm.c **** 
 301:Generated_Source\PSoC4/cyPm.c **** 
 302:Generated_Source\PSoC4/cyPm.c ****     /*******************************************************************************
 303:Generated_Source\PSoC4/cyPm.c ****     * Function Name: CySysPmGetResetReason
 304:Generated_Source\PSoC4/cyPm.c ****     ****************************************************************************//**
 305:Generated_Source\PSoC4/cyPm.c ****     *
 306:Generated_Source\PSoC4/cyPm.c ****     * Retrieves the last reset reason - transition from OFF/XRES/STOP/HIBERNATE to
 307:Generated_Source\PSoC4/cyPm.c ****     * the RESET state. Note that waking up from STOP using XRES will be perceived
 308:Generated_Source\PSoC4/cyPm.c ****     * as a general RESET.
 309:Generated_Source\PSoC4/cyPm.c ****     *
 310:Generated_Source\PSoC4/cyPm.c ****     * \return CY_PM_RESET_REASON_UNKN          Unknown reset reason.
 311:Generated_Source\PSoC4/cyPm.c ****     * \return CY_PM_RESET_REASON_XRES          Transition from OFF/XRES to RESET
 312:Generated_Source\PSoC4/cyPm.c ****     * \return CY_PM_RESET_REASON_WAKEUP_HIB    Transition/wakeup from HIBERNATE to RESET
 313:Generated_Source\PSoC4/cyPm.c ****     * \return CY_PM_RESET_REASON_WAKEUP_STOP   Transition/wakeup from STOP to RESET
 314:Generated_Source\PSoC4/cyPm.c ****     *
 315:Generated_Source\PSoC4/cyPm.c ****     *******************************************************************************/
 316:Generated_Source\PSoC4/cyPm.c ****     uint32 CySysPmGetResetReason(void)
 317:Generated_Source\PSoC4/cyPm.c ****     {
 296              		.loc 1 317 0
 297              		.cfi_startproc
 298              		@ args = 0, pretend = 0, frame = 0
 299              		@ frame_needed = 0, uses_anonymous_args = 0
 300              		@ link register save eliminated.
 301              	.LVL13:
 318:Generated_Source\PSoC4/cyPm.c ****         uint32 reason = CY_PM_RESET_REASON_UNKN;
 319:Generated_Source\PSoC4/cyPm.c **** 
 320:Generated_Source\PSoC4/cyPm.c ****         switch(CY_PM_PWR_STOP_REG & CY_PM_PWR_STOP_TOKEN_MASK)
 302              		.loc 1 320 0
 303 0000 084B     		ldr	r3, .L21
 304 0002 1B68     		ldr	r3, [r3]
 305 0004 FF22     		movs	r2, #255
ARM GAS  C:\Users\VIDEOH~1\AppData\Local\Temp\cc4Xs0hU.s 			page 12


 306 0006 1340     		ands	r3, r2
 307 0008 F12B     		cmp	r3, #241
 308 000a 05D0     		beq	.L17
 309 000c F22B     		cmp	r3, #242
 310 000e 05D0     		beq	.L18
 311 0010 002B     		cmp	r3, #0
 312 0012 05D0     		beq	.L20
 318:Generated_Source\PSoC4/cyPm.c ****         uint32 reason = CY_PM_RESET_REASON_UNKN;
 313              		.loc 1 318 0
 314 0014 0020     		movs	r0, #0
 315 0016 04E0     		b	.L19
 316              	.L17:
 317              	.LVL14:
 321:Generated_Source\PSoC4/cyPm.c ****         {
 322:Generated_Source\PSoC4/cyPm.c ****         /* Power up, XRES */
 323:Generated_Source\PSoC4/cyPm.c ****         case CY_PM_PWR_STOP_TOKEN_XRES:
 324:Generated_Source\PSoC4/cyPm.c ****             reason = CY_PM_RESET_REASON_XRES;
 325:Generated_Source\PSoC4/cyPm.c ****             break;
 326:Generated_Source\PSoC4/cyPm.c **** 
 327:Generated_Source\PSoC4/cyPm.c ****         /* Wakeup from Hibernate */
 328:Generated_Source\PSoC4/cyPm.c ****         case CY_PM_PWR_STOP_TOKEN_HIB:
 329:Generated_Source\PSoC4/cyPm.c ****             reason = CY_PM_RESET_REASON_WAKEUP_HIB;
 318              		.loc 1 329 0
 319 0018 0220     		movs	r0, #2
 330:Generated_Source\PSoC4/cyPm.c ****             break;
 320              		.loc 1 330 0
 321 001a 02E0     		b	.L19
 322              	.LVL15:
 323              	.L18:
 331:Generated_Source\PSoC4/cyPm.c **** 
 332:Generated_Source\PSoC4/cyPm.c ****         /* Wakeup from Stop (through WAKEUP pin assert) */
 333:Generated_Source\PSoC4/cyPm.c ****         case CY_PM_PWR_STOP_TOKEN_STOP:
 334:Generated_Source\PSoC4/cyPm.c ****             reason = CY_PM_RESET_REASON_WAKEUP_STOP;
 324              		.loc 1 334 0
 325 001c 0320     		movs	r0, #3
 335:Generated_Source\PSoC4/cyPm.c ****             break;
 326              		.loc 1 335 0
 327 001e 00E0     		b	.L19
 328              	.LVL16:
 329              	.L20:
 324:Generated_Source\PSoC4/cyPm.c ****             break;
 330              		.loc 1 324 0
 331 0020 0120     		movs	r0, #1
 332              	.LVL17:
 333              	.L19:
 336:Generated_Source\PSoC4/cyPm.c **** 
 337:Generated_Source\PSoC4/cyPm.c ****         /* Unknown reason */
 338:Generated_Source\PSoC4/cyPm.c ****         default:
 339:Generated_Source\PSoC4/cyPm.c ****             break;
 340:Generated_Source\PSoC4/cyPm.c ****         }
 341:Generated_Source\PSoC4/cyPm.c **** 
 342:Generated_Source\PSoC4/cyPm.c ****         return (reason);
 343:Generated_Source\PSoC4/cyPm.c ****     }
 334              		.loc 1 343 0
 335              		@ sp needed
 336 0022 7047     		bx	lr
 337              	.L22:
ARM GAS  C:\Users\VIDEOH~1\AppData\Local\Temp\cc4Xs0hU.s 			page 13


 338              		.align	2
 339              	.L21:
 340 0024 2C000B40 		.word	1074462764
 341              		.cfi_endproc
 342              	.LFE5:
 343              		.size	CySysPmGetResetReason, .-CySysPmGetResetReason
 344              		.section	.text.CySysPmFreezeIo,"ax",%progbits
 345              		.align	2
 346              		.global	CySysPmFreezeIo
 347              		.code	16
 348              		.thumb_func
 349              		.type	CySysPmFreezeIo, %function
 350              	CySysPmFreezeIo:
 351              	.LFB6:
 344:Generated_Source\PSoC4/cyPm.c **** 
 345:Generated_Source\PSoC4/cyPm.c **** 
 346:Generated_Source\PSoC4/cyPm.c ****     /*******************************************************************************
 347:Generated_Source\PSoC4/cyPm.c ****     * Function Name: CySysPmFreezeIo
 348:Generated_Source\PSoC4/cyPm.c ****     ****************************************************************************//**
 349:Generated_Source\PSoC4/cyPm.c ****     *
 350:Generated_Source\PSoC4/cyPm.c ****     * Freezes IO-Cells directly to save the IO-Cell state on wake up from the
 351:Generated_Source\PSoC4/cyPm.c ****     * Hibernate or Stop state. It is not required to call this function before
 352:Generated_Source\PSoC4/cyPm.c ****     * entering the Stop mode, since \ref CySysPmStop() function freezes IO-Cells
 353:Generated_Source\PSoC4/cyPm.c ****     * implicitly.
 354:Generated_Source\PSoC4/cyPm.c ****     *
 355:Generated_Source\PSoC4/cyPm.c ****     * This API is not available for PSoC 4000 family of devices.
 356:Generated_Source\PSoC4/cyPm.c ****     *
 357:Generated_Source\PSoC4/cyPm.c ****     *******************************************************************************/
 358:Generated_Source\PSoC4/cyPm.c ****     void CySysPmFreezeIo(void)
 359:Generated_Source\PSoC4/cyPm.c ****     {
 352              		.loc 1 359 0
 353              		.cfi_startproc
 354              		@ args = 0, pretend = 0, frame = 0
 355              		@ frame_needed = 0, uses_anonymous_args = 0
 356 0000 10B5     		push	{r4, lr}
 357              		.cfi_def_cfa_offset 8
 358              		.cfi_offset 4, -8
 359              		.cfi_offset 14, -4
 360:Generated_Source\PSoC4/cyPm.c ****         uint8 interruptState;
 361:Generated_Source\PSoC4/cyPm.c **** 
 362:Generated_Source\PSoC4/cyPm.c ****         interruptState = CyEnterCriticalSection();
 360              		.loc 1 362 0
 361 0002 FFF7FEFF 		bl	CyEnterCriticalSection
 362              	.LVL18:
 363:Generated_Source\PSoC4/cyPm.c **** 
 364:Generated_Source\PSoC4/cyPm.c ****         /* Check FREEZE state to avoid recurrent IO-Cells freeze attempt,
 365:Generated_Source\PSoC4/cyPm.c ****          * since the second call to this function will cause accidental switch
 366:Generated_Source\PSoC4/cyPm.c ****          * to the STOP mode (the system will enter STOP mode immediately after
 367:Generated_Source\PSoC4/cyPm.c ****          * writing to STOP bit since both UNLOCK and FREEZE have been set correctly
 368:Generated_Source\PSoC4/cyPm.c ****          * in a previous call to this function).
 369:Generated_Source\PSoC4/cyPm.c ****          */
 370:Generated_Source\PSoC4/cyPm.c ****         if (0u == (CY_PM_PWR_STOP_REG & CY_PM_PWR_STOP_FREEZE))
 363              		.loc 1 370 0
 364 0006 094B     		ldr	r3, .L25
 365 0008 1B68     		ldr	r3, [r3]
 366 000a 9B03     		lsls	r3, r3, #14
 367 000c 0AD4     		bmi	.L24
ARM GAS  C:\Users\VIDEOH~1\AppData\Local\Temp\cc4Xs0hU.s 			page 14


 371:Generated_Source\PSoC4/cyPm.c ****         {
 372:Generated_Source\PSoC4/cyPm.c ****             /* Preserve last reset reason and disable overrides the next freeze command by peripher
 373:Generated_Source\PSoC4/cyPm.c ****             CY_PM_PWR_STOP_REG = CY_PM_PWR_STOP_STOP | CY_PM_PWR_STOP_FREEZE | CY_PM_PWR_STOP_UNLOC
 374:Generated_Source\PSoC4/cyPm.c ****                                 (CY_PM_PWR_STOP_REG & (CY_PM_PWR_STOP_TOKEN_MASK | CY_PM_PWR_STOP_P
 368              		.loc 1 374 0
 369 000e 074B     		ldr	r3, .L25
 370 0010 1968     		ldr	r1, [r3]
 371 0012 074A     		ldr	r2, .L25+4
 372 0014 0A40     		ands	r2, r1
 373:Generated_Source\PSoC4/cyPm.c ****                                 (CY_PM_PWR_STOP_REG & (CY_PM_PWR_STOP_TOKEN_MASK | CY_PM_PWR_STOP_P
 373              		.loc 1 373 0
 374 0016 0749     		ldr	r1, .L25+8
 375 0018 0A43     		orrs	r2, r1
 376 001a 1A60     		str	r2, [r3]
 375:Generated_Source\PSoC4/cyPm.c **** 
 376:Generated_Source\PSoC4/cyPm.c ****             /* If reading after writing, read this register three times to delay
 377:Generated_Source\PSoC4/cyPm.c ****             *  enough time for internal settling.
 378:Generated_Source\PSoC4/cyPm.c ****             */
 379:Generated_Source\PSoC4/cyPm.c ****             (void) CY_PM_PWR_STOP_REG;
 377              		.loc 1 379 0
 378 001c 1A68     		ldr	r2, [r3]
 380:Generated_Source\PSoC4/cyPm.c ****             (void) CY_PM_PWR_STOP_REG;
 379              		.loc 1 380 0
 380 001e 1A68     		ldr	r2, [r3]
 381:Generated_Source\PSoC4/cyPm.c **** 
 382:Generated_Source\PSoC4/cyPm.c ****             /* Second write causes the freeze of IO-Cells to save IO-Cell state */
 383:Generated_Source\PSoC4/cyPm.c ****             CY_PM_PWR_STOP_REG = CY_PM_PWR_STOP_REG;
 381              		.loc 1 383 0
 382 0020 1A68     		ldr	r2, [r3]
 383 0022 1A60     		str	r2, [r3]
 384              	.L24:
 384:Generated_Source\PSoC4/cyPm.c ****         }
 385:Generated_Source\PSoC4/cyPm.c **** 
 386:Generated_Source\PSoC4/cyPm.c ****         CyExitCriticalSection(interruptState);
 385              		.loc 1 386 0
 386 0024 FFF7FEFF 		bl	CyExitCriticalSection
 387              	.LVL19:
 387:Generated_Source\PSoC4/cyPm.c ****     }
 388              		.loc 1 387 0
 389              		@ sp needed
 390 0028 10BD     		pop	{r4, pc}
 391              	.L26:
 392 002a C046     		.align	2
 393              	.L25:
 394 002c 2C000B40 		.word	1074462764
 395 0030 FF000100 		.word	65791
 396 0034 003A0280 		.word	-2147337728
 397              		.cfi_endproc
 398              	.LFE6:
 399              		.size	CySysPmFreezeIo, .-CySysPmFreezeIo
 400              		.section	.text.CySysPmStop,"ax",%progbits
 401              		.align	2
 402              		.global	CySysPmStop
 403              		.code	16
 404              		.thumb_func
 405              		.type	CySysPmStop, %function
 406              	CySysPmStop:
ARM GAS  C:\Users\VIDEOH~1\AppData\Local\Temp\cc4Xs0hU.s 			page 15


 407              	.LFB3:
 244:Generated_Source\PSoC4/cyPm.c ****         (void) CyEnterCriticalSection();
 408              		.loc 1 244 0
 409              		.cfi_startproc
 410              		@ args = 0, pretend = 0, frame = 0
 411              		@ frame_needed = 0, uses_anonymous_args = 0
 412 0000 10B5     		push	{r4, lr}
 413              		.cfi_def_cfa_offset 8
 414              		.cfi_offset 4, -8
 415              		.cfi_offset 14, -4
 245:Generated_Source\PSoC4/cyPm.c **** 
 416              		.loc 1 245 0
 417 0002 FFF7FEFF 		bl	CyEnterCriticalSection
 418              	.LVL20:
 248:Generated_Source\PSoC4/cyPm.c **** 
 419              		.loc 1 248 0
 420 0006 094C     		ldr	r4, .L28
 421 0008 2268     		ldr	r2, [r4]
 422 000a 8023     		movs	r3, #128
 423 000c 5B02     		lsls	r3, r3, #9
 424 000e 1340     		ands	r3, r2
 425 0010 F222     		movs	r2, #242
 426 0012 1343     		orrs	r3, r2
 427 0014 2360     		str	r3, [r4]
 251:Generated_Source\PSoC4/cyPm.c **** 
 428              		.loc 1 251 0
 429 0016 FFF7FEFF 		bl	CySysPmFreezeIo
 430              	.LVL21:
 254:Generated_Source\PSoC4/cyPm.c **** 
 431              		.loc 1 254 0
 432 001a 2368     		ldr	r3, [r4]
 433 001c 8022     		movs	r2, #128
 434 001e 1206     		lsls	r2, r2, #24
 435 0020 1343     		orrs	r3, r2
 436 0022 2360     		str	r3, [r4]
 261:Generated_Source\PSoC4/cyPm.c ****         CY_NOP;
 437              		.loc 1 261 0
 438              		.syntax divided
 439              	@ 261 "Generated_Source\PSoC4\cyPm.c" 1
 440 0024 C046     		NOP
 441              	
 442              	@ 0 "" 2
 262:Generated_Source\PSoC4/cyPm.c **** 
 443              		.loc 1 262 0
 444              	@ 262 "Generated_Source\PSoC4\cyPm.c" 1
 445 0026 C046     		NOP
 446              	
 447              	@ 0 "" 2
 265:Generated_Source\PSoC4/cyPm.c **** 
 448              		.loc 1 265 0
 449              	@ 265 "Generated_Source\PSoC4\cyPm.c" 1
 450 0028 30BF     		WFI 
 451              	
 452              	@ 0 "" 2
 271:Generated_Source\PSoC4/cyPm.c **** 
 453              		.loc 1 271 0
 454              		.thumb
ARM GAS  C:\Users\VIDEOH~1\AppData\Local\Temp\cc4Xs0hU.s 			page 16


 455              		.syntax unified
 456              		@ sp needed
 457 002a 10BD     		pop	{r4, pc}
 458              	.L29:
 459              		.align	2
 460              	.L28:
 461 002c 2C000B40 		.word	1074462764
 462              		.cfi_endproc
 463              	.LFE3:
 464              		.size	CySysPmStop, .-CySysPmStop
 465              		.section	.text.CySysPmUnfreezeIo,"ax",%progbits
 466              		.align	2
 467              		.global	CySysPmUnfreezeIo
 468              		.code	16
 469              		.thumb_func
 470              		.type	CySysPmUnfreezeIo, %function
 471              	CySysPmUnfreezeIo:
 472              	.LFB7:
 388:Generated_Source\PSoC4/cyPm.c **** 
 389:Generated_Source\PSoC4/cyPm.c **** 
 390:Generated_Source\PSoC4/cyPm.c ****     /*******************************************************************************
 391:Generated_Source\PSoC4/cyPm.c ****     * Function Name: CySysPmUnfreezeIo
 392:Generated_Source\PSoC4/cyPm.c ****     ****************************************************************************//**
 393:Generated_Source\PSoC4/cyPm.c ****     *
 394:Generated_Source\PSoC4/cyPm.c ****     * The IO-Cells remain frozen after awake from Hibernate or Stop mode until
 395:Generated_Source\PSoC4/cyPm.c ****     * the firmware unfreezes them after booting. The call of this function
 396:Generated_Source\PSoC4/cyPm.c ****     * unfreezes IO-Cells explicitly.
 397:Generated_Source\PSoC4/cyPm.c ****     *
 398:Generated_Source\PSoC4/cyPm.c ****     * If the firmware intent is to retain the data value on the port, then the
 399:Generated_Source\PSoC4/cyPm.c ****     * value must be read and re-written to the data register before calling this
 400:Generated_Source\PSoC4/cyPm.c ****     * API. Furthermore, the drive mode must be re-programmed.  If this is not done,
 401:Generated_Source\PSoC4/cyPm.c ****     * the pin state will change to default state the moment the freeze is removed.
 402:Generated_Source\PSoC4/cyPm.c ****     *
 403:Generated_Source\PSoC4/cyPm.c ****     * This API is not available for PSoC 4000 family of devices.
 404:Generated_Source\PSoC4/cyPm.c ****     *
 405:Generated_Source\PSoC4/cyPm.c ****     *******************************************************************************/
 406:Generated_Source\PSoC4/cyPm.c ****     void CySysPmUnfreezeIo(void)
 407:Generated_Source\PSoC4/cyPm.c ****     {
 473              		.loc 1 407 0
 474              		.cfi_startproc
 475              		@ args = 0, pretend = 0, frame = 0
 476              		@ frame_needed = 0, uses_anonymous_args = 0
 477 0000 10B5     		push	{r4, lr}
 478              		.cfi_def_cfa_offset 8
 479              		.cfi_offset 4, -8
 480              		.cfi_offset 14, -4
 408:Generated_Source\PSoC4/cyPm.c ****         uint8 interruptState;
 409:Generated_Source\PSoC4/cyPm.c **** 
 410:Generated_Source\PSoC4/cyPm.c ****         interruptState = CyEnterCriticalSection();
 481              		.loc 1 410 0
 482 0002 FFF7FEFF 		bl	CyEnterCriticalSection
 483              	.LVL22:
 411:Generated_Source\PSoC4/cyPm.c **** 
 412:Generated_Source\PSoC4/cyPm.c ****         /* Preserve last reset reason and wakeup polarity. Then, unfreeze I/O:
 413:Generated_Source\PSoC4/cyPm.c ****          * write PWR_STOP.FREEZE=0, .UNLOCK=0x3A, .STOP=0, .TOKEN
 414:Generated_Source\PSoC4/cyPm.c ****          */
 415:Generated_Source\PSoC4/cyPm.c ****         CY_PM_PWR_STOP_REG = CY_PM_PWR_STOP_UNLOCK |
ARM GAS  C:\Users\VIDEOH~1\AppData\Local\Temp\cc4Xs0hU.s 			page 17


 416:Generated_Source\PSoC4/cyPm.c ****                             (CY_PM_PWR_STOP_REG & (CY_PM_PWR_STOP_TOKEN_MASK | CY_PM_PWR_STOP_POLAR
 484              		.loc 1 416 0
 485 0006 084B     		ldr	r3, .L31
 486 0008 1A68     		ldr	r2, [r3]
 487 000a 0849     		ldr	r1, .L31+4
 488 000c 0A40     		ands	r2, r1
 415:Generated_Source\PSoC4/cyPm.c ****                             (CY_PM_PWR_STOP_REG & (CY_PM_PWR_STOP_TOKEN_MASK | CY_PM_PWR_STOP_POLAR
 489              		.loc 1 415 0
 490 000e E824     		movs	r4, #232
 491 0010 A401     		lsls	r4, r4, #6
 492 0012 2243     		orrs	r2, r4
 493 0014 1A60     		str	r2, [r3]
 417:Generated_Source\PSoC4/cyPm.c **** 
 418:Generated_Source\PSoC4/cyPm.c ****         /* If reading after writing, read this register three times to delay
 419:Generated_Source\PSoC4/cyPm.c ****         *  enough time for internal settling.
 420:Generated_Source\PSoC4/cyPm.c ****         */
 421:Generated_Source\PSoC4/cyPm.c ****         (void) CY_PM_PWR_STOP_REG;
 494              		.loc 1 421 0
 495 0016 1A68     		ldr	r2, [r3]
 422:Generated_Source\PSoC4/cyPm.c ****         (void) CY_PM_PWR_STOP_REG;
 496              		.loc 1 422 0
 497 0018 1A68     		ldr	r2, [r3]
 423:Generated_Source\PSoC4/cyPm.c **** 
 424:Generated_Source\PSoC4/cyPm.c ****         /* Lock STOP mode: write PWR_STOP.FREEZE=0, UNLOCK=0x00, STOP=0, .TOKEN */
 425:Generated_Source\PSoC4/cyPm.c ****         CY_PM_PWR_STOP_REG &= (CY_PM_PWR_STOP_TOKEN_MASK | CY_PM_PWR_STOP_POLARITY);
 498              		.loc 1 425 0
 499 001a 1A68     		ldr	r2, [r3]
 500 001c 1140     		ands	r1, r2
 501 001e 1960     		str	r1, [r3]
 426:Generated_Source\PSoC4/cyPm.c **** 
 427:Generated_Source\PSoC4/cyPm.c ****         CyExitCriticalSection(interruptState);
 502              		.loc 1 427 0
 503 0020 FFF7FEFF 		bl	CyExitCriticalSection
 504              	.LVL23:
 428:Generated_Source\PSoC4/cyPm.c ****     }
 505              		.loc 1 428 0
 506              		@ sp needed
 507 0024 10BD     		pop	{r4, pc}
 508              	.L32:
 509 0026 C046     		.align	2
 510              	.L31:
 511 0028 2C000B40 		.word	1074462764
 512 002c FF000100 		.word	65791
 513              		.cfi_endproc
 514              	.LFE7:
 515              		.size	CySysPmUnfreezeIo, .-CySysPmUnfreezeIo
 516              		.text
 517              	.Letext0:
 518              		.file 2 "Generated_Source\\PSoC4\\cytypes.h"
 519              		.file 3 "Generated_Source\\PSoC4\\CyLib.h"
 520              		.section	.debug_info,"",%progbits
 521              	.Ldebug_info0:
 522 0000 C7020000 		.4byte	0x2c7
 523 0004 0400     		.2byte	0x4
 524 0006 00000000 		.4byte	.Ldebug_abbrev0
 525 000a 04       		.byte	0x4
 526 000b 01       		.uleb128 0x1
ARM GAS  C:\Users\VIDEOH~1\AppData\Local\Temp\cc4Xs0hU.s 			page 18


 527 000c 56000000 		.4byte	.LASF31
 528 0010 0C       		.byte	0xc
 529 0011 73020000 		.4byte	.LASF32
 530 0015 EB010000 		.4byte	.LASF33
 531 0019 00000000 		.4byte	.Ldebug_ranges0+0
 532 001d 00000000 		.4byte	0
 533 0021 00000000 		.4byte	.Ldebug_line0
 534 0025 02       		.uleb128 0x2
 535 0026 01       		.byte	0x1
 536 0027 06       		.byte	0x6
 537 0028 91020000 		.4byte	.LASF0
 538 002c 02       		.uleb128 0x2
 539 002d 01       		.byte	0x1
 540 002e 08       		.byte	0x8
 541 002f 0C010000 		.4byte	.LASF1
 542 0033 02       		.uleb128 0x2
 543 0034 02       		.byte	0x2
 544 0035 05       		.byte	0x5
 545 0036 4F020000 		.4byte	.LASF2
 546 003a 02       		.uleb128 0x2
 547 003b 02       		.byte	0x2
 548 003c 07       		.byte	0x7
 549 003d 43000000 		.4byte	.LASF3
 550 0041 02       		.uleb128 0x2
 551 0042 04       		.byte	0x4
 552 0043 05       		.byte	0x5
 553 0044 6A020000 		.4byte	.LASF4
 554 0048 02       		.uleb128 0x2
 555 0049 04       		.byte	0x4
 556 004a 07       		.byte	0x7
 557 004b 29010000 		.4byte	.LASF5
 558 004f 02       		.uleb128 0x2
 559 0050 08       		.byte	0x8
 560 0051 05       		.byte	0x5
 561 0052 2F020000 		.4byte	.LASF6
 562 0056 02       		.uleb128 0x2
 563 0057 08       		.byte	0x8
 564 0058 07       		.byte	0x7
 565 0059 F5000000 		.4byte	.LASF7
 566 005d 03       		.uleb128 0x3
 567 005e 04       		.byte	0x4
 568 005f 05       		.byte	0x5
 569 0060 696E7400 		.ascii	"int\000"
 570 0064 02       		.uleb128 0x2
 571 0065 04       		.byte	0x4
 572 0066 07       		.byte	0x7
 573 0067 8B010000 		.4byte	.LASF8
 574 006b 04       		.uleb128 0x4
 575 006c 3B010000 		.4byte	.LASF9
 576 0070 02       		.byte	0x2
 577 0071 E401     		.2byte	0x1e4
 578 0073 2C000000 		.4byte	0x2c
 579 0077 04       		.uleb128 0x4
 580 0078 66010000 		.4byte	.LASF10
 581 007c 02       		.byte	0x2
 582 007d E501     		.2byte	0x1e5
 583 007f 3A000000 		.4byte	0x3a
ARM GAS  C:\Users\VIDEOH~1\AppData\Local\Temp\cc4Xs0hU.s 			page 19


 584 0083 04       		.uleb128 0x4
 585 0084 6D010000 		.4byte	.LASF11
 586 0088 02       		.byte	0x2
 587 0089 E601     		.2byte	0x1e6
 588 008b 48000000 		.4byte	0x48
 589 008f 02       		.uleb128 0x2
 590 0090 04       		.byte	0x4
 591 0091 04       		.byte	0x4
 592 0092 EF000000 		.4byte	.LASF12
 593 0096 02       		.uleb128 0x2
 594 0097 08       		.byte	0x8
 595 0098 04       		.byte	0x4
 596 0099 4D010000 		.4byte	.LASF13
 597 009d 02       		.uleb128 0x2
 598 009e 01       		.byte	0x1
 599 009f 08       		.byte	0x8
 600 00a0 3D020000 		.4byte	.LASF14
 601 00a4 04       		.uleb128 0x4
 602 00a5 00000000 		.4byte	.LASF15
 603 00a9 02       		.byte	0x2
 604 00aa 8F02     		.2byte	0x28f
 605 00ac B0000000 		.4byte	0xb0
 606 00b0 05       		.uleb128 0x5
 607 00b1 77000000 		.4byte	0x77
 608 00b5 04       		.uleb128 0x4
 609 00b6 06000000 		.4byte	.LASF16
 610 00ba 02       		.byte	0x2
 611 00bb 9002     		.2byte	0x290
 612 00bd C1000000 		.4byte	0xc1
 613 00c1 05       		.uleb128 0x5
 614 00c2 83000000 		.4byte	0x83
 615 00c6 02       		.uleb128 0x2
 616 00c7 04       		.byte	0x4
 617 00c8 07       		.byte	0x7
 618 00c9 26020000 		.4byte	.LASF17
 619 00cd 06       		.uleb128 0x6
 620 00ce 36000000 		.4byte	.LASF18
 621 00d2 01       		.byte	0x1
 622 00d3 21       		.byte	0x21
 623 00d4 00000000 		.4byte	.LFB0
 624 00d8 1C000000 		.4byte	.LFE0-.LFB0
 625 00dc 01       		.uleb128 0x1
 626 00dd 9C       		.byte	0x9c
 627 00de 04010000 		.4byte	0x104
 628 00e2 07       		.uleb128 0x7
 629 00e3 1A010000 		.4byte	.LASF20
 630 00e7 01       		.byte	0x1
 631 00e8 23       		.byte	0x23
 632 00e9 6B000000 		.4byte	0x6b
 633 00ed 00000000 		.4byte	.LLST0
 634 00f1 08       		.uleb128 0x8
 635 00f2 06000000 		.4byte	.LVL0
 636 00f6 A9020000 		.4byte	0x2a9
 637 00fa 08       		.uleb128 0x8
 638 00fb 16000000 		.4byte	.LVL1
 639 00ff B4020000 		.4byte	0x2b4
 640 0103 00       		.byte	0
ARM GAS  C:\Users\VIDEOH~1\AppData\Local\Temp\cc4Xs0hU.s 			page 20


 641 0104 06       		.uleb128 0x6
 642 0105 59020000 		.4byte	.LASF19
 643 0109 01       		.byte	0x1
 644 010a 40       		.byte	0x40
 645 010b 00000000 		.4byte	.LFB1
 646 010f 6C000000 		.4byte	.LFE1-.LFB1
 647 0113 01       		.uleb128 0x1
 648 0114 9C       		.byte	0x9c
 649 0115 64010000 		.4byte	0x164
 650 0119 07       		.uleb128 0x7
 651 011a 1A010000 		.4byte	.LASF20
 652 011e 01       		.byte	0x1
 653 011f 42       		.byte	0x42
 654 0120 6B000000 		.4byte	0x6b
 655 0124 13000000 		.4byte	.LLST1
 656 0128 09       		.uleb128 0x9
 657 0129 42020000 		.4byte	.LASF21
 658 012d 01       		.byte	0x1
 659 012e 44       		.byte	0x44
 660 012f C1000000 		.4byte	0xc1
 661 0133 02       		.uleb128 0x2
 662 0134 91       		.byte	0x91
 663 0135 64       		.sleb128 -28
 664 0136 08       		.uleb128 0x8
 665 0137 08000000 		.4byte	.LVL2
 666 013b A9020000 		.4byte	0x2a9
 667 013f 0A       		.uleb128 0xa
 668 0140 40000000 		.4byte	.LVL4
 669 0144 BF020000 		.4byte	0x2bf
 670 0148 53010000 		.4byte	0x153
 671 014c 0B       		.uleb128 0xb
 672 014d 01       		.uleb128 0x1
 673 014e 50       		.byte	0x50
 674 014f 02       		.uleb128 0x2
 675 0150 76       		.byte	0x76
 676 0151 00       		.sleb128 0
 677 0152 00       		.byte	0
 678 0153 0C       		.uleb128 0xc
 679 0154 52000000 		.4byte	.LVL5
 680 0158 B4020000 		.4byte	0x2b4
 681 015c 0B       		.uleb128 0xb
 682 015d 01       		.uleb128 0x1
 683 015e 50       		.byte	0x50
 684 015f 02       		.uleb128 0x2
 685 0160 74       		.byte	0x74
 686 0161 00       		.sleb128 0
 687 0162 00       		.byte	0
 688 0163 00       		.byte	0
 689 0164 06       		.uleb128 0x6
 690 0165 25000000 		.4byte	.LASF22
 691 0169 01       		.byte	0x1
 692 016a B8       		.byte	0xb8
 693 016b 00000000 		.4byte	.LFB2
 694 016f 50000000 		.4byte	.LFE2-.LFB2
 695 0173 01       		.uleb128 0x1
 696 0174 9C       		.byte	0x9c
 697 0175 9B010000 		.4byte	0x19b
ARM GAS  C:\Users\VIDEOH~1\AppData\Local\Temp\cc4Xs0hU.s 			page 21


 698 0179 07       		.uleb128 0x7
 699 017a 1A010000 		.4byte	.LASF20
 700 017e 01       		.byte	0x1
 701 017f BA       		.byte	0xba
 702 0180 6B000000 		.4byte	0x6b
 703 0184 26000000 		.4byte	.LLST2
 704 0188 08       		.uleb128 0x8
 705 0189 06000000 		.4byte	.LVL7
 706 018d A9020000 		.4byte	0x2a9
 707 0191 08       		.uleb128 0x8
 708 0192 3A000000 		.4byte	.LVL8
 709 0196 B4020000 		.4byte	0x2b4
 710 019a 00       		.byte	0
 711 019b 0D       		.uleb128 0xd
 712 019c 0C000000 		.4byte	.LASF23
 713 01a0 01       		.byte	0x1
 714 01a1 2001     		.2byte	0x120
 715 01a3 00000000 		.4byte	.LFB4
 716 01a7 34000000 		.4byte	.LFE4-.LFB4
 717 01ab 01       		.uleb128 0x1
 718 01ac 9C       		.byte	0x9c
 719 01ad E4010000 		.4byte	0x1e4
 720 01b1 0E       		.uleb128 0xe
 721 01b2 CC010000 		.4byte	.LASF34
 722 01b6 01       		.byte	0x1
 723 01b7 2001     		.2byte	0x120
 724 01b9 83000000 		.4byte	0x83
 725 01bd 39000000 		.4byte	.LLST3
 726 01c1 0F       		.uleb128 0xf
 727 01c2 1A010000 		.4byte	.LASF20
 728 01c6 01       		.byte	0x1
 729 01c7 2201     		.2byte	0x122
 730 01c9 6B000000 		.4byte	0x6b
 731 01cd 65000000 		.4byte	.LLST4
 732 01d1 08       		.uleb128 0x8
 733 01d2 08000000 		.4byte	.LVL10
 734 01d6 A9020000 		.4byte	0x2a9
 735 01da 08       		.uleb128 0x8
 736 01db 28000000 		.4byte	.LVL11
 737 01df B4020000 		.4byte	0x2b4
 738 01e3 00       		.byte	0
 739 01e4 10       		.uleb128 0x10
 740 01e5 D5010000 		.4byte	.LASF35
 741 01e9 01       		.byte	0x1
 742 01ea 3C01     		.2byte	0x13c
 743 01ec 83000000 		.4byte	0x83
 744 01f0 00000000 		.4byte	.LFB5
 745 01f4 28000000 		.4byte	.LFE5-.LFB5
 746 01f8 01       		.uleb128 0x1
 747 01f9 9C       		.byte	0x9c
 748 01fa 0F020000 		.4byte	0x20f
 749 01fe 0F       		.uleb128 0xf
 750 01ff C5010000 		.4byte	.LASF24
 751 0203 01       		.byte	0x1
 752 0204 3E01     		.2byte	0x13e
 753 0206 83000000 		.4byte	0x83
 754 020a 78000000 		.4byte	.LLST5
ARM GAS  C:\Users\VIDEOH~1\AppData\Local\Temp\cc4Xs0hU.s 			page 22


 755 020e 00       		.byte	0
 756 020f 0D       		.uleb128 0xd
 757 0210 9D020000 		.4byte	.LASF25
 758 0214 01       		.byte	0x1
 759 0215 6601     		.2byte	0x166
 760 0217 00000000 		.4byte	.LFB6
 761 021b 38000000 		.4byte	.LFE6-.LFB6
 762 021f 01       		.uleb128 0x1
 763 0220 9C       		.byte	0x9c
 764 0221 48020000 		.4byte	0x248
 765 0225 0F       		.uleb128 0xf
 766 0226 1A010000 		.4byte	.LASF20
 767 022a 01       		.byte	0x1
 768 022b 6801     		.2byte	0x168
 769 022d 6B000000 		.4byte	0x6b
 770 0231 BB000000 		.4byte	.LLST6
 771 0235 08       		.uleb128 0x8
 772 0236 06000000 		.4byte	.LVL18
 773 023a A9020000 		.4byte	0x2a9
 774 023e 08       		.uleb128 0x8
 775 023f 28000000 		.4byte	.LVL19
 776 0243 B4020000 		.4byte	0x2b4
 777 0247 00       		.byte	0
 778 0248 06       		.uleb128 0x6
 779 0249 41010000 		.4byte	.LASF26
 780 024d 01       		.byte	0x1
 781 024e F3       		.byte	0xf3
 782 024f 00000000 		.4byte	.LFB3
 783 0253 30000000 		.4byte	.LFE3-.LFB3
 784 0257 01       		.uleb128 0x1
 785 0258 9C       		.byte	0x9c
 786 0259 70020000 		.4byte	0x270
 787 025d 08       		.uleb128 0x8
 788 025e 06000000 		.4byte	.LVL20
 789 0262 A9020000 		.4byte	0x2a9
 790 0266 08       		.uleb128 0x8
 791 0267 1A000000 		.4byte	.LVL21
 792 026b 0F020000 		.4byte	0x20f
 793 026f 00       		.byte	0
 794 0270 0D       		.uleb128 0xd
 795 0271 54010000 		.4byte	.LASF27
 796 0275 01       		.byte	0x1
 797 0276 9601     		.2byte	0x196
 798 0278 00000000 		.4byte	.LFB7
 799 027c 30000000 		.4byte	.LFE7-.LFB7
 800 0280 01       		.uleb128 0x1
 801 0281 9C       		.byte	0x9c
 802 0282 A9020000 		.4byte	0x2a9
 803 0286 0F       		.uleb128 0xf
 804 0287 1A010000 		.4byte	.LASF20
 805 028b 01       		.byte	0x1
 806 028c 9801     		.2byte	0x198
 807 028e 6B000000 		.4byte	0x6b
 808 0292 CE000000 		.4byte	.LLST7
 809 0296 08       		.uleb128 0x8
 810 0297 06000000 		.4byte	.LVL22
 811 029b A9020000 		.4byte	0x2a9
ARM GAS  C:\Users\VIDEOH~1\AppData\Local\Temp\cc4Xs0hU.s 			page 23


 812 029f 08       		.uleb128 0x8
 813 02a0 24000000 		.4byte	.LVL23
 814 02a4 B4020000 		.4byte	0x2b4
 815 02a8 00       		.byte	0
 816 02a9 11       		.uleb128 0x11
 817 02aa 74010000 		.4byte	.LASF28
 818 02ae 74010000 		.4byte	.LASF28
 819 02b2 03       		.byte	0x3
 820 02b3 E5       		.byte	0xe5
 821 02b4 11       		.uleb128 0x11
 822 02b5 98010000 		.4byte	.LASF29
 823 02b9 98010000 		.4byte	.LASF29
 824 02bd 03       		.byte	0x3
 825 02be E6       		.byte	0xe6
 826 02bf 11       		.uleb128 0x11
 827 02c0 AE010000 		.4byte	.LASF30
 828 02c4 AE010000 		.4byte	.LASF30
 829 02c8 03       		.byte	0x3
 830 02c9 6B       		.byte	0x6b
 831 02ca 00       		.byte	0
 832              		.section	.debug_abbrev,"",%progbits
 833              	.Ldebug_abbrev0:
 834 0000 01       		.uleb128 0x1
 835 0001 11       		.uleb128 0x11
 836 0002 01       		.byte	0x1
 837 0003 25       		.uleb128 0x25
 838 0004 0E       		.uleb128 0xe
 839 0005 13       		.uleb128 0x13
 840 0006 0B       		.uleb128 0xb
 841 0007 03       		.uleb128 0x3
 842 0008 0E       		.uleb128 0xe
 843 0009 1B       		.uleb128 0x1b
 844 000a 0E       		.uleb128 0xe
 845 000b 55       		.uleb128 0x55
 846 000c 17       		.uleb128 0x17
 847 000d 11       		.uleb128 0x11
 848 000e 01       		.uleb128 0x1
 849 000f 10       		.uleb128 0x10
 850 0010 17       		.uleb128 0x17
 851 0011 00       		.byte	0
 852 0012 00       		.byte	0
 853 0013 02       		.uleb128 0x2
 854 0014 24       		.uleb128 0x24
 855 0015 00       		.byte	0
 856 0016 0B       		.uleb128 0xb
 857 0017 0B       		.uleb128 0xb
 858 0018 3E       		.uleb128 0x3e
 859 0019 0B       		.uleb128 0xb
 860 001a 03       		.uleb128 0x3
 861 001b 0E       		.uleb128 0xe
 862 001c 00       		.byte	0
 863 001d 00       		.byte	0
 864 001e 03       		.uleb128 0x3
 865 001f 24       		.uleb128 0x24
 866 0020 00       		.byte	0
 867 0021 0B       		.uleb128 0xb
 868 0022 0B       		.uleb128 0xb
ARM GAS  C:\Users\VIDEOH~1\AppData\Local\Temp\cc4Xs0hU.s 			page 24


 869 0023 3E       		.uleb128 0x3e
 870 0024 0B       		.uleb128 0xb
 871 0025 03       		.uleb128 0x3
 872 0026 08       		.uleb128 0x8
 873 0027 00       		.byte	0
 874 0028 00       		.byte	0
 875 0029 04       		.uleb128 0x4
 876 002a 16       		.uleb128 0x16
 877 002b 00       		.byte	0
 878 002c 03       		.uleb128 0x3
 879 002d 0E       		.uleb128 0xe
 880 002e 3A       		.uleb128 0x3a
 881 002f 0B       		.uleb128 0xb
 882 0030 3B       		.uleb128 0x3b
 883 0031 05       		.uleb128 0x5
 884 0032 49       		.uleb128 0x49
 885 0033 13       		.uleb128 0x13
 886 0034 00       		.byte	0
 887 0035 00       		.byte	0
 888 0036 05       		.uleb128 0x5
 889 0037 35       		.uleb128 0x35
 890 0038 00       		.byte	0
 891 0039 49       		.uleb128 0x49
 892 003a 13       		.uleb128 0x13
 893 003b 00       		.byte	0
 894 003c 00       		.byte	0
 895 003d 06       		.uleb128 0x6
 896 003e 2E       		.uleb128 0x2e
 897 003f 01       		.byte	0x1
 898 0040 3F       		.uleb128 0x3f
 899 0041 19       		.uleb128 0x19
 900 0042 03       		.uleb128 0x3
 901 0043 0E       		.uleb128 0xe
 902 0044 3A       		.uleb128 0x3a
 903 0045 0B       		.uleb128 0xb
 904 0046 3B       		.uleb128 0x3b
 905 0047 0B       		.uleb128 0xb
 906 0048 27       		.uleb128 0x27
 907 0049 19       		.uleb128 0x19
 908 004a 11       		.uleb128 0x11
 909 004b 01       		.uleb128 0x1
 910 004c 12       		.uleb128 0x12
 911 004d 06       		.uleb128 0x6
 912 004e 40       		.uleb128 0x40
 913 004f 18       		.uleb128 0x18
 914 0050 9742     		.uleb128 0x2117
 915 0052 19       		.uleb128 0x19
 916 0053 01       		.uleb128 0x1
 917 0054 13       		.uleb128 0x13
 918 0055 00       		.byte	0
 919 0056 00       		.byte	0
 920 0057 07       		.uleb128 0x7
 921 0058 34       		.uleb128 0x34
 922 0059 00       		.byte	0
 923 005a 03       		.uleb128 0x3
 924 005b 0E       		.uleb128 0xe
 925 005c 3A       		.uleb128 0x3a
ARM GAS  C:\Users\VIDEOH~1\AppData\Local\Temp\cc4Xs0hU.s 			page 25


 926 005d 0B       		.uleb128 0xb
 927 005e 3B       		.uleb128 0x3b
 928 005f 0B       		.uleb128 0xb
 929 0060 49       		.uleb128 0x49
 930 0061 13       		.uleb128 0x13
 931 0062 02       		.uleb128 0x2
 932 0063 17       		.uleb128 0x17
 933 0064 00       		.byte	0
 934 0065 00       		.byte	0
 935 0066 08       		.uleb128 0x8
 936 0067 898201   		.uleb128 0x4109
 937 006a 00       		.byte	0
 938 006b 11       		.uleb128 0x11
 939 006c 01       		.uleb128 0x1
 940 006d 31       		.uleb128 0x31
 941 006e 13       		.uleb128 0x13
 942 006f 00       		.byte	0
 943 0070 00       		.byte	0
 944 0071 09       		.uleb128 0x9
 945 0072 34       		.uleb128 0x34
 946 0073 00       		.byte	0
 947 0074 03       		.uleb128 0x3
 948 0075 0E       		.uleb128 0xe
 949 0076 3A       		.uleb128 0x3a
 950 0077 0B       		.uleb128 0xb
 951 0078 3B       		.uleb128 0x3b
 952 0079 0B       		.uleb128 0xb
 953 007a 49       		.uleb128 0x49
 954 007b 13       		.uleb128 0x13
 955 007c 02       		.uleb128 0x2
 956 007d 18       		.uleb128 0x18
 957 007e 00       		.byte	0
 958 007f 00       		.byte	0
 959 0080 0A       		.uleb128 0xa
 960 0081 898201   		.uleb128 0x4109
 961 0084 01       		.byte	0x1
 962 0085 11       		.uleb128 0x11
 963 0086 01       		.uleb128 0x1
 964 0087 31       		.uleb128 0x31
 965 0088 13       		.uleb128 0x13
 966 0089 01       		.uleb128 0x1
 967 008a 13       		.uleb128 0x13
 968 008b 00       		.byte	0
 969 008c 00       		.byte	0
 970 008d 0B       		.uleb128 0xb
 971 008e 8A8201   		.uleb128 0x410a
 972 0091 00       		.byte	0
 973 0092 02       		.uleb128 0x2
 974 0093 18       		.uleb128 0x18
 975 0094 9142     		.uleb128 0x2111
 976 0096 18       		.uleb128 0x18
 977 0097 00       		.byte	0
 978 0098 00       		.byte	0
 979 0099 0C       		.uleb128 0xc
 980 009a 898201   		.uleb128 0x4109
 981 009d 01       		.byte	0x1
 982 009e 11       		.uleb128 0x11
ARM GAS  C:\Users\VIDEOH~1\AppData\Local\Temp\cc4Xs0hU.s 			page 26


 983 009f 01       		.uleb128 0x1
 984 00a0 31       		.uleb128 0x31
 985 00a1 13       		.uleb128 0x13
 986 00a2 00       		.byte	0
 987 00a3 00       		.byte	0
 988 00a4 0D       		.uleb128 0xd
 989 00a5 2E       		.uleb128 0x2e
 990 00a6 01       		.byte	0x1
 991 00a7 3F       		.uleb128 0x3f
 992 00a8 19       		.uleb128 0x19
 993 00a9 03       		.uleb128 0x3
 994 00aa 0E       		.uleb128 0xe
 995 00ab 3A       		.uleb128 0x3a
 996 00ac 0B       		.uleb128 0xb
 997 00ad 3B       		.uleb128 0x3b
 998 00ae 05       		.uleb128 0x5
 999 00af 27       		.uleb128 0x27
 1000 00b0 19       		.uleb128 0x19
 1001 00b1 11       		.uleb128 0x11
 1002 00b2 01       		.uleb128 0x1
 1003 00b3 12       		.uleb128 0x12
 1004 00b4 06       		.uleb128 0x6
 1005 00b5 40       		.uleb128 0x40
 1006 00b6 18       		.uleb128 0x18
 1007 00b7 9742     		.uleb128 0x2117
 1008 00b9 19       		.uleb128 0x19
 1009 00ba 01       		.uleb128 0x1
 1010 00bb 13       		.uleb128 0x13
 1011 00bc 00       		.byte	0
 1012 00bd 00       		.byte	0
 1013 00be 0E       		.uleb128 0xe
 1014 00bf 05       		.uleb128 0x5
 1015 00c0 00       		.byte	0
 1016 00c1 03       		.uleb128 0x3
 1017 00c2 0E       		.uleb128 0xe
 1018 00c3 3A       		.uleb128 0x3a
 1019 00c4 0B       		.uleb128 0xb
 1020 00c5 3B       		.uleb128 0x3b
 1021 00c6 05       		.uleb128 0x5
 1022 00c7 49       		.uleb128 0x49
 1023 00c8 13       		.uleb128 0x13
 1024 00c9 02       		.uleb128 0x2
 1025 00ca 17       		.uleb128 0x17
 1026 00cb 00       		.byte	0
 1027 00cc 00       		.byte	0
 1028 00cd 0F       		.uleb128 0xf
 1029 00ce 34       		.uleb128 0x34
 1030 00cf 00       		.byte	0
 1031 00d0 03       		.uleb128 0x3
 1032 00d1 0E       		.uleb128 0xe
 1033 00d2 3A       		.uleb128 0x3a
 1034 00d3 0B       		.uleb128 0xb
 1035 00d4 3B       		.uleb128 0x3b
 1036 00d5 05       		.uleb128 0x5
 1037 00d6 49       		.uleb128 0x49
 1038 00d7 13       		.uleb128 0x13
 1039 00d8 02       		.uleb128 0x2
ARM GAS  C:\Users\VIDEOH~1\AppData\Local\Temp\cc4Xs0hU.s 			page 27


 1040 00d9 17       		.uleb128 0x17
 1041 00da 00       		.byte	0
 1042 00db 00       		.byte	0
 1043 00dc 10       		.uleb128 0x10
 1044 00dd 2E       		.uleb128 0x2e
 1045 00de 01       		.byte	0x1
 1046 00df 3F       		.uleb128 0x3f
 1047 00e0 19       		.uleb128 0x19
 1048 00e1 03       		.uleb128 0x3
 1049 00e2 0E       		.uleb128 0xe
 1050 00e3 3A       		.uleb128 0x3a
 1051 00e4 0B       		.uleb128 0xb
 1052 00e5 3B       		.uleb128 0x3b
 1053 00e6 05       		.uleb128 0x5
 1054 00e7 27       		.uleb128 0x27
 1055 00e8 19       		.uleb128 0x19
 1056 00e9 49       		.uleb128 0x49
 1057 00ea 13       		.uleb128 0x13
 1058 00eb 11       		.uleb128 0x11
 1059 00ec 01       		.uleb128 0x1
 1060 00ed 12       		.uleb128 0x12
 1061 00ee 06       		.uleb128 0x6
 1062 00ef 40       		.uleb128 0x40
 1063 00f0 18       		.uleb128 0x18
 1064 00f1 9742     		.uleb128 0x2117
 1065 00f3 19       		.uleb128 0x19
 1066 00f4 01       		.uleb128 0x1
 1067 00f5 13       		.uleb128 0x13
 1068 00f6 00       		.byte	0
 1069 00f7 00       		.byte	0
 1070 00f8 11       		.uleb128 0x11
 1071 00f9 2E       		.uleb128 0x2e
 1072 00fa 00       		.byte	0
 1073 00fb 3F       		.uleb128 0x3f
 1074 00fc 19       		.uleb128 0x19
 1075 00fd 3C       		.uleb128 0x3c
 1076 00fe 19       		.uleb128 0x19
 1077 00ff 6E       		.uleb128 0x6e
 1078 0100 0E       		.uleb128 0xe
 1079 0101 03       		.uleb128 0x3
 1080 0102 0E       		.uleb128 0xe
 1081 0103 3A       		.uleb128 0x3a
 1082 0104 0B       		.uleb128 0xb
 1083 0105 3B       		.uleb128 0x3b
 1084 0106 0B       		.uleb128 0xb
 1085 0107 00       		.byte	0
 1086 0108 00       		.byte	0
 1087 0109 00       		.byte	0
 1088              		.section	.debug_loc,"",%progbits
 1089              	.Ldebug_loc0:
 1090              	.LLST0:
 1091 0000 06000000 		.4byte	.LVL0
 1092 0004 15000000 		.4byte	.LVL1-1
 1093 0008 0100     		.2byte	0x1
 1094 000a 50       		.byte	0x50
 1095 000b 00000000 		.4byte	0
 1096 000f 00000000 		.4byte	0
ARM GAS  C:\Users\VIDEOH~1\AppData\Local\Temp\cc4Xs0hU.s 			page 28


 1097              	.LLST1:
 1098 0013 0A000000 		.4byte	.LVL3
 1099 0017 54000000 		.4byte	.LVL6
 1100 001b 0100     		.2byte	0x1
 1101 001d 54       		.byte	0x54
 1102 001e 00000000 		.4byte	0
 1103 0022 00000000 		.4byte	0
 1104              	.LLST2:
 1105 0026 06000000 		.4byte	.LVL7
 1106 002a 39000000 		.4byte	.LVL8-1
 1107 002e 0100     		.2byte	0x1
 1108 0030 50       		.byte	0x50
 1109 0031 00000000 		.4byte	0
 1110 0035 00000000 		.4byte	0
 1111              	.LLST3:
 1112 0039 00000000 		.4byte	.LVL9
 1113 003d 07000000 		.4byte	.LVL10-1
 1114 0041 0100     		.2byte	0x1
 1115 0043 50       		.byte	0x50
 1116 0044 07000000 		.4byte	.LVL10-1
 1117 0048 28000000 		.4byte	.LVL12
 1118 004c 0100     		.2byte	0x1
 1119 004e 54       		.byte	0x54
 1120 004f 28000000 		.4byte	.LVL12
 1121 0053 34000000 		.4byte	.LFE4
 1122 0057 0400     		.2byte	0x4
 1123 0059 F3       		.byte	0xf3
 1124 005a 01       		.uleb128 0x1
 1125 005b 50       		.byte	0x50
 1126 005c 9F       		.byte	0x9f
 1127 005d 00000000 		.4byte	0
 1128 0061 00000000 		.4byte	0
 1129              	.LLST4:
 1130 0065 08000000 		.4byte	.LVL10
 1131 0069 27000000 		.4byte	.LVL11-1
 1132 006d 0100     		.2byte	0x1
 1133 006f 50       		.byte	0x50
 1134 0070 00000000 		.4byte	0
 1135 0074 00000000 		.4byte	0
 1136              	.LLST5:
 1137 0078 00000000 		.4byte	.LVL13
 1138 007c 18000000 		.4byte	.LVL14
 1139 0080 0200     		.2byte	0x2
 1140 0082 30       		.byte	0x30
 1141 0083 9F       		.byte	0x9f
 1142 0084 18000000 		.4byte	.LVL14
 1143 0088 1C000000 		.4byte	.LVL15
 1144 008c 0200     		.2byte	0x2
 1145 008e 32       		.byte	0x32
 1146 008f 9F       		.byte	0x9f
 1147 0090 1C000000 		.4byte	.LVL15
 1148 0094 20000000 		.4byte	.LVL16
 1149 0098 0200     		.2byte	0x2
 1150 009a 33       		.byte	0x33
 1151 009b 9F       		.byte	0x9f
 1152 009c 20000000 		.4byte	.LVL16
 1153 00a0 22000000 		.4byte	.LVL17
ARM GAS  C:\Users\VIDEOH~1\AppData\Local\Temp\cc4Xs0hU.s 			page 29


 1154 00a4 0200     		.2byte	0x2
 1155 00a6 30       		.byte	0x30
 1156 00a7 9F       		.byte	0x9f
 1157 00a8 22000000 		.4byte	.LVL17
 1158 00ac 28000000 		.4byte	.LFE5
 1159 00b0 0100     		.2byte	0x1
 1160 00b2 50       		.byte	0x50
 1161 00b3 00000000 		.4byte	0
 1162 00b7 00000000 		.4byte	0
 1163              	.LLST6:
 1164 00bb 06000000 		.4byte	.LVL18
 1165 00bf 27000000 		.4byte	.LVL19-1
 1166 00c3 0100     		.2byte	0x1
 1167 00c5 50       		.byte	0x50
 1168 00c6 00000000 		.4byte	0
 1169 00ca 00000000 		.4byte	0
 1170              	.LLST7:
 1171 00ce 06000000 		.4byte	.LVL22
 1172 00d2 23000000 		.4byte	.LVL23-1
 1173 00d6 0100     		.2byte	0x1
 1174 00d8 50       		.byte	0x50
 1175 00d9 00000000 		.4byte	0
 1176 00dd 00000000 		.4byte	0
 1177              		.section	.debug_aranges,"",%progbits
 1178 0000 54000000 		.4byte	0x54
 1179 0004 0200     		.2byte	0x2
 1180 0006 00000000 		.4byte	.Ldebug_info0
 1181 000a 04       		.byte	0x4
 1182 000b 00       		.byte	0
 1183 000c 0000     		.2byte	0
 1184 000e 0000     		.2byte	0
 1185 0010 00000000 		.4byte	.LFB0
 1186 0014 1C000000 		.4byte	.LFE0-.LFB0
 1187 0018 00000000 		.4byte	.LFB1
 1188 001c 6C000000 		.4byte	.LFE1-.LFB1
 1189 0020 00000000 		.4byte	.LFB2
 1190 0024 50000000 		.4byte	.LFE2-.LFB2
 1191 0028 00000000 		.4byte	.LFB4
 1192 002c 34000000 		.4byte	.LFE4-.LFB4
 1193 0030 00000000 		.4byte	.LFB5
 1194 0034 28000000 		.4byte	.LFE5-.LFB5
 1195 0038 00000000 		.4byte	.LFB6
 1196 003c 38000000 		.4byte	.LFE6-.LFB6
 1197 0040 00000000 		.4byte	.LFB3
 1198 0044 30000000 		.4byte	.LFE3-.LFB3
 1199 0048 00000000 		.4byte	.LFB7
 1200 004c 30000000 		.4byte	.LFE7-.LFB7
 1201 0050 00000000 		.4byte	0
 1202 0054 00000000 		.4byte	0
 1203              		.section	.debug_ranges,"",%progbits
 1204              	.Ldebug_ranges0:
 1205 0000 00000000 		.4byte	.LFB0
 1206 0004 1C000000 		.4byte	.LFE0
 1207 0008 00000000 		.4byte	.LFB1
 1208 000c 6C000000 		.4byte	.LFE1
 1209 0010 00000000 		.4byte	.LFB2
 1210 0014 50000000 		.4byte	.LFE2
ARM GAS  C:\Users\VIDEOH~1\AppData\Local\Temp\cc4Xs0hU.s 			page 30


 1211 0018 00000000 		.4byte	.LFB4
 1212 001c 34000000 		.4byte	.LFE4
 1213 0020 00000000 		.4byte	.LFB5
 1214 0024 28000000 		.4byte	.LFE5
 1215 0028 00000000 		.4byte	.LFB6
 1216 002c 38000000 		.4byte	.LFE6
 1217 0030 00000000 		.4byte	.LFB3
 1218 0034 30000000 		.4byte	.LFE3
 1219 0038 00000000 		.4byte	.LFB7
 1220 003c 30000000 		.4byte	.LFE7
 1221 0040 00000000 		.4byte	0
 1222 0044 00000000 		.4byte	0
 1223              		.section	.debug_line,"",%progbits
 1224              	.Ldebug_line0:
 1225 0000 31010000 		.section	.debug_str,"MS",%progbits,1
 1225      02004C00 
 1225      00000201 
 1225      FB0E0D00 
 1225      01010101 
 1226              	.LASF15:
 1227 0000 72656731 		.ascii	"reg16\000"
 1227      3600
 1228              	.LASF16:
 1229 0006 72656733 		.ascii	"reg32\000"
 1229      3200
 1230              	.LASF23:
 1231 000c 43795379 		.ascii	"CySysPmSetWakeupPolarity\000"
 1231      73506D53 
 1231      65745761 
 1231      6B657570 
 1231      506F6C61 
 1232              	.LASF22:
 1233 0025 43795379 		.ascii	"CySysPmHibernate\000"
 1233      73506D48 
 1233      69626572 
 1233      6E617465 
 1233      00
 1234              	.LASF18:
 1235 0036 43795379 		.ascii	"CySysPmSleep\000"
 1235      73506D53 
 1235      6C656570 
 1235      00
 1236              	.LASF3:
 1237 0043 73686F72 		.ascii	"short unsigned int\000"
 1237      7420756E 
 1237      7369676E 
 1237      65642069 
 1237      6E7400
 1238              	.LASF31:
 1239 0056 474E5520 		.ascii	"GNU C99 5.4.1 20160609 (release) [ARM/embedded-5-br"
 1239      43393920 
 1239      352E342E 
 1239      31203230 
 1239      31363036 
 1240 0089 616E6368 		.ascii	"anch revision 237715] -mcpu=cortex-m0 -mthumb -g -O"
 1240      20726576 
 1240      6973696F 
ARM GAS  C:\Users\VIDEOH~1\AppData\Local\Temp\cc4Xs0hU.s 			page 31


 1240      6E203233 
 1240      37373135 
 1241 00bc 67202D73 		.ascii	"g -std=gnu99 -ffunction-sections -ffat-lto-objects\000"
 1241      74643D67 
 1241      6E753939 
 1241      202D6666 
 1241      756E6374 
 1242              	.LASF12:
 1243 00ef 666C6F61 		.ascii	"float\000"
 1243      7400
 1244              	.LASF7:
 1245 00f5 6C6F6E67 		.ascii	"long long unsigned int\000"
 1245      206C6F6E 
 1245      6720756E 
 1245      7369676E 
 1245      65642069 
 1246              	.LASF1:
 1247 010c 756E7369 		.ascii	"unsigned char\000"
 1247      676E6564 
 1247      20636861 
 1247      7200
 1248              	.LASF20:
 1249 011a 696E7465 		.ascii	"interruptState\000"
 1249      72727570 
 1249      74537461 
 1249      746500
 1250              	.LASF5:
 1251 0129 6C6F6E67 		.ascii	"long unsigned int\000"
 1251      20756E73 
 1251      69676E65 
 1251      6420696E 
 1251      7400
 1252              	.LASF9:
 1253 013b 75696E74 		.ascii	"uint8\000"
 1253      3800
 1254              	.LASF26:
 1255 0141 43795379 		.ascii	"CySysPmStop\000"
 1255      73506D53 
 1255      746F7000 
 1256              	.LASF13:
 1257 014d 646F7562 		.ascii	"double\000"
 1257      6C6500
 1258              	.LASF27:
 1259 0154 43795379 		.ascii	"CySysPmUnfreezeIo\000"
 1259      73506D55 
 1259      6E667265 
 1259      657A6549 
 1259      6F00
 1260              	.LASF10:
 1261 0166 75696E74 		.ascii	"uint16\000"
 1261      313600
 1262              	.LASF11:
 1263 016d 75696E74 		.ascii	"uint32\000"
 1263      333200
 1264              	.LASF28:
 1265 0174 4379456E 		.ascii	"CyEnterCriticalSection\000"
 1265      74657243 
ARM GAS  C:\Users\VIDEOH~1\AppData\Local\Temp\cc4Xs0hU.s 			page 32


 1265      72697469 
 1265      63616C53 
 1265      65637469 
 1266              	.LASF8:
 1267 018b 756E7369 		.ascii	"unsigned int\000"
 1267      676E6564 
 1267      20696E74 
 1267      00
 1268              	.LASF29:
 1269 0198 43794578 		.ascii	"CyExitCriticalSection\000"
 1269      69744372 
 1269      69746963 
 1269      616C5365 
 1269      6374696F 
 1270              	.LASF30:
 1271 01ae 43795379 		.ascii	"CySysClkWriteSysclkDiv\000"
 1271      73436C6B 
 1271      57726974 
 1271      65537973 
 1271      636C6B44 
 1272              	.LASF24:
 1273 01c5 72656173 		.ascii	"reason\000"
 1273      6F6E00
 1274              	.LASF34:
 1275 01cc 706F6C61 		.ascii	"polarity\000"
 1275      72697479 
 1275      00
 1276              	.LASF35:
 1277 01d5 43795379 		.ascii	"CySysPmGetResetReason\000"
 1277      73506D47 
 1277      65745265 
 1277      73657452 
 1277      6561736F 
 1278              	.LASF33:
 1279 01eb 443A5C31 		.ascii	"D:\\1_work\\my_project\\ReloadPro\\psoc42boot\\Relo"
 1279      5F776F72 
 1279      6B5C6D79 
 1279      5F70726F 
 1279      6A656374 
 1280 0219 61642050 		.ascii	"ad Pro.cydsn\000"
 1280      726F2E63 
 1280      7964736E 
 1280      00
 1281              	.LASF17:
 1282 0226 73697A65 		.ascii	"sizetype\000"
 1282      74797065 
 1282      00
 1283              	.LASF6:
 1284 022f 6C6F6E67 		.ascii	"long long int\000"
 1284      206C6F6E 
 1284      6720696E 
 1284      7400
 1285              	.LASF14:
 1286 023d 63686172 		.ascii	"char\000"
 1286      00
 1287              	.LASF21:
 1288 0242 636C6B53 		.ascii	"clkSelectReg\000"
ARM GAS  C:\Users\VIDEOH~1\AppData\Local\Temp\cc4Xs0hU.s 			page 33


 1288      656C6563 
 1288      74526567 
 1288      00
 1289              	.LASF2:
 1290 024f 73686F72 		.ascii	"short int\000"
 1290      7420696E 
 1290      7400
 1291              	.LASF19:
 1292 0259 43795379 		.ascii	"CySysPmDeepSleep\000"
 1292      73506D44 
 1292      65657053 
 1292      6C656570 
 1292      00
 1293              	.LASF4:
 1294 026a 6C6F6E67 		.ascii	"long int\000"
 1294      20696E74 
 1294      00
 1295              	.LASF32:
 1296 0273 47656E65 		.ascii	"Generated_Source\\PSoC4\\cyPm.c\000"
 1296      72617465 
 1296      645F536F 
 1296      75726365 
 1296      5C50536F 
 1297              	.LASF0:
 1298 0291 7369676E 		.ascii	"signed char\000"
 1298      65642063 
 1298      68617200 
 1299              	.LASF25:
 1300 029d 43795379 		.ascii	"CySysPmFreezeIo\000"
 1300      73506D46 
 1300      7265657A 
 1300      65496F00 
 1301              		.ident	"GCC: (GNU Tools for ARM Embedded Processors) 5.4.1 20160609 (release) [ARM/embedded-5-bran
