Archive member included to satisfy reference by file (symbol)

.\CortexM0\ARM_GCC_541\Debug\Reload Pro.a(IDAC_High.o)
                              .\CortexM0\ARM_GCC_541\Debug\main.o (IDAC_High_Start)
.\CortexM0\ARM_GCC_541\Debug\Reload Pro.a(IDAC_Low.o)
                              .\CortexM0\ARM_GCC_541\Debug\main.o (IDAC_Low_Start)
.\CortexM0\ARM_GCC_541\Debug\Reload Pro.a(Opamp.o)
                              .\CortexM0\ARM_GCC_541\Debug\utils.o (Opamp_Start)
.\CortexM0\ARM_GCC_541\Debug\Reload Pro.a(Opamp_Out.o)
                              .\CortexM0\ARM_GCC_541\Debug\utils.o (Opamp_Out_SetDriveMode)
.\CortexM0\ARM_GCC_541\Debug\Reload Pro.a(ADC.o)
                              .\CortexM0\ARM_GCC_541\Debug\adctask.o (ADC_Start)
.\CortexM0\ARM_GCC_541\Debug\Reload Pro.a(ADC_INT.o)
                              .\CortexM0\ARM_GCC_541\Debug\Reload Pro.a(ADC.o) (ADC_ISR)
.\CortexM0\ARM_GCC_541\Debug\Reload Pro.a(UART.o)
                              .\CortexM0\ARM_GCC_541\Debug\comms.o (UART_Start)
.\CortexM0\ARM_GCC_541\Debug\Reload Pro.a(UART_SPI_UART.o)
                              .\CortexM0\ARM_GCC_541\Debug\comms.o (UART_SpiUartGetRxBufferSize)
.\CortexM0\ARM_GCC_541\Debug\Reload Pro.a(UART_UART.o)
                              .\CortexM0\ARM_GCC_541\Debug\Reload Pro.a(UART.o) (UART_UartInit)
.\CortexM0\ARM_GCC_541\Debug\Reload Pro.a(Display.o)
                              .\CortexM0\ARM_GCC_541\Debug\main.o (Display_SetContrast)
.\CortexM0\ARM_GCC_541\Debug\Reload Pro.a(Display_font.o)
                              .\CortexM0\ARM_GCC_541\Debug\Reload Pro.a(Display.o) (glyphs)
.\CortexM0\ARM_GCC_541\Debug\Reload Pro.a(QuadratureISR.o)
                              .\CortexM0\ARM_GCC_541\Debug\ui.o (QuadratureISR_StartEx)
.\CortexM0\ARM_GCC_541\Debug\Reload Pro.a(Quadrature.o)
                              .\CortexM0\ARM_GCC_541\Debug\ui.o (Quadrature_Read)
.\CortexM0\ARM_GCC_541\Debug\Reload Pro.a(disp_reset.o)
                              .\CortexM0\ARM_GCC_541\Debug\main.o (disp_reset_Write)
.\CortexM0\ARM_GCC_541\Debug\Reload Pro.a(QuadButton.o)
                              .\CortexM0\ARM_GCC_541\Debug\ui.o (QuadButton_Read)
.\CortexM0\ARM_GCC_541\Debug\Reload Pro.a(Bootloadable.o)
                              .\CortexM0\ARM_GCC_541\Debug\ui.o (Bootloadable_Load)
.\CortexM0\ARM_GCC_541\Debug\Reload Pro.a(EEPROM.o)
                              .\CortexM0\ARM_GCC_541\Debug\main.o (EEPROM_Init)
.\CortexM0\ARM_GCC_541\Debug\Reload Pro.a(Backlight.o)
                              .\CortexM0\ARM_GCC_541\Debug\main.o (Backlight_Write)
.\CortexM0\ARM_GCC_541\Debug\Reload Pro.a(UART_ISR.o)
                              .\CortexM0\ARM_GCC_541\Debug\comms.o (UART_ISR_StartEx)
.\CortexM0\ARM_GCC_541\Debug\Reload Pro.a(ADC_IRQ.o)
                              .\CortexM0\ARM_GCC_541\Debug\adctask.o (ADC_IRQ_StartEx)
.\CortexM0\ARM_GCC_541\Debug\Reload Pro.a(cy_em_eeprom.o)
                              .\CortexM0\ARM_GCC_541\Debug\Reload Pro.a(EEPROM.o) (Cy_Em_EEPROM_Init)
.\CortexM0\ARM_GCC_541\Debug\Reload Pro.a(CyFlash.o)
                              .\CortexM0\ARM_GCC_541\Debug\Reload Pro.a(Bootloadable.o) (CySysFlashWriteRow)
.\CortexM0\ARM_GCC_541\Debug\Reload Pro.a(CyLib.o)
                              .\CortexM0\ARM_GCC_541\Debug\Cm0Start.o (CyHalt)
.\CortexM0\ARM_GCC_541\Debug\Reload Pro.a(CyLFClk.o)
                              .\CortexM0\ARM_GCC_541\Debug\ui.o (CySysWdtResetCounters)
.\CortexM0\ARM_GCC_541\Debug\Reload Pro.a(Display_I2C.o)
                              .\CortexM0\ARM_GCC_541\Debug\Reload Pro.a(Display.o) (Display_I2C_Start)
.\CortexM0\ARM_GCC_541\Debug\Reload Pro.a(Display_I2C_I2C.o)
                              .\CortexM0\ARM_GCC_541\Debug\Reload Pro.a(Display_I2C.o) (Display_I2C_I2CInit)
.\CortexM0\ARM_GCC_541\Debug\Reload Pro.a(Display_I2C_I2C_MASTER.o)
                              .\CortexM0\ARM_GCC_541\Debug\Reload Pro.a(Display_I2C_I2C.o) (Display_I2C_mstrRdBufIndex)
.\CortexM0\ARM_GCC_541\Debug\Reload Pro.a(Display_I2C_sda.o)
                              .\CortexM0\ARM_GCC_541\Debug\Reload Pro.a(Display_I2C_I2C_MASTER.o) (Display_I2C_sda_Read)
.\CortexM0\ARM_GCC_541\Debug\Reload Pro.a(Display_I2C_scl.o)
                              .\CortexM0\ARM_GCC_541\Debug\Reload Pro.a(Display_I2C_I2C_MASTER.o) (Display_I2C_scl_Write)
.\CortexM0\ARM_GCC_541\Debug\Reload Pro.a(CyBootAsmGnu.o)
                              .\CortexM0\ARM_GCC_541\Debug\Reload Pro.a(CyLib.o) (CyDelayCycles)
c:/program files (x86)/cypress/psoc creator/4.2/psoc creator/import/gnu/arm/5.4.1/bin/../lib/gcc/arm-none-eabi/5.4.1/armv6-m\libgcc.a(_udivsi3.o)
                              .\CortexM0\ARM_GCC_541\Debug\ui.o (__aeabi_uidiv)
c:/program files (x86)/cypress/psoc creator/4.2/psoc creator/import/gnu/arm/5.4.1/bin/../lib/gcc/arm-none-eabi/5.4.1/armv6-m\libgcc.a(_divsi3.o)
                              .\CortexM0\ARM_GCC_541\Debug\ui.o (__aeabi_idiv)
[...]
Memory Configuration

Name             Origin             Length             Attributes
rom              0x00000000         0x00008000         xr
ram              0x20000000         0x00001000         xrw
*default*        0x00000000         0xffffffff

Linker script and memory map

LOAD c:/program files (x86)/cypress/psoc creator/4.2/psoc creator/import/gnu/arm/5.4.1/bin/../lib/gcc/arm-none-eabi/5.4.1/armv6-m/crti.o
LOAD c:/program files (x86)/cypress/psoc creator/4.2/psoc creator/import/gnu/arm/5.4.1/bin/../lib/gcc/arm-none-eabi/5.4.1/armv6-m/crtbegin.o
LOAD c:/program files (x86)/cypress/psoc creator/4.2/psoc creator/import/gnu/arm/5.4.1/bin/../lib/gcc/arm-none-eabi/5.4.1/../../../../arm-none-eabi/lib/armv6-m/crt0.o
START GROUP
LOAD .\CortexM0\ARM_GCC_541\Debug\main.o
LOAD .\CortexM0\ARM_GCC_541\Debug\ui.o
LOAD .\CortexM0\ARM_GCC_541\Debug\utils.o
LOAD .\CortexM0\ARM_GCC_541\Debug\comms.o
LOAD .\CortexM0\ARM_GCC_541\Debug\adctask.o
LOAD .\CortexM0\ARM_GCC_541\Debug\calibrate.o
LOAD .\CortexM0\ARM_GCC_541\Debug\croutine.o
LOAD .\CortexM0\ARM_GCC_541\Debug\heap_1.o
LOAD .\CortexM0\ARM_GCC_541\Debug\list.o
LOAD .\CortexM0\ARM_GCC_541\Debug\port.o
LOAD .\CortexM0\ARM_GCC_541\Debug\queue.o
LOAD .\CortexM0\ARM_GCC_541\Debug\tasks.o
LOAD .\CortexM0\ARM_GCC_541\Debug\timers.o
LOAD .\CortexM0\ARM_GCC_541\Debug\cyfitter_cfg.o
LOAD .\CortexM0\ARM_GCC_541\Debug\cybootloader.o
LOAD .\CortexM0\ARM_GCC_541\Debug\cymetadata.o
LOAD .\CortexM0\ARM_GCC_541\Debug\Cm0Start.o
LOAD .\CortexM0\ARM_GCC_541\Debug\Reload Pro.a
END GROUP
START GROUP
LOAD c:/program files (x86)/cypress/psoc creator/4.2/psoc creator/import/gnu/arm/5.4.1/bin/../lib/gcc/arm-none-eabi/5.4.1/armv6-m\libgcc.a
LOAD c:/program files (x86)/cypress/psoc creator/4.2/psoc creator/import/gnu/arm/5.4.1/bin/../lib/gcc/arm-none-eabi/5.4.1/../../../../arm-none-eabi/lib/armv6-m\libg_nano.a
LOAD c:/program files (x86)/cypress/psoc creator/4.2/psoc creator/import/gnu/arm/5.4.1/bin/../lib/gcc/arm-none-eabi/5.4.1/../../../../arm-none-eabi/lib/armv6-m\libc_nano.a
END GROUP
START GROUP
LOAD c:/program files (x86)/cypress/psoc creator/4.2/psoc creator/import/gnu/arm/5.4.1/bin/../lib/gcc/arm-none-eabi/5.4.1/armv6-m\libgcc.a
LOAD c:/program files (x86)/cypress/psoc creator/4.2/psoc creator/import/gnu/arm/5.4.1/bin/../lib/gcc/arm-none-eabi/5.4.1/../../../../arm-none-eabi/lib/armv6-m\libc_nano.a
END GROUP
LOAD c:/program files (x86)/cypress/psoc creator/4.2/psoc creator/import/gnu/arm/5.4.1/bin/../lib/gcc/arm-none-eabi/5.4.1/armv6-m/crtend.o
LOAD c:/program files (x86)/cypress/psoc creator/4.2/psoc creator/import/gnu/arm/5.4.1/bin/../lib/gcc/arm-none-eabi/5.4.1/armv6-m/crtn.o
START GROUP
LOAD c:/program files (x86)/cypress/psoc creator/4.2/psoc creator/import/gnu/arm/5.4.1/bin/../lib/gcc/arm-none-eabi/5.4.1/armv6-m\libgcc.a
LOAD c:/program files (x86)/cypress/psoc creator/4.2/psoc creator/import/gnu/arm/5.4.1/bin/../lib/gcc/arm-none-eabi/5.4.1/../../../../arm-none-eabi/lib/armv6-m\libc.a
LOAD c:/program files (x86)/cypress/psoc creator/4.2/psoc creator/import/gnu/arm/5.4.1/bin/../lib/gcc/arm-none-eabi/5.4.1/../../../../arm-none-eabi/lib/armv6-m\libnosys.a
END GROUP
                0x00001000                CY_APPL_ORIGIN = 0x1000
                0x00000080                CY_FLASH_ROW_SIZE = 0x80
                0x00000001                CY_APPL_NUM = 0x1
                0x00000001                CY_APPL_MAX = 0x1
                0x00000040                CY_METADATA_SIZE = 0x40
                0x00000001                CY_APPL_LOADABLE = 0x1
                0x00000200                CY_CHECKSUM_EXCLUDE_SIZE = ALIGN (0x200, CY_FLASH_ROW_SIZE)
                0x00000000                CY_APP_FOR_STACK_AND_COPIER = 0x0
                [!provide]                PROVIDE (__cy_heap_start, _end)
                0x00000001                PROVIDE (__cy_region_num, ((__cy_regions_end - __cy_regions) / 0x10))
                0x20001000                PROVIDE (__cy_stack, (ORIGIN (ram) + LENGTH (ram)))
                [!provide]                PROVIDE (__cy_heap_end, (__cy_stack - 0x200))

.cybootloader   0x00000000      0xf80
 *(.cybootloader)
 .cybootloader  0x00000000      0xf80 .\CortexM0\ARM_GCC_541\Debug\cybootloader.o
                0x00000000                cy_bootloader
                0x00001000                appl1_start = CY_APPL_ORIGIN?CY_APPL_ORIGIN:ALIGN (CY_FLASH_ROW_SIZE)
                0x00004780                appl2_start = (appl1_start + ALIGN ((((LENGTH (rom) - appl1_start) - (0x2 * CY_FLASH_ROW_SIZE)) / 0x2), CY_FLASH_ROW_SIZE))
                0x00001000                appl_start = (CY_APPL_NUM == 0x1)?appl1_start:appl2_start
                0x00000000                cy_project_type_bootloader = (appl_start == 0x0)?0x1:0x0
                0x00000000                cy_project_type_app_for_stack_and_copier = (CY_APP_FOR_STACK_AND_COPIER == 0x1)?0x1:0x0

.text           0x00001000     0x53ea
 CREATE_OBJECT_SYMBOLS
                0x00001000                PROVIDE (__cy_interrupt_vector, RomVectors)
 *(.romvectors)
 .romvectors    0x00001000       0x10 .\CortexM0\ARM_GCC_541\Debug\Cm0Start.o
                0x00001000                RomVectors
                0x00000001                ASSERT ((. != __cy_interrupt_vector), No interrupt vector)
                0x00000001                ASSERT (CY_APPL_ORIGIN?(SIZEOF (.cybootloader) <= CY_APPL_ORIGIN):0x1, Wrong image location)
                0x00001010                PROVIDE (__cy_reset, Reset)
 *(.text.Reset)
 .text.Reset    0x00001010       0x10 .\CortexM0\ARM_GCC_541\Debug\Cm0Start.o
                0x00001010                Reset
                0x00000001                ASSERT ((. != __cy_reset), No reset code)
 *(.psocinit)
 .psocinit      0x00001020      0x1d8 .\CortexM0\ARM_GCC_541\Debug\cyfitter_cfg.o
                0x000010b4                cyfitter_cfg
                0x000011f8                . = MAX (., 0x100)
 *(.text .text.* .gnu.linkonce.t.*)
 .text          0x000011f8       0x60 c:/program files (x86)/cypress/psoc creator/4.2/psoc creator/import/gnu/arm/5.4.1/bin/../lib/gcc/arm-none-eabi/5.4.1/armv6-m/crtbegin.o
 .text.factory_reset
                0x00001258       0x18 .\CortexM0\ARM_GCC_541\Debug\main.o
                0x00001258                factory_reset
 .text.prvHardwareSetup
                0x00001270       0x20 .\CortexM0\ARM_GCC_541\Debug\main.o
                0x00001270                prvHardwareSetup
 .text.main     0x00001290       0xc8 .\CortexM0\ARM_GCC_541\Debug\main.o
                0x00001290                main
 .text.vApplicationStackOverflowHook
                0x00001358       0x24 .\CortexM0\ARM_GCC_541\Debug\main.o
                0x00001358                vApplicationStackOverflowHook
 .text.vApplicationMallocFailedHook
                0x0000137c       0x24 .\CortexM0\ARM_GCC_541\Debug\main.o
                0x0000137c                vApplicationMallocFailedHook
 .text.call_void_func
                0x000013a0       0x14 .\CortexM0\ARM_GCC_541\Debug\ui.o
 .text.delayWithWatchDog
                0x000013b4       0x20 .\CortexM0\ARM_GCC_541\Debug\ui.o
 .text.format_number_simple
                0x000013d4       0x4c .\CortexM0\ARM_GCC_541\Debug\ui.o
 .text.print_nothing
                0x00001420       0x10 .\CortexM0\ARM_GCC_541\Debug\ui.o
                0x00001420                print_nothing
 .text.format_number
                0x00001430       0xcc .\CortexM0\ARM_GCC_541\Debug\ui.o
 .text.print_voltage
                0x000014fc       0x18 .\CortexM0\ARM_GCC_541\Debug\ui.o
                0x000014fc                print_voltage
 .text.upgrade  0x00001514       0x48 .\CortexM0\ARM_GCC_541\Debug\ui.o
 .text.next_event
                0x0000155c       0xa0 .\CortexM0\ARM_GCC_541\Debug\ui.o
 .text.measure_Battery_ISR
                0x000015fc       0xb4 .\CortexM0\ARM_GCC_541\Debug\ui.o
 .text.ui_calibrate_offsets
                0x000016b0       0x68 .\CortexM0\ARM_GCC_541\Debug\ui.o
 .text.ui_calibrate_voltage
                0x00001718       0x9c .\CortexM0\ARM_GCC_541\Debug\ui.o
 .text.ui_calibration_progress
                0x000017b4       0x24 .\CortexM0\ARM_GCC_541\Debug\ui.o
                0x000017b4                ui_calibration_progress
 .text.ui_calibrate_current
                0x000017d8       0xcc .\CortexM0\ARM_GCC_541\Debug\ui.o
 .text.ui_calibrate_voltage_correction
                0x000018a4       0xe8 .\CortexM0\ARM_GCC_541\Debug\ui.o
 .text.ui_calibrate_dacs
                0x0000198c       0x74 .\CortexM0\ARM_GCC_541\Debug\ui.o
 .text.ui_calibrate
                0x00001a00       0x88 .\CortexM0\ARM_GCC_541\Debug\ui.o
 .text.set_contrast
                0x00001a88      0x10c .\CortexM0\ARM_GCC_541\Debug\ui.o
 .text.overlimit
                0x00001b94       0xa0 .\CortexM0\ARM_GCC_541\Debug\ui.o
 .text.draw_menu
                0x00001c34      0x14c .\CortexM0\ARM_GCC_541\Debug\ui.o
 .text.menu     0x00001d80       0x90 .\CortexM0\ARM_GCC_541\Debug\ui.o
 .text.display_config
                0x00001e10       0x78 .\CortexM0\ARM_GCC_541\Debug\ui.o
 .text.ui_set_min_voltage
                0x00001e88      0x164 .\CortexM0\ARM_GCC_541\Debug\ui.o
 .text.adjust_current_setpoint
                0x00001fec       0x44 .\CortexM0\ARM_GCC_541\Debug\ui.o
 .text.draw_status
                0x00002030      0x134 .\CortexM0\ARM_GCC_541\Debug\ui.o
 .text.cc_load  0x00002164       0xac .\CortexM0\ARM_GCC_541\Debug\ui.o
 .text.quadrature_event_isr
                0x00002210       0xb4 .\CortexM0\ARM_GCC_541\Debug\ui.o
                0x00002210                quadrature_event_isr
 .text.print_setpoint
                0x000022c4       0x18 .\CortexM0\ARM_GCC_541\Debug\ui.o
                0x000022c4                print_setpoint
 .text.print_current_usage
                0x000022dc       0x18 .\CortexM0\ARM_GCC_541\Debug\ui.o
                0x000022dc                print_current_usage
 .text.print_power
                0x000022f4       0x30 .\CortexM0\ARM_GCC_541\Debug\ui.o
                0x000022f4                print_power
 .text.print_resistance
                0x00002324       0x48 .\CortexM0\ARM_GCC_541\Debug\ui.o
                0x00002324                print_resistance
 .text.print_amp_hours
                0x0000236c       0x18 .\CortexM0\ARM_GCC_541\Debug\ui.o
                0x0000236c                print_amp_hours
 .text.print_watt_hours
                0x00002384       0x18 .\CortexM0\ARM_GCC_541\Debug\ui.o
                0x00002384                print_watt_hours
 .text.vApplicationTickHook
                0x0000239c       0x5c .\CortexM0\ARM_GCC_541\Debug\ui.o
                0x0000239c                vApplicationTickHook
 .text.vTaskUI  0x000023f8       0x6c .\CortexM0\ARM_GCC_541\Debug\ui.o
                0x000023f8                vTaskUI
 .text.set_current
                0x00002464       0x5c .\CortexM0\ARM_GCC_541\Debug\utils.o
                0x00002464                set_current
 .text.setup    0x000024c0       0x2c .\CortexM0\ARM_GCC_541\Debug\utils.o
                0x000024c0                setup
 .text.get_current_setpoint
                0x000024ec        0xc .\CortexM0\ARM_GCC_541\Debug\utils.o
                0x000024ec                get_current_setpoint
 .text.get_major_version
                0x000024f8        0xc .\CortexM0\ARM_GCC_541\Debug\utils.o
                0x000024f8                get_major_version
 .text.get_minor_version
                0x00002504        0xc .\CortexM0\ARM_GCC_541\Debug\utils.o
                0x00002504                get_minor_version
 .text.set_output_mode
                0x00002510       0x48 .\CortexM0\ARM_GCC_541\Debug\utils.o
                0x00002510                set_output_mode
 .text.get_output_mode
                0x00002558        0xc .\CortexM0\ARM_GCC_541\Debug\utils.o
                0x00002558                get_output_mode
 .text.command_calibration_progress
                0x00002564        0x4 .\CortexM0\ARM_GCC_541\Debug\comms.o
                0x00002564                command_calibration_progress
 .text.command_dump
                0x00002568        0x4 .\CortexM0\ARM_GCC_541\Debug\comms.o
                0x00002568                command_dump
 .text.UART_ISR_func
                0x0000256c       0xb0 .\CortexM0\ARM_GCC_541\Debug\comms.o
                0x0000256c                UART_ISR_func
 .text.next_event
                0x0000261c       0x40 .\CortexM0\ARM_GCC_541\Debug\comms.o
 .text.in_word_set
                0x0000265c       0xa8 .\CortexM0\ARM_GCC_541\Debug\comms.o
                0x0000265c                in_word_set
 .text.uart_printf
                0x00002704       0x50 .\CortexM0\ARM_GCC_541\Debug\comms.o
                0x00002704                uart_printf
 .text.command_mode
                0x00002754       0x10 .\CortexM0\ARM_GCC_541\Debug\comms.o
                0x00002754                command_mode
 .text.command_set
                0x00002764       0x54 .\CortexM0\ARM_GCC_541\Debug\comms.o
                0x00002764                command_set
 .text.command_reset
                0x000027b8       0x14 .\CortexM0\ARM_GCC_541\Debug\comms.o
                0x000027b8                command_reset
 .text.command_clear
                0x000027cc       0x14 .\CortexM0\ARM_GCC_541\Debug\comms.o
                0x000027cc                command_clear
 .text.command_monitor
                0x000027e0       0x50 .\CortexM0\ARM_GCC_541\Debug\comms.o
                0x000027e0                command_monitor
 .text.command_debug
                0x00002830       0x60 .\CortexM0\ARM_GCC_541\Debug\comms.o
                0x00002830                command_debug
 .text.command_calibrate
                0x00002890      0x1a0 .\CortexM0\ARM_GCC_541\Debug\comms.o
                0x00002890                command_calibrate
 .text.command_bootloader
                0x00002a30       0x2c .\CortexM0\ARM_GCC_541\Debug\comms.o
                0x00002a30                command_bootloader
 .text.command_version
                0x00002a5c       0x1c .\CortexM0\ARM_GCC_541\Debug\comms.o
                0x00002a5c                command_version
 .text.command_uvlo
                0x00002a78       0x64 .\CortexM0\ARM_GCC_541\Debug\comms.o
                0x00002a78                command_uvlo
 .text.command_on
                0x00002adc       0x14 .\CortexM0\ARM_GCC_541\Debug\comms.o
                0x00002adc                command_on
 .text.command_off
                0x00002af0       0x14 .\CortexM0\ARM_GCC_541\Debug\comms.o
                0x00002af0                command_off
 .text.write_state_data
                0x00002b04       0x48 .\CortexM0\ARM_GCC_541\Debug\comms.o
                0x00002b04                write_state_data
 .text.command_read
                0x00002b4c        0x8 .\CortexM0\ARM_GCC_541\Debug\comms.o
                0x00002b4c                command_read
 .text.write_invalid_command
                0x00002b54       0x10 .\CortexM0\ARM_GCC_541\Debug\comms.o
                0x00002b54                write_invalid_command
 .text.handle_command
                0x00002b64       0xec .\CortexM0\ARM_GCC_541\Debug\comms.o
                0x00002b64                handle_command
 .text.vTaskComms
                0x00002c50       0x80 .\CortexM0\ARM_GCC_541\Debug\comms.o
                0x00002c50                vTaskComms
 .text.start_adc
                0x00002cd0       0x18 .\CortexM0\ARM_GCC_541\Debug\adctask.o
                0x00002cd0                start_adc
 .text.get_raw_current_usage
                0x00002ce8       0x18 .\CortexM0\ARM_GCC_541\Debug\adctask.o
                0x00002ce8                get_raw_current_usage
 .text.get_current_usage
                0x00002d00       0x2c .\CortexM0\ARM_GCC_541\Debug\adctask.o
                0x00002d00                get_current_usage
 .text.get_raw_voltage
                0x00002d2c       0x18 .\CortexM0\ARM_GCC_541\Debug\adctask.o
                0x00002d2c                get_raw_voltage
 .text.get_voltage
                0x00002d44       0x40 .\CortexM0\ARM_GCC_541\Debug\adctask.o
                0x00002d44                get_voltage
 .text.ADC_ISR_func
                0x00002d84      0x25c .\CortexM0\ARM_GCC_541\Debug\adctask.o
                0x00002d84                ADC_ISR_func
 .text.get_microamp_hours
                0x00002fe0        0xc .\CortexM0\ARM_GCC_541\Debug\adctask.o
                0x00002fe0                get_microamp_hours
 .text.get_microwatt_hours
                0x00002fec        0xc .\CortexM0\ARM_GCC_541\Debug\adctask.o
                0x00002fec                get_microwatt_hours
 .text.get_dac_offset_correction
                0x00002ff8        0xc .\CortexM0\ARM_GCC_541\Debug\adctask.o
                0x00002ff8                get_dac_offset_correction
 .text.reset_running_totals
                0x00003004       0x10 .\CortexM0\ARM_GCC_541\Debug\adctask.o
                0x00003004                reset_running_totals
 .text.calibrate_offsets
                0x00003014       0x14 .\CortexM0\ARM_GCC_541\Debug\calibrate.o
                0x00003014                calibrate_offsets
 .text.calibrate_voltage
                0x00003028       0x18 .\CortexM0\ARM_GCC_541\Debug\calibrate.o
                0x00003028                calibrate_voltage
 .text.calibrate_current
                0x00003040       0x18 .\CortexM0\ARM_GCC_541\Debug\calibrate.o
                0x00003040                calibrate_current
 .text.calibrate_dacs
                0x00003058       0xb4 .\CortexM0\ARM_GCC_541\Debug\calibrate.o
                0x00003058                calibrate_dacs
 .text.set_opamp_offset_trim
                0x0000310c        0xc .\CortexM0\ARM_GCC_541\Debug\calibrate.o
                0x0000310c                set_opamp_offset_trim
 .text.calibrate_opamp_offset_trim
                0x00003118       0xb8 .\CortexM0\ARM_GCC_541\Debug\calibrate.o
                0x00003118                calibrate_opamp_offset_trim
 .text.pvPortMalloc
                0x000031d0       0x58 .\CortexM0\ARM_GCC_541\Debug\heap_1.o
                0x000031d0                pvPortMalloc
 .text.vPortFree
                0x00003228        0x2 .\CortexM0\ARM_GCC_541\Debug\heap_1.o
                0x00003228                vPortFree
 *fill*         0x0000322a        0x2 
 .text.xPortGetFreeHeapSize
                0x0000322c       0x14 .\CortexM0\ARM_GCC_541\Debug\heap_1.o
                0x0000322c                xPortGetFreeHeapSize
 .text.vListInitialise
                0x00003240       0x16 .\CortexM0\ARM_GCC_541\Debug\list.o
                0x00003240                vListInitialise
 .text.vListInitialiseItem
                0x00003256        0x6 .\CortexM0\ARM_GCC_541\Debug\list.o
                0x00003256                vListInitialiseItem
 .text.vListInsertEnd
                0x0000325c       0x18 .\CortexM0\ARM_GCC_541\Debug\list.o
                0x0000325c                vListInsertEnd
 .text.vListInsert
                0x00003274       0x30 .\CortexM0\ARM_GCC_541\Debug\list.o
                0x00003274                vListInsert
 .text.uxListRemove
                0x000032a4       0x20 .\CortexM0\ARM_GCC_541\Debug\list.o
                0x000032a4                uxListRemove
 .text.prvTaskExitError
                0x000032c4        0x4 .\CortexM0\ARM_GCC_541\Debug\port.o
 .text.vPortStartFirstTask
                0x000032c8       0x20 .\CortexM0\ARM_GCC_541\Debug\port.o
 .text.pxPortInitialiseStack
                0x000032e8       0x20 .\CortexM0\ARM_GCC_541\Debug\port.o
                0x000032e8                pxPortInitialiseStack
 .text.vPortSVCHandler
                0x00003308        0x2 .\CortexM0\ARM_GCC_541\Debug\port.o
                0x00003308                vPortSVCHandler
 *fill*         0x0000330a        0x2 
 .text.xPortStartScheduler
                0x0000330c       0x48 .\CortexM0\ARM_GCC_541\Debug\port.o
                0x0000330c                xPortStartScheduler
 .text.vPortYield
                0x00003354       0x18 .\CortexM0\ARM_GCC_541\Debug\port.o
                0x00003354                vPortYield
 .text.vPortEnterCritical
                0x0000336c       0x18 .\CortexM0\ARM_GCC_541\Debug\port.o
                0x0000336c                vPortEnterCritical
 .text.vPortExitCritical
                0x00003384       0x14 .\CortexM0\ARM_GCC_541\Debug\port.o
                0x00003384                vPortExitCritical
 .text.ulSetInterruptMaskFromISR
                0x00003398        0xa .\CortexM0\ARM_GCC_541\Debug\port.o
                0x00003398                ulSetInterruptMaskFromISR
 .text.vClearInterruptMaskFromISR
                0x000033a2        0x6 .\CortexM0\ARM_GCC_541\Debug\port.o
                0x000033a2                vClearInterruptMaskFromISR
 .text.xPortPendSVHandler
                0x000033a8       0x44 .\CortexM0\ARM_GCC_541\Debug\port.o
                0x000033a8                xPortPendSVHandler
 .text.xPortSysTickHandler
                0x000033ec       0x24 .\CortexM0\ARM_GCC_541\Debug\port.o
                0x000033ec                xPortSysTickHandler
 .text.prvCopyDataToQueue
                0x00003410       0x6e .\CortexM0\ARM_GCC_541\Debug\queue.o
 .text.prvCopyDataFromQueue
                0x0000347e       0x24 .\CortexM0\ARM_GCC_541\Debug\queue.o
 .text.prvUnlockQueue
                0x000034a2       0x6a .\CortexM0\ARM_GCC_541\Debug\queue.o
 .text.xQueueGenericReset
                0x0000350c       0x5e .\CortexM0\ARM_GCC_541\Debug\queue.o
                0x0000350c                xQueueGenericReset
 .text.xQueueGenericCreate
                0x0000356a       0x42 .\CortexM0\ARM_GCC_541\Debug\queue.o
                0x0000356a                xQueueGenericCreate
 .text.xQueueGenericSend
                0x000035ac       0xdc .\CortexM0\ARM_GCC_541\Debug\queue.o
                0x000035ac                xQueueGenericSend
 .text.xQueueCreateMutex
                0x00003688       0x42 .\CortexM0\ARM_GCC_541\Debug\queue.o
                0x00003688                xQueueCreateMutex
 .text.xQueueGenericSendFromISR
                0x000036ca       0x5c .\CortexM0\ARM_GCC_541\Debug\queue.o
                0x000036ca                xQueueGenericSendFromISR
 .text.xQueueGenericReceive
                0x00003726      0x116 .\CortexM0\ARM_GCC_541\Debug\queue.o
                0x00003726                xQueueGenericReceive
 .text.prvIdleTask
                0x0000383c        0x2 .\CortexM0\ARM_GCC_541\Debug\tasks.o
 *fill*         0x0000383e        0x2 
 .text.prvAddCurrentTaskToDelayedList
                0x00003840       0x3c .\CortexM0\ARM_GCC_541\Debug\tasks.o
 .text.xTaskGenericCreate
                0x0000387c      0x16c .\CortexM0\ARM_GCC_541\Debug\tasks.o
                0x0000387c                xTaskGenericCreate
 .text.vTaskStartScheduler
                0x000039e8       0x3c .\CortexM0\ARM_GCC_541\Debug\tasks.o
                0x000039e8                vTaskStartScheduler
 .text.vTaskSuspendAll
                0x00003a24       0x10 .\CortexM0\ARM_GCC_541\Debug\tasks.o
                0x00003a24                vTaskSuspendAll
 .text.xTaskGetTickCount
                0x00003a34       0x18 .\CortexM0\ARM_GCC_541\Debug\tasks.o
                0x00003a34                xTaskGetTickCount
 .text.xTaskGetTickCountFromISR
                0x00003a4c       0x18 .\CortexM0\ARM_GCC_541\Debug\tasks.o
                0x00003a4c                xTaskGetTickCountFromISR
 .text.xTaskIncrementTick
                0x00003a64       0xfc .\CortexM0\ARM_GCC_541\Debug\tasks.o
                0x00003a64                xTaskIncrementTick
 .text.xTaskResumeAll
                0x00003b60       0xa0 .\CortexM0\ARM_GCC_541\Debug\tasks.o
                0x00003b60                xTaskResumeAll
 .text.vTaskDelay
                0x00003c00       0x34 .\CortexM0\ARM_GCC_541\Debug\tasks.o
                0x00003c00                vTaskDelay
 .text.vTaskSwitchContext
                0x00003c34       0x90 .\CortexM0\ARM_GCC_541\Debug\tasks.o
                0x00003c34                vTaskSwitchContext
 .text.vTaskPlaceOnEventList
                0x00003cc4       0x3c .\CortexM0\ARM_GCC_541\Debug\tasks.o
                0x00003cc4                vTaskPlaceOnEventList
 .text.xTaskRemoveFromEventList
                0x00003d00       0x5c .\CortexM0\ARM_GCC_541\Debug\tasks.o
                0x00003d00                xTaskRemoveFromEventList
 .text.vTaskSetTimeOutState
                0x00003d5c       0x18 .\CortexM0\ARM_GCC_541\Debug\tasks.o
                0x00003d5c                vTaskSetTimeOutState
 .text.xTaskCheckForTimeOut
                0x00003d74       0x50 .\CortexM0\ARM_GCC_541\Debug\tasks.o
                0x00003d74                xTaskCheckForTimeOut
 .text.vTaskMissedYield
                0x00003dc4        0xc .\CortexM0\ARM_GCC_541\Debug\tasks.o
                0x00003dc4                vTaskMissedYield
 .text.uxTaskGetStackHighWaterMark
                0x00003dd0       0x20 .\CortexM0\ARM_GCC_541\Debug\tasks.o
                0x00003dd0                uxTaskGetStackHighWaterMark
 .text.xTaskGetCurrentTaskHandle
                0x00003df0        0xc .\CortexM0\ARM_GCC_541\Debug\tasks.o
                0x00003df0                xTaskGetCurrentTaskHandle
 .text.vTaskPriorityInherit
                0x00003dfc       0x68 .\CortexM0\ARM_GCC_541\Debug\tasks.o
                0x00003dfc                vTaskPriorityInherit
 .text.vTaskPriorityDisinherit
                0x00003e64       0x44 .\CortexM0\ARM_GCC_541\Debug\tasks.o
                0x00003e64                vTaskPriorityDisinherit
 .text.cfg_write_bytes32
                0x00003ea8       0x34 .\CortexM0\ARM_GCC_541\Debug\cyfitter_cfg.o
 .text.AnalogSetDefault
                0x00003edc       0x30 .\CortexM0\ARM_GCC_541\Debug\cyfitter_cfg.o
 .text.CYMEMZERO
                0x00003f0c        0xc .\CortexM0\ARM_GCC_541\Debug\cyfitter_cfg.o
 .text.IntDefaultHandler
                0x00003f18       0x10 .\CortexM0\ARM_GCC_541\Debug\Cm0Start.o
                0x00003f18                IntDefaultHandler
 .text._sbrk    0x00003f28       0x34 .\CortexM0\ARM_GCC_541\Debug\Cm0Start.o
                0x00003f28                _sbrk
 .text.Start_c  0x00003f5c       0x48 .\CortexM0\ARM_GCC_541\Debug\Cm0Start.o
                0x00003f5c                Start_c
 .text.initialize_psoc
                0x00003fa4       0x50 .\CortexM0\ARM_GCC_541\Debug\Cm0Start.o
                0x00003fa4                initialize_psoc
 .text.IDAC_High_Init
                0x00003ff4       0x50 .\CortexM0\ARM_GCC_541\Debug\Reload Pro.a(IDAC_High.o)
                0x00003ff4                IDAC_High_Init
 .text.IDAC_High_Enable
                0x00004044       0x2c .\CortexM0\ARM_GCC_541\Debug\Reload Pro.a(IDAC_High.o)
                0x00004044                IDAC_High_Enable
 .text.IDAC_High_Start
                0x00004070       0x20 .\CortexM0\ARM_GCC_541\Debug\Reload Pro.a(IDAC_High.o)
                0x00004070                IDAC_High_Start
 .text.IDAC_High_SetValue
                0x00004090       0x20 .\CortexM0\ARM_GCC_541\Debug\Reload Pro.a(IDAC_High.o)
                0x00004090                IDAC_High_SetValue
 .text.IDAC_Low_Init
                0x000040b0       0x54 .\CortexM0\ARM_GCC_541\Debug\Reload Pro.a(IDAC_Low.o)
                0x000040b0                IDAC_Low_Init
 .text.IDAC_Low_Enable
                0x00004104       0x2c .\CortexM0\ARM_GCC_541\Debug\Reload Pro.a(IDAC_Low.o)
                0x00004104                IDAC_Low_Enable
 .text.IDAC_Low_Start
                0x00004130       0x20 .\CortexM0\ARM_GCC_541\Debug\Reload Pro.a(IDAC_Low.o)
                0x00004130                IDAC_Low_Start
 .text.IDAC_Low_SetValue
                0x00004150       0x24 .\CortexM0\ARM_GCC_541\Debug\Reload Pro.a(IDAC_Low.o)
                0x00004150                IDAC_Low_SetValue
 .text.Opamp_Init
                0x00004174       0x2c .\CortexM0\ARM_GCC_541\Debug\Reload Pro.a(Opamp.o)
                0x00004174                Opamp_Init
 .text.Opamp_Enable
                0x000041a0       0x1c .\CortexM0\ARM_GCC_541\Debug\Reload Pro.a(Opamp.o)
                0x000041a0                Opamp_Enable
 .text.Opamp_Start
                0x000041bc       0x20 .\CortexM0\ARM_GCC_541\Debug\Reload Pro.a(Opamp.o)
                0x000041bc                Opamp_Start
 .text.Opamp_Stop
                0x000041dc       0x14 .\CortexM0\ARM_GCC_541\Debug\Reload Pro.a(Opamp.o)
                0x000041dc                Opamp_Stop
 .text.Opamp_Out_SetDriveMode
                0x000041f0       0x18 .\CortexM0\ARM_GCC_541\Debug\Reload Pro.a(Opamp_Out.o)
                0x000041f0                Opamp_Out_SetDriveMode
 .text.Opamp_Out_Write
                0x00004208       0x18 .\CortexM0\ARM_GCC_541\Debug\Reload Pro.a(Opamp_Out.o)
                0x00004208                Opamp_Out_Write
 .text.ADC_Init
                0x00004220      0x1d0 .\CortexM0\ARM_GCC_541\Debug\Reload Pro.a(ADC.o)
                0x00004220                ADC_Init
 .text.ADC_Enable
                0x000043f0       0x24 .\CortexM0\ARM_GCC_541\Debug\Reload Pro.a(ADC.o)
                0x000043f0                ADC_Enable
 .text.ADC_Start
                0x00004414       0x20 .\CortexM0\ARM_GCC_541\Debug\Reload Pro.a(ADC.o)
                0x00004414                ADC_Start
 .text.ADC_StartConvert
                0x00004434       0x14 .\CortexM0\ARM_GCC_541\Debug\Reload Pro.a(ADC.o)
                0x00004434                ADC_StartConvert
 .text.ADC_GetResult16
                0x00004448       0x38 .\CortexM0\ARM_GCC_541\Debug\Reload Pro.a(ADC.o)
                0x00004448                ADC_GetResult16
 .text.ADC_SetChanMask
                0x00004480       0x10 .\CortexM0\ARM_GCC_541\Debug\Reload Pro.a(ADC.o)
                0x00004480                ADC_SetChanMask
 .text.ADC_ISR  0x00004490        0xc .\CortexM0\ARM_GCC_541\Debug\Reload Pro.a(ADC_INT.o)
                0x00004490                ADC_ISR
 .text.UART_ScbModePostEnable
                0x0000449c        0x8 .\CortexM0\ARM_GCC_541\Debug\Reload Pro.a(UART.o)
 .text.UART_Init
                0x000044a4        0x8 .\CortexM0\ARM_GCC_541\Debug\Reload Pro.a(UART.o)
                0x000044a4                UART_Init
 .text.UART_Enable
                0x000044ac       0x18 .\CortexM0\ARM_GCC_541\Debug\Reload Pro.a(UART.o)
                0x000044ac                UART_Enable
 .text.UART_Start
                0x000044c4       0x20 .\CortexM0\ARM_GCC_541\Debug\Reload Pro.a(UART.o)
                0x000044c4                UART_Start
 .text.UART_SpiUartReadRxData
                0x000044e4        0xc .\CortexM0\ARM_GCC_541\Debug\Reload Pro.a(UART_SPI_UART.o)
                0x000044e4                UART_SpiUartReadRxData
 .text.UART_SpiUartGetRxBufferSize
                0x000044f0       0x10 .\CortexM0\ARM_GCC_541\Debug\Reload Pro.a(UART_SPI_UART.o)
                0x000044f0                UART_SpiUartGetRxBufferSize
 .text.UART_SpiUartWriteTxData
                0x00004500       0x1c .\CortexM0\ARM_GCC_541\Debug\Reload Pro.a(UART_SPI_UART.o)
                0x00004500                UART_SpiUartWriteTxData
 .text.UART_UartInit
                0x0000451c       0xa0 .\CortexM0\ARM_GCC_541\Debug\Reload Pro.a(UART_UART.o)
                0x0000451c                UART_UartInit
 .text.UART_UartPostEnable
                0x000045bc       0x24 .\CortexM0\ARM_GCC_541\Debug\Reload Pro.a(UART_UART.o)
                0x000045bc                UART_UartPostEnable
 .text.UART_UartGetChar
                0x000045e0       0x2c .\CortexM0\ARM_GCC_541\Debug\Reload Pro.a(UART_UART.o)
                0x000045e0                UART_UartGetChar
 .text.UART_UartPutString
                0x0000460c       0x18 .\CortexM0\ARM_GCC_541\Debug\Reload Pro.a(UART_UART.o)
                0x0000460c                UART_UartPutString
 .text.Display_I2C_I2C_ISR
                0x00004624      0x114 .\CortexM0\ARM_GCC_541\Debug\Reload Pro.a(Display.o)
                0x00004624                Display_I2C_I2C_ISR
 .text.write_cmd
                0x00004738       0x40 .\CortexM0\ARM_GCC_541\Debug\Reload Pro.a(Display.o)
 .text.write_data
                0x00004778       0x64 .\CortexM0\ARM_GCC_541\Debug\Reload Pro.a(Display.o)
 .text.draw_text_slice
                0x000047dc       0x44 .\CortexM0\ARM_GCC_541\Debug\Reload Pro.a(Display.o)
 .text.Display_SetCursorPosition
                0x00004820       0x2c .\CortexM0\ARM_GCC_541\Debug\Reload Pro.a(Display.o)
                0x00004820                Display_SetCursorPosition
 .text.Display_SetContrast
                0x0000484c       0x24 .\CortexM0\ARM_GCC_541\Debug\Reload Pro.a(Display.o)
                0x0000484c                Display_SetContrast
 .text.Display_Setup
                0x00004870       0x20 .\CortexM0\ARM_GCC_541\Debug\Reload Pro.a(Display.o)
                0x00004870                Display_Setup
 .text.Display_Start
                0x00004890       0x24 .\CortexM0\ARM_GCC_541\Debug\Reload Pro.a(Display.o)
                0x00004890                Display_Start
 .text.Display_Clear
                0x000048b4       0x34 .\CortexM0\ARM_GCC_541\Debug\Reload Pro.a(Display.o)
                0x000048b4                Display_Clear
 .text.Display_ClearAll
                0x000048e8       0x38 .\CortexM0\ARM_GCC_541\Debug\Reload Pro.a(Display.o)
                0x000048e8                Display_ClearAll
 .text.Display_DrawText
                0x00004920       0x3c .\CortexM0\ARM_GCC_541\Debug\Reload Pro.a(Display.o)
                0x00004920                Display_DrawText
 .text.Display_DrawBigNumbers
                0x0000495c        0x4 .\CortexM0\ARM_GCC_541\Debug\Reload Pro.a(Display.o)
                0x0000495c                Display_DrawBigNumbers
 .text.QuadratureISR_SetVector
                0x00004960        0xc .\CortexM0\ARM_GCC_541\Debug\Reload Pro.a(QuadratureISR.o)
                0x00004960                QuadratureISR_SetVector
 .text.QuadratureISR_SetPriority
                0x0000496c       0x20 .\CortexM0\ARM_GCC_541\Debug\Reload Pro.a(QuadratureISR.o)
                0x0000496c                QuadratureISR_SetPriority
 .text.QuadratureISR_Enable
                0x0000498c        0xc .\CortexM0\ARM_GCC_541\Debug\Reload Pro.a(QuadratureISR.o)
                0x0000498c                QuadratureISR_Enable
 .text.QuadratureISR_Disable
                0x00004998        0xc .\CortexM0\ARM_GCC_541\Debug\Reload Pro.a(QuadratureISR.o)
                0x00004998                QuadratureISR_Disable
 .text.QuadratureISR_StartEx
                0x000049a4       0x1c .\CortexM0\ARM_GCC_541\Debug\Reload Pro.a(QuadratureISR.o)
                0x000049a4                QuadratureISR_StartEx
 .text.Quadrature_Read
                0x000049c0       0x10 .\CortexM0\ARM_GCC_541\Debug\Reload Pro.a(Quadrature.o)
                0x000049c0                Quadrature_Read
 .text.Quadrature_ClearInterrupt
                0x000049d0       0x10 .\CortexM0\ARM_GCC_541\Debug\Reload Pro.a(Quadrature.o)
                0x000049d0                Quadrature_ClearInterrupt
 .text.disp_reset_Write
                0x000049e0       0x18 .\CortexM0\ARM_GCC_541\Debug\Reload Pro.a(disp_reset.o)
                0x000049e0                disp_reset_Write
 .text.QuadButton_Read
                0x000049f8       0x10 .\CortexM0\ARM_GCC_541\Debug\Reload Pro.a(QuadButton.o)
                0x000049f8                QuadButton_Read
 .text.Bootloadable_Load
                0x00004a08       0x14 .\CortexM0\ARM_GCC_541\Debug\Reload Pro.a(Bootloadable.o)
                0x00004a08                Bootloadable_Load
 .text.EEPROM_Init
                0x00004a1c       0x2c .\CortexM0\ARM_GCC_541\Debug\Reload Pro.a(EEPROM.o)
                0x00004a1c                EEPROM_Init
 .text.Backlight_Write
                0x00004a48       0x18 .\CortexM0\ARM_GCC_541\Debug\Reload Pro.a(Backlight.o)
                0x00004a48                Backlight_Write
 .text.UART_ISR_SetVector
                0x00004a60        0xc .\CortexM0\ARM_GCC_541\Debug\Reload Pro.a(UART_ISR.o)
                0x00004a60                UART_ISR_SetVector
 .text.UART_ISR_SetPriority
                0x00004a6c       0x24 .\CortexM0\ARM_GCC_541\Debug\Reload Pro.a(UART_ISR.o)
                0x00004a6c                UART_ISR_SetPriority
 .text.UART_ISR_Enable
                0x00004a90       0x10 .\CortexM0\ARM_GCC_541\Debug\Reload Pro.a(UART_ISR.o)
                0x00004a90                UART_ISR_Enable
 .text.UART_ISR_Disable
                0x00004aa0       0x10 .\CortexM0\ARM_GCC_541\Debug\Reload Pro.a(UART_ISR.o)
                0x00004aa0                UART_ISR_Disable
 .text.UART_ISR_StartEx
                0x00004ab0       0x1c .\CortexM0\ARM_GCC_541\Debug\Reload Pro.a(UART_ISR.o)
                0x00004ab0                UART_ISR_StartEx
 .text.ADC_IRQ_SetVector
                0x00004acc        0xc .\CortexM0\ARM_GCC_541\Debug\Reload Pro.a(ADC_IRQ.o)
                0x00004acc                ADC_IRQ_SetVector
 .text.ADC_IRQ_SetPriority
                0x00004ad8       0x24 .\CortexM0\ARM_GCC_541\Debug\Reload Pro.a(ADC_IRQ.o)
                0x00004ad8                ADC_IRQ_SetPriority
 .text.ADC_IRQ_Enable
                0x00004afc       0x10 .\CortexM0\ARM_GCC_541\Debug\Reload Pro.a(ADC_IRQ.o)
                0x00004afc                ADC_IRQ_Enable
 .text.ADC_IRQ_Disable
                0x00004b0c       0x10 .\CortexM0\ARM_GCC_541\Debug\Reload Pro.a(ADC_IRQ.o)
                0x00004b0c                ADC_IRQ_Disable
 .text.ADC_IRQ_StartEx
                0x00004b1c       0x1c .\CortexM0\ARM_GCC_541\Debug\Reload Pro.a(ADC_IRQ.o)
                0x00004b1c                ADC_IRQ_StartEx
 .text.FindLastWrittenRow
                0x00004b38       0x2c .\CortexM0\ARM_GCC_541\Debug\Reload Pro.a(cy_em_eeprom.o)
 .text.GetRowAddrBySeqNum
                0x00004b64       0x1c .\CortexM0\ARM_GCC_541\Debug\Reload Pro.a(cy_em_eeprom.o)
 .text.GetNextRowToWrite
                0x00004b80       0x58 .\CortexM0\ARM_GCC_541\Debug\Reload Pro.a(cy_em_eeprom.o)
 .text.CalcChecksum
                0x00004bd8       0x3c .\CortexM0\ARM_GCC_541\Debug\Reload Pro.a(cy_em_eeprom.o)
 .text.CheckRanges
                0x00004c14       0x38 .\CortexM0\ARM_GCC_541\Debug\Reload Pro.a(cy_em_eeprom.o)
 .text.GetAddresses
                0x00004c4c       0xa4 .\CortexM0\ARM_GCC_541\Debug\Reload Pro.a(cy_em_eeprom.o)
 .text.WriteRow
                0x00004cf0       0x14 .\CortexM0\ARM_GCC_541\Debug\Reload Pro.a(cy_em_eeprom.o)
 .text.FillChecksum
                0x00004d04       0x6c .\CortexM0\ARM_GCC_541\Debug\Reload Pro.a(cy_em_eeprom.o)
 .text.Cy_Em_EEPROM_Init
                0x00004d70       0x98 .\CortexM0\ARM_GCC_541\Debug\Reload Pro.a(cy_em_eeprom.o)
                0x00004d70                Cy_Em_EEPROM_Init
 .text.Cy_Em_EEPROM_Write
                0x00004e08      0x190 .\CortexM0\ARM_GCC_541\Debug\Reload Pro.a(cy_em_eeprom.o)
                0x00004e08                Cy_Em_EEPROM_Write
 .text.CySysFlashClockBackup
                0x00004f98       0x14 .\CortexM0\ARM_GCC_541\Debug\Reload Pro.a(CyFlash.o)
 .text.CySysFlashClockRestore
                0x00004fac       0x14 .\CortexM0\ARM_GCC_541\Debug\Reload Pro.a(CyFlash.o)
 .text.CySysFlashWriteRow
                0x00004fc0      0x224 .\CortexM0\ARM_GCC_541\Debug\Reload Pro.a(CyFlash.o)
                0x00004fc0                CySysFlashWriteRow
 .text.CyIntEnable
                0x000051e4       0x14 .\CortexM0\ARM_GCC_541\Debug\Reload Pro.a(CyLib.o)
                0x000051e4                CyIntEnable
 .text.CyIntDisable
                0x000051f8       0x14 .\CortexM0\ARM_GCC_541\Debug\Reload Pro.a(CyLib.o)
                0x000051f8                CyIntDisable
 .text.CyHalt   0x0000520c        0x4 .\CortexM0\ARM_GCC_541\Debug\Reload Pro.a(CyLib.o)
                0x0000520c                CyHalt
 .text.CyIntSetVector
                0x00005210       0x24 .\CortexM0\ARM_GCC_541\Debug\Reload Pro.a(CyLib.o)
                0x00005210                CyIntSetVector
 .text.CyIntSetPriority
                0x00005234       0x4c .\CortexM0\ARM_GCC_541\Debug\Reload Pro.a(CyLib.o)
                0x00005234                CyIntSetPriority
 .text.CySoftwareReset
                0x00005280       0x18 .\CortexM0\ARM_GCC_541\Debug\Reload Pro.a(CyLib.o)
                0x00005280                CySoftwareReset
 .text.CyDelay  0x00005298       0x30 .\CortexM0\ARM_GCC_541\Debug\Reload Pro.a(CyLib.o)
                0x00005298                CyDelay
 .text.CyDelayUs
                0x000052c8       0x14 .\CortexM0\ARM_GCC_541\Debug\Reload Pro.a(CyLib.o)
                0x000052c8                CyDelayUs
 .text.CySysClkWriteImoFreq
                0x000052dc      0x164 .\CortexM0\ARM_GCC_541\Debug\Reload Pro.a(CyLib.o)
                0x000052dc                CySysClkWriteImoFreq
 .text.CySysWdtResetCounters
                0x00005440       0x20 .\CortexM0\ARM_GCC_541\Debug\Reload Pro.a(CyLFClk.o)
                0x00005440                CySysWdtResetCounters
 .text.Display_I2C_ScbEnableIntr
                0x00005460        0xc .\CortexM0\ARM_GCC_541\Debug\Reload Pro.a(Display_I2C.o)
 .text.Display_I2C_Init
                0x0000546c        0x8 .\CortexM0\ARM_GCC_541\Debug\Reload Pro.a(Display_I2C.o)
                0x0000546c                Display_I2C_Init
 .text.Display_I2C_Enable
                0x00005474       0x18 .\CortexM0\ARM_GCC_541\Debug\Reload Pro.a(Display_I2C.o)
                0x00005474                Display_I2C_Enable
 .text.Display_I2C_Start
                0x0000548c       0x20 .\CortexM0\ARM_GCC_541\Debug\Reload Pro.a(Display_I2C.o)
                0x0000548c                Display_I2C_Start
 .text.Display_I2C_SetCustomInterruptHandler
                0x000054ac        0xc .\CortexM0\ARM_GCC_541\Debug\Reload Pro.a(Display_I2C.o)
                0x000054ac                Display_I2C_SetCustomInterruptHandler
 .text.Display_I2C_I2CInit
                0x000054b8       0xc4 .\CortexM0\ARM_GCC_541\Debug\Reload Pro.a(Display_I2C_I2C.o)
                0x000054b8                Display_I2C_I2CInit
 *fill*         0x0000557c        0x4 
 .text          0x00005580       0x24 .\CortexM0\ARM_GCC_541\Debug\Reload Pro.a(CyBootAsmGnu.o)
                0x00005580                CyDelayCycles
                0x00005594                CyEnterCriticalSection
                0x0000559c                CyExitCriticalSection
 .text          0x000055a4      0x114 c:/program files (x86)/cypress/psoc creator/4.2/psoc creator/import/gnu/arm/5.4.1/bin/../lib/gcc/arm-none-eabi/5.4.1/armv6-m\libgcc.a(_udivsi3.o)
                0x000055a4                __aeabi_uidiv
                0x000055a4                __udivsi3
                0x000056b0                __aeabi_uidivmod
 .text          0x000056b8      0x1d4 c:/program files (x86)/cypress/psoc creator/4.2/psoc creator/import/gnu/arm/5.4.1/bin/../lib/gcc/arm-none-eabi/5.4.1/armv6-m\libgcc.a(_divsi3.o)
                0x000056b8                __divsi3
                0x000056b8                __aeabi_idiv
                0x00005884                __aeabi_idivmod
 .text          0x0000588c        0x4 c:/program files (x86)/cypress/psoc creator/4.2/psoc creator/import/gnu/arm/5.4.1/bin/../lib/gcc/arm-none-eabi/5.4.1/armv6-m\libgcc.a(_dvmd_tls.o)
                0x0000588c                __aeabi_idiv0
                0x0000588c                __aeabi_ldiv0
 .text.atoi     0x00005890        0xc c:/program files (x86)/cypress/psoc creator/4.2/psoc creator/import/gnu/arm/5.4.1/bin/../lib/gcc/arm-none-eabi/5.4.1/../../../../arm-none-eabi/lib/armv6-m\libg_nano.a(lib_a-atoi.o)
                0x00005890                atoi
 .text.__errno  0x0000589c        0xc c:/program files (x86)/cypress/psoc creator/4.2/psoc creator/import/gnu/arm/5.4.1/bin/../lib/gcc/arm-none-eabi/5.4.1/../../../../arm-none-eabi/lib/armv6-m\libg_nano.a(lib_a-errno.o)
                0x0000589c                __errno
 .text.__libc_init_array
                0x000058a8       0x4c c:/program files (x86)/cypress/psoc creator/4.2/psoc creator/import/gnu/arm/5.4.1/bin/../lib/gcc/arm-none-eabi/5.4.1/../../../../arm-none-eabi/lib/armv6-m\libg_nano.a(lib_a-init.o)
                0x000058a8                __libc_init_array
 .text.memcmp   0x000058f4       0x1e c:/program files (x86)/cypress/psoc creator/4.2/psoc creator/import/gnu/arm/5.4.1/bin/../lib/gcc/arm-none-eabi/5.4.1/../../../../arm-none-eabi/lib/armv6-m\libg_nano.a(lib_a-memcmp.o)
                0x000058f4                memcmp
 .text.memcpy   0x00005912       0x12 c:/program files (x86)/cypress/psoc creator/4.2/psoc creator/import/gnu/arm/5.4.1/bin/../lib/gcc/arm-none-eabi/5.4.1/../../../../arm-none-eabi/lib/armv6-m\libg_nano.a(lib_a-memcpy-stub.o)
                0x00005912                memcpy
 .text.memset   0x00005924       0x10 c:/program files (x86)/cypress/psoc creator/4.2/psoc creator/import/gnu/arm/5.4.1/bin/../lib/gcc/arm-none-eabi/5.4.1/../../../../arm-none-eabi/lib/armv6-m\libg_nano.a(lib_a-memset.o)
                0x00005924                memset
 .text.sprintf  0x00005934       0x44 c:/program files (x86)/cypress/psoc creator/4.2/psoc creator/import/gnu/arm/5.4.1/bin/../lib/gcc/arm-none-eabi/5.4.1/../../../../arm-none-eabi/lib/armv6-m\libg_nano.a(lib_a-sprintf.o)
                0x00005934                siprintf
                0x00005934                sprintf
 .text.strcat   0x00005978       0x1a c:/program files (x86)/cypress/psoc creator/4.2/psoc creator/import/gnu/arm/5.4.1/bin/../lib/gcc/arm-none-eabi/5.4.1/../../../../arm-none-eabi/lib/armv6-m\libg_nano.a(lib_a-strcat.o)
                0x00005978                strcat
 .text.strchr   0x00005992       0x1c c:/program files (x86)/cypress/psoc creator/4.2/psoc creator/import/gnu/arm/5.4.1/bin/../lib/gcc/arm-none-eabi/5.4.1/../../../../arm-none-eabi/lib/armv6-m\libg_nano.a(lib_a-strchr.o)
                0x00005992                strchr
 .text          0x000059ae       0x14 c:/program files (x86)/cypress/psoc creator/4.2/psoc creator/import/gnu/arm/5.4.1/bin/../lib/gcc/arm-none-eabi/5.4.1/../../../../arm-none-eabi/lib/armv6-m\libg_nano.a(lib_a-strcmp.o)
                0x000059ae                strcmp
 .text          0x000059c2        0xe c:/program files (x86)/cypress/psoc creator/4.2/psoc creator/import/gnu/arm/5.4.1/bin/../lib/gcc/arm-none-eabi/5.4.1/../../../../arm-none-eabi/lib/armv6-m\libg_nano.a(lib_a-strlen.o)
                0x000059c2                strlen
 .text.strsep   0x000059d0        0xe c:/program files (x86)/cypress/psoc creator/4.2/psoc creator/import/gnu/arm/5.4.1/bin/../lib/gcc/arm-none-eabi/5.4.1/../../../../arm-none-eabi/lib/armv6-m\libg_nano.a(lib_a-strsep.o)
                0x000059d0                strsep
 .text.__strtok_r
                0x000059de       0x5e c:/program files (x86)/cypress/psoc creator/4.2/psoc creator/import/gnu/arm/5.4.1/bin/../lib/gcc/arm-none-eabi/5.4.1/../../../../arm-none-eabi/lib/armv6-m\libg_nano.a(lib_a-strtok_r.o)
                0x000059de                __strtok_r
 .text._strtol_r
                0x00005a3c      0x124 c:/program files (x86)/cypress/psoc creator/4.2/psoc creator/import/gnu/arm/5.4.1/bin/../lib/gcc/arm-none-eabi/5.4.1/../../../../arm-none-eabi/lib/armv6-m\libg_nano.a(lib_a-strtol.o)
                0x00005a3c                _strtol_r
 .text.strtol   0x00005b60       0x18 c:/program files (x86)/cypress/psoc creator/4.2/psoc creator/import/gnu/arm/5.4.1/bin/../lib/gcc/arm-none-eabi/5.4.1/../../../../arm-none-eabi/lib/armv6-m\libg_nano.a(lib_a-strtol.o)
                0x00005b60                strtol
 .text._vsnprintf_r
                0x00005b78       0x56 c:/program files (x86)/cypress/psoc creator/4.2/psoc creator/import/gnu/arm/5.4.1/bin/../lib/gcc/arm-none-eabi/5.4.1/../../../../arm-none-eabi/lib/armv6-m\libg_nano.a(lib_a-vsnprintf.o)
                0x00005b78                _vsniprintf_r
                0x00005b78                _vsnprintf_r
 *fill*         0x00005bce        0x2 
 .text.vsnprintf
                0x00005bd0       0x18 c:/program files (x86)/cypress/psoc creator/4.2/psoc creator/import/gnu/arm/5.4.1/bin/../lib/gcc/arm-none-eabi/5.4.1/../../../../arm-none-eabi/lib/armv6-m\libg_nano.a(lib_a-vsnprintf.o)
                0x00005bd0                vsniprintf
                0x00005bd0                vsnprintf
 .text.__ssputs_r
                0x00005be8       0xc4 c:/program files (x86)/cypress/psoc creator/4.2/psoc creator/import/gnu/arm/5.4.1/bin/../lib/gcc/arm-none-eabi/5.4.1/../../../../arm-none-eabi/lib/armv6-m\libg_nano.a(lib_a-nano-svfprintf.o)
                0x00005be8                __ssputs_r
 .text._svfprintf_r
                0x00005cac      0x1fc c:/program files (x86)/cypress/psoc creator/4.2/psoc creator/import/gnu/arm/5.4.1/bin/../lib/gcc/arm-none-eabi/5.4.1/../../../../arm-none-eabi/lib/armv6-m\libg_nano.a(lib_a-nano-svfprintf.o)
                0x00005cac                _svfiprintf_r
                0x00005cac                _svfprintf_r
 .text._printf_common
                0x00005ea8       0xdc c:/program files (x86)/cypress/psoc creator/4.2/psoc creator/import/gnu/arm/5.4.1/bin/../lib/gcc/arm-none-eabi/5.4.1/../../../../arm-none-eabi/lib/armv6-m\libg_nano.a(lib_a-nano-vfprintf_i.o)
                0x00005ea8                _printf_common
 .text._printf_i
                0x00005f84      0x244 c:/program files (x86)/cypress/psoc creator/4.2/psoc creator/import/gnu/arm/5.4.1/bin/../lib/gcc/arm-none-eabi/5.4.1/../../../../arm-none-eabi/lib/armv6-m\libg_nano.a(lib_a-nano-vfprintf_i.o)
                0x00005f84                _printf_i
 .text.memchr   0x000061c8       0x16 c:/program files (x86)/cypress/psoc creator/4.2/psoc creator/import/gnu/arm/5.4.1/bin/../lib/gcc/arm-none-eabi/5.4.1/../../../../arm-none-eabi/lib/armv6-m\libg_nano.a(lib_a-memchr-stub.o)
                0x000061c8                memchr
 .text.memmove  0x000061de       0x2a c:/program files (x86)/cypress/psoc creator/4.2/psoc creator/import/gnu/arm/5.4.1/bin/../lib/gcc/arm-none-eabi/5.4.1/../../../../arm-none-eabi/lib/armv6-m\libg_nano.a(lib_a-memmove.o)
                0x000061de                memmove
 .text._free_r  0x00006208       0x98 c:/program files (x86)/cypress/psoc creator/4.2/psoc creator/import/gnu/arm/5.4.1/bin/../lib/gcc/arm-none-eabi/5.4.1/../../../../arm-none-eabi/lib/armv6-m\libg_nano.a(lib_a-nano-freer.o)
                0x00006208                _free_r
 .text._malloc_r
                0x000062a0       0xc0 c:/program files (x86)/cypress/psoc creator/4.2/psoc creator/import/gnu/arm/5.4.1/bin/../lib/gcc/arm-none-eabi/5.4.1/../../../../arm-none-eabi/lib/armv6-m\libg_nano.a(lib_a-nano-mallocr.o)
                0x000062a0                _malloc_r
 .text._realloc_r
                0x00006360       0x4c c:/program files (x86)/cypress/psoc creator/4.2/psoc creator/import/gnu/arm/5.4.1/bin/../lib/gcc/arm-none-eabi/5.4.1/../../../../arm-none-eabi/lib/armv6-m\libg_nano.a(lib_a-nano-reallocr.o)
                0x00006360                _realloc_r
 .text._sbrk_r  0x000063ac       0x24 c:/program files (x86)/cypress/psoc creator/4.2/psoc creator/import/gnu/arm/5.4.1/bin/../lib/gcc/arm-none-eabi/5.4.1/../../../../arm-none-eabi/lib/armv6-m\libg_nano.a(lib_a-sbrkr.o)
                0x000063ac                _sbrk_r
 .text.__malloc_lock
                0x000063d0        0x2 c:/program files (x86)/cypress/psoc creator/4.2/psoc creator/import/gnu/arm/5.4.1/bin/../lib/gcc/arm-none-eabi/5.4.1/../../../../arm-none-eabi/lib/armv6-m\libg_nano.a(lib_a-mlock.o)
                0x000063d0                __malloc_lock
 .text.__malloc_unlock
                0x000063d2        0x2 c:/program files (x86)/cypress/psoc creator/4.2/psoc creator/import/gnu/arm/5.4.1/bin/../lib/gcc/arm-none-eabi/5.4.1/../../../../arm-none-eabi/lib/armv6-m\libg_nano.a(lib_a-mlock.o)
                0x000063d2                __malloc_unlock
 .text._malloc_usable_size_r
                0x000063d4       0x16 c:/program files (x86)/cypress/psoc creator/4.2/psoc creator/import/gnu/arm/5.4.1/bin/../lib/gcc/arm-none-eabi/5.4.1/../../../../arm-none-eabi/lib/armv6-m\libg_nano.a(lib_a-nano-msizer.o)
                0x000063d4                _malloc_usable_size_r
 *(.plt)
 *(.gnu.warning)
 *(.glue_7t)
 .glue_7t       0x000063ea        0x0 linker stubs
 *(.glue_7)
 .glue_7        0x000063ea        0x0 linker stubs
 *(.vfp11_veneer)
 .vfp11_veneer  0x000063ea        0x0 linker stubs
 *(.bootloader)
 *(.ARM.extab* .gnu.linkonce.armextab.*)
 *(.gcc_except_table)

.v4_bx          0x000063ec        0x0
 .v4_bx         0x000063ec        0x0 linker stubs

.iplt           0x000063ec        0x0
 .iplt          0x000063ec        0x0 c:/program files (x86)/cypress/psoc creator/4.2/psoc creator/import/gnu/arm/5.4.1/bin/../lib/gcc/arm-none-eabi/5.4.1/armv6-m/crtbegin.o

.eh_frame_hdr
 *(.eh_frame_hdr)

.eh_frame       0x000063ec        0x4
 *(.eh_frame)
 .eh_frame      0x000063ec        0x0 c:/program files (x86)/cypress/psoc creator/4.2/psoc creator/import/gnu/arm/5.4.1/bin/../lib/gcc/arm-none-eabi/5.4.1/armv6-m/crtbegin.o
 .eh_frame      0x000063ec        0x4 c:/program files (x86)/cypress/psoc creator/4.2/psoc creator/import/gnu/arm/5.4.1/bin/../lib/gcc/arm-none-eabi/5.4.1/armv6-m/crtend.o
                [!provide]                PROVIDE (__exidx_start, .)

.ARM.exidx
 *(.ARM.exidx* .gnu.linkonce.armexidx.*)
                0x000063f0                __exidx_end = .

.rodata         0x000063f0     0x1e38
 *(.rodata .rodata.* .gnu.linkonce.r.*)
 .rodata        0x000063f0       0x30 .\CortexM0\ARM_GCC_541\Debug\main.o
                0x000063f0                default_settings
 .rodata.str1.4
                0x00006420        0x9 .\CortexM0\ARM_GCC_541\Debug\main.o
 *fill*         0x00006429        0x3 
 .rodata        0x0000642c      0x22c .\CortexM0\ARM_GCC_541\Debug\ui.o
                0x0000642c                choose_readout_menu
                0x00006480                set_readout_menu
                0x00006524                readout_functions
                0x00006570                quadrature_states
                0x00006580                main_menu
                0x00006624                tools_menu
 .rodata.str1.4
                0x00006658      0x25d .\CortexM0\ARM_GCC_541\Debug\ui.o
                                0x271 (size before relaxing)
 *fill*         0x000068b5        0x3 
 .rodata        0x000068b8      0x208 .\CortexM0\ARM_GCC_541\Debug\comms.o
 .rodata.str1.4
                0x00006ac0      0x338 .\CortexM0\ARM_GCC_541\Debug\comms.o
                                0x347 (size before relaxing)
 .rodata        0x00006df8       0x14 .\CortexM0\ARM_GCC_541\Debug\tasks.o
 .rodata.str1.1
                0x00006e0c        0x5 .\CortexM0\ARM_GCC_541\Debug\tasks.o
 *fill*         0x00006e11        0x3 
 .rodata        0x00006e14       0x3c .\CortexM0\ARM_GCC_541\Debug\cyfitter_cfg.o
 .rodata        0x00006e50       0x1e .\CortexM0\ARM_GCC_541\Debug\Reload Pro.a(ADC.o)
 *fill*         0x00006e6e        0x2 
 .rodata        0x00006e70       0x1c .\CortexM0\ARM_GCC_541\Debug\Reload Pro.a(Display.o)
                0x00006e70                ini_array
 .rodata        0x00006e8c     0x1200 .\CortexM0\ARM_GCC_541\Debug\Reload Pro.a(Display_font.o)
                0x00006e8c                glyphs
 .rodata        0x0000808c       0x2e .\CortexM0\ARM_GCC_541\Debug\Reload Pro.a(CyLib.o)
                0x0000808c                cyImoFreqMhz2Reg
 .rodata.str1.1
                0x000080ba        0x2 c:/program files (x86)/cypress/psoc creator/4.2/psoc creator/import/gnu/arm/5.4.1/bin/../lib/gcc/arm-none-eabi/5.4.1/../../../../arm-none-eabi/lib/armv6-m\libg_nano.a(lib_a-impure.o)
 .rodata._ctype_
                0x000080bc      0x101 c:/program files (x86)/cypress/psoc creator/4.2/psoc creator/import/gnu/arm/5.4.1/bin/../lib/gcc/arm-none-eabi/5.4.1/../../../../arm-none-eabi/lib/armv6-m\libg_nano.a(lib_a-ctype_.o)
                0x000080bc                _ctype_
 .rodata.str1.1
                0x000081bd       0x11 c:/program files (x86)/cypress/psoc creator/4.2/psoc creator/import/gnu/arm/5.4.1/bin/../lib/gcc/arm-none-eabi/5.4.1/../../../../arm-none-eabi/lib/armv6-m\libg_nano.a(lib_a-nano-svfprintf.o)
 .rodata.str1.1
                0x000081ce       0x22 c:/program files (x86)/cypress/psoc creator/4.2/psoc creator/import/gnu/arm/5.4.1/bin/../lib/gcc/arm-none-eabi/5.4.1/../../../../arm-none-eabi/lib/armv6-m\libg_nano.a(lib_a-nano-vfprintf_i.o)
                0x000081f0                . = ALIGN (0x4)
 *(.init)
 .init          0x000081f0        0x4 c:/program files (x86)/cypress/psoc creator/4.2/psoc creator/import/gnu/arm/5.4.1/bin/../lib/gcc/arm-none-eabi/5.4.1/armv6-m/crti.o
                0x000081f0                _init
 .init          0x000081f4        0x8 c:/program files (x86)/cypress/psoc creator/4.2/psoc creator/import/gnu/arm/5.4.1/bin/../lib/gcc/arm-none-eabi/5.4.1/armv6-m/crtn.o
                0x000081fc                . = ALIGN (0x4)
                0x000081fc                __preinit_array_start = .
 *(.preinit_array)
                0x000081fc                __preinit_array_end = .
                0x000081fc                . = ALIGN (0x4)
                0x000081fc                __init_array_start = .
 *(SORT(.init_array.*))
 *(.init_array)
 .init_array    0x000081fc        0x4 c:/program files (x86)/cypress/psoc creator/4.2/psoc creator/import/gnu/arm/5.4.1/bin/../lib/gcc/arm-none-eabi/5.4.1/armv6-m/crtbegin.o
 .init_array    0x00008200        0x4 .\CortexM0\ARM_GCC_541\Debug\Cm0Start.o
                0x00008204                __init_array_end = .
                0x00008204                . = ALIGN (0x4)
 *(.fini)
 .fini          0x00008204        0x4 c:/program files (x86)/cypress/psoc creator/4.2/psoc creator/import/gnu/arm/5.4.1/bin/../lib/gcc/arm-none-eabi/5.4.1/armv6-m/crti.o
                0x00008204                _fini
 .fini          0x00008208        0x8 c:/program files (x86)/cypress/psoc creator/4.2/psoc creator/import/gnu/arm/5.4.1/bin/../lib/gcc/arm-none-eabi/5.4.1/armv6-m/crtn.o
                0x00008210                . = ALIGN (0x4)
                0x00008210                __fini_array_start = .
 *(.fini_array)
 .fini_array    0x00008210        0x4 c:/program files (x86)/cypress/psoc creator/4.2/psoc creator/import/gnu/arm/5.4.1/bin/../lib/gcc/arm-none-eabi/5.4.1/armv6-m/crtbegin.o
 *(SORT(.fini_array.*))
                0x00008214                __fini_array_end = .
                0x00008214                . = ALIGN (0x4)
 *crtbegin.o(.ctors)
 *(EXCLUDE_FILE(*crtend.o) .ctors)
 *(SORT(.ctors.*))
 *crtend.o(.ctors)
                0x00008214                . = ALIGN (0x4)
 *crtbegin.o(.dtors)
 *(EXCLUDE_FILE(*crtend.o) .dtors)
 *(SORT(.dtors.*))
 *crtend.o(.dtors)
                0x00008214                . = ALIGN (0x4)
                0x00008214                __cy_regions = .
                0x00008214        0x4 LONG 0x8228 __cy_region_init_ram
                0x00008218        0x4 LONG 0x200000c8 __cy_region_start_data
                0x0000821c        0x4 LONG 0xc8 __cy_region_init_size_ram
                0x00008220        0x4 LONG 0xb28 __cy_region_zero_size_ram
                0x00008224                __cy_regions_end = .
                0x00008228                . = ALIGN (0x8)
 *fill*         0x00008224        0x4 
                0x00008228                _etext = .

.ramvectors     0x20000000       0xc0
                0x20000000                __cy_region_start_ram = .
 *(.ramvectors)
 .ramvectors    0x20000000       0xc0 .\CortexM0\ARM_GCC_541\Debug\Cm0Start.o
                0x20000000                CyRamVectors

.btldr_run      0x200000c0        0x4
 *(.bootloaderruntype)
 .bootloaderruntype
                0x200000c0        0x4 .\CortexM0\ARM_GCC_541\Debug\Cm0Start.o
                0x200000c0                cyBtldrRunType

.noinit
 *(.noinit)

.data           0x200000c8       0xc8 load address 0x00008228
                0x200000c8                __cy_region_start_data = .
 *(.jcr)
 .jcr           0x200000c8        0x0 c:/program files (x86)/cypress/psoc creator/4.2/psoc creator/import/gnu/arm/5.4.1/bin/../lib/gcc/arm-none-eabi/5.4.1/armv6-m/crtbegin.o
 .jcr           0x200000c8        0x4 c:/program files (x86)/cypress/psoc creator/4.2/psoc creator/import/gnu/arm/5.4.1/bin/../lib/gcc/arm-none-eabi/5.4.1/armv6-m/crtend.o
 *(.got.plt)
 *(.got)
 *(.shdata)
 *(.data .data.* .gnu.linkonce.d.*)
 .data          0x200000cc        0x4 .\CortexM0\ARM_GCC_541\Debug\main.o
                0x200000cc                settings
 .data          0x200000d0       0x28 .\CortexM0\ARM_GCC_541\Debug\ui.o
                0x200000d0                long_button_press_tick_count
 .data          0x200000f8        0x1 .\CortexM0\ARM_GCC_541\Debug\utils.o
 *fill*         0x200000f9        0x3 
 .data          0x200000fc        0x4 .\CortexM0\ARM_GCC_541\Debug\comms.o
 .data          0x20000100        0x1 .\CortexM0\ARM_GCC_541\Debug\adctask.o
                0x20000100                adc_mix_ratio
 *fill*         0x20000101        0x3 
 .data          0x20000104        0x4 .\CortexM0\ARM_GCC_541\Debug\port.o
 .data          0x20000108        0x4 .\CortexM0\ARM_GCC_541\Debug\tasks.o
 .data          0x2000010c        0x4 .\CortexM0\ARM_GCC_541\Debug\Cm0Start.o
 .data          0x20000110       0x14 .\CortexM0\ARM_GCC_541\Debug\Reload Pro.a(CyLib.o)
                0x20000110                CySysClkPumpConfig
                0x20000114                cydelay32kMs
                0x20000118                cydelayFreqKhz
                0x2000011c                cydelayFreqMhz
                0x20000120                cydelayFreqHz
 .data.impure_data
                0x20000124       0x60 c:/program files (x86)/cypress/psoc creator/4.2/psoc creator/import/gnu/arm/5.4.1/bin/../lib/gcc/arm-none-eabi/5.4.1/../../../../arm-none-eabi/lib/armv6-m\libg_nano.a(lib_a-impure.o)
 .data._impure_ptr
                0x20000184        0x4 c:/program files (x86)/cypress/psoc creator/4.2/psoc creator/import/gnu/arm/5.4.1/bin/../lib/gcc/arm-none-eabi/5.4.1/../../../../arm-none-eabi/lib/armv6-m\libg_nano.a(lib_a-impure.o)
                0x20000184                _impure_ptr
 .data.__ctype_ptr__
                0x20000188        0x4 c:/program files (x86)/cypress/psoc creator/4.2/psoc creator/import/gnu/arm/5.4.1/bin/../lib/gcc/arm-none-eabi/5.4.1/../../../../arm-none-eabi/lib/armv6-m\libg_nano.a(lib_a-ctype_.o)
                0x20000188                __ctype_ptr__
                0x20000190                . = ALIGN (0x8)
 *fill*         0x2000018c        0x4 
 *(.ram)
                0x20000190                _edata = .

.igot.plt       0x20000190        0x0 load address 0x000082f0
 .igot.plt      0x20000190        0x0 c:/program files (x86)/cypress/psoc creator/4.2/psoc creator/import/gnu/arm/5.4.1/bin/../lib/gcc/arm-none-eabi/5.4.1/armv6-m/crtbegin.o

.bss            0x20000190      0xb28 load address 0x000082f0
                0x20000190                PROVIDE (__bss_start__, .)
 *(.shbss)
 *(.bss .bss.* .gnu.linkonce.b.*)
 .bss           0x20000190       0x1c c:/program files (x86)/cypress/psoc creator/4.2/psoc creator/import/gnu/arm/5.4.1/bin/../lib/gcc/arm-none-eabi/5.4.1/armv6-m/crtbegin.o
 .bss           0x200001ac       0x18 .\CortexM0\ARM_GCC_541\Debug\ui.o
 .bss           0x200001c4       0xb1 .\CortexM0\ARM_GCC_541\Debug\comms.o
                0x20000220                uart_write_mutex
 *fill*         0x20000275        0x3 
 .bss           0x20000278       0x24 .\CortexM0\ARM_GCC_541\Debug\adctask.o
 .bss           0x2000029c      0x888 .\CortexM0\ARM_GCC_541\Debug\heap_1.o
 .bss           0x20000b24       0xd0 .\CortexM0\ARM_GCC_541\Debug\tasks.o
                0x20000b24                pxCurrentTCB
 .bss           0x20000bf4        0x4 .\CortexM0\ARM_GCC_541\Debug\Reload Pro.a(IDAC_High.o)
                0x20000bf4                IDAC_High_initVar
 .bss           0x20000bf8        0x4 .\CortexM0\ARM_GCC_541\Debug\Reload Pro.a(IDAC_Low.o)
                0x20000bf8                IDAC_Low_initVar
 .bss           0x20000bfc        0x5 .\CortexM0\ARM_GCC_541\Debug\Reload Pro.a(Opamp.o)
                0x20000c00                Opamp_initVar
 .bss           0x20000c01        0x1 .\CortexM0\ARM_GCC_541\Debug\Reload Pro.a(ADC.o)
                0x20000c01                ADC_initVar
 .bss           0x20000c02        0x4 .\CortexM0\ARM_GCC_541\Debug\Reload Pro.a(UART.o)
                0x20000c02                UART_initVar
                0x20000c04                UART_IntrTxMask
 *fill*         0x20000c06        0x2 
 .bss           0x20000c08        0x4 .\CortexM0\ARM_GCC_541\Debug\Reload Pro.a(CyFlash.o)
 .bss           0x20000c0c        0x8 .\CortexM0\ARM_GCC_541\Debug\Reload Pro.a(Display_I2C.o)
                0x20000c0c                Display_I2C_initVar
                0x20000c10                Display_I2C_customIntrHandler
 .bss.__malloc_sbrk_start
                0x20000c14        0x4 c:/program files (x86)/cypress/psoc creator/4.2/psoc creator/import/gnu/arm/5.4.1/bin/../lib/gcc/arm-none-eabi/5.4.1/../../../../arm-none-eabi/lib/armv6-m\libg_nano.a(lib_a-nano-mallocr.o)
                0x20000c14                __malloc_sbrk_start
 .bss.__malloc_free_list
                0x20000c18        0x4 c:/program files (x86)/cypress/psoc creator/4.2/psoc creator/import/gnu/arm/5.4.1/bin/../lib/gcc/arm-none-eabi/5.4.1/../../../../arm-none-eabi/lib/armv6-m\libg_nano.a(lib_a-nano-mallocr.o)
                0x20000c18                __malloc_free_list
 *(COMMON)
 COMMON         0x20000c1c       0x14 .\CortexM0\ARM_GCC_541\Debug\main.o
                0x20000c1c                comms_task
                0x20000c20                state
                0x20000c2c                ui_task
 COMMON         0x20000c30        0x4 .\CortexM0\ARM_GCC_541\Debug\ui.o
                0x20000c30                ui_queue
 COMMON         0x20000c34        0x4 .\CortexM0\ARM_GCC_541\Debug\comms.o
                0x20000c34                comms_queue
 COMMON         0x20000c38       0x24 .\CortexM0\ARM_GCC_541\Debug\Reload Pro.a(ADC.o)
                0x20000c38                ADC_countsPer10Volt
                0x20000c50                ADC_offset
 COMMON         0x20000c5c       0x10 .\CortexM0\ARM_GCC_541\Debug\Reload Pro.a(Display.o)
                0x20000c5c                Displayisr_struct
 COMMON         0x20000c6c       0x1c .\CortexM0\ARM_GCC_541\Debug\Reload Pro.a(EEPROM.o)
                0x20000c6c                EEPROM_context
 COMMON         0x20000c88        0x1 .\CortexM0\ARM_GCC_541\Debug\Reload Pro.a(Display_I2C_I2C.o)
                0x20000c88                Display_I2C_state
 *fill*         0x20000c89        0x3 
 COMMON         0x20000c8c       0x21 .\CortexM0\ARM_GCC_541\Debug\Reload Pro.a(Display_I2C_I2C_MASTER.o)
                0x20000c8c                Display_I2C_mstrRdBufPtr
                0x20000c90                Display_I2C_mstrWrBufSize
                0x20000c94                Display_I2C_mstrWrBufPtr
                0x20000c98                Display_I2C_mstrRdBufSize
                0x20000c9c                Display_I2C_mstrStatus
                0x20000ca0                Display_I2C_mstrRdBufIndex
                0x20000ca4                Display_I2C_mstrWrBufIndexTmp
                0x20000ca8                Display_I2C_mstrWrBufIndex
                0x20000cac                Display_I2C_mstrControl
 *fill*         0x20000cad        0x3 
 COMMON         0x20000cb0        0x4 c:/program files (x86)/cypress/psoc creator/4.2/psoc creator/import/gnu/arm/5.4.1/bin/../lib/gcc/arm-none-eabi/5.4.1/../../../../arm-none-eabi/lib/armv6-m\libg_nano.a(lib_a-reent.o)
                0x20000cb0                errno
                0x20000cb8                . = ALIGN (0x8)
 *fill*         0x20000cb4        0x4 
 *(.ram.b)
                0x20000cb8                _end = .
                0x20000cb8                __end = .
                0x20000cb8                PROVIDE (end, .)
                0x20000cb8                PROVIDE (__bss_end__, .)
                0x00008228                __cy_region_init_ram = LOADADDR (.data)
                0x000000c8                __cy_region_init_size_ram = (_edata - ADDR (.data))
                0x00000b28                __cy_region_zero_size_ram = (_end - _edata)

.heap           0x20000cb8      0x100 load address 0x000082f0
                0x20000cb8                . = _end
                0x20000db8                . = (. + 0x100)
 *fill*         0x20000cb8      0x100 
                0x20000db8                __cy_heap_limit = .

.stack          0x20000e00      0x200
                0x20000e00                __cy_stack_limit = .
                0x20001000                . = (. + 0x200)
 *fill*         0x20000e00      0x200 
                0x00000001                ASSERT ((__cy_stack_limit >= __cy_heap_limit), region RAM overflowed with stack)

.cy_checksum_exclude
                0x00007d80      0x200
 *(.cy_checksum_exclude)
 .cy_checksum_exclude
                0x00007d80      0x200 .\CortexM0\ARM_GCC_541\Debug\main.o
                0x00007d80                EEsettings
                0x00000200                cy_checksum_exclude_size = (CY_APPL_LOADABLE == 0x1)?SIZEOF (.cy_checksum_exclude):0x0
                0x00000001                ASSERT ((cy_checksum_exclude_size <= CY_CHECKSUM_EXCLUDE_SIZE), CY_BOOT: Section .cy_checksum_exclude size exceedes specified limit.)
                0xf0000000                cyloadermeta_start = (cy_project_type_bootloader || cy_project_type_app_for_stack_and_copier)?(LENGTH (rom) - CY_METADATA_SIZE):0xf0000000

.cyloadermeta   0xf0000000       0x40
 *(.cyloadermeta)
 .cyloadermeta  0xf0000000       0x40 .\CortexM0\ARM_GCC_541\Debug\cybootloader.o
                0xf0000000                cy_meta_loader
                0x00007fc0                cyloadablemeta_start = cy_project_type_app_for_stack_and_copier?((LENGTH (rom) - CY_FLASH_ROW_SIZE) - CY_METADATA_SIZE):((LENGTH (rom) - (CY_FLASH_ROW_SIZE * (CY_APPL_NUM - 0x1))) - CY_METADATA_SIZE)

.cyloadablemeta
                0x00007fc0       0x40
 *(.cyloadablemeta)
 .cyloadablemeta
                0x00007fc0       0x40 .\CortexM0\ARM_GCC_541\Debug\cymetadata.o
                0x00007fc0                cy_meta_loadable

.cyflashprotect
                0x90400000       0x20
 *(.cyflashprotect)
 .cyflashprotect
                0x90400000       0x20 .\CortexM0\ARM_GCC_541\Debug\cybootloader.o
                0x90400000                cy_meta_flashprotect

.cymeta         0x90500000        0xc
 *(.cymeta)
 .cymeta        0x90500000        0xc .\CortexM0\ARM_GCC_541\Debug\cybootloader.o
                0x90500000                cy_metadata

.cychipprotect  0x90600000        0x1
 *(.cychipprotect)
 .cychipprotect
                0x90600000        0x1 .\CortexM0\ARM_GCC_541\Debug\cybootloader.o
                0x90600000                cy_meta_chipprotect

.rel.dyn        0x00008000        0x0 load address 0x90600004
 .rel.iplt      0x00008000        0x0 c:/program files (x86)/cypress/psoc creator/4.2/psoc creator/import/gnu/arm/5.4.1/bin/../lib/gcc/arm-none-eabi/5.4.1/armv6-m/crtbegin.o

.stab
 *(.stab)

.stabstr
 *(.stabstr)

.debug
 *(.debug)

.line
 *(.line)

.debug_srcinfo
 *(.debug_srcinfo)

.debug_sfnames
 *(.debug_sfnames)

.debug_aranges  0x00000000     0x12b8
 *(.debug_aranges)
 .debug_aranges
                0x00000000       0x40 .\CortexM0\ARM_GCC_541\Debug\main.o
 .debug_aranges
                0x00000040      0x128 .\CortexM0\ARM_GCC_541\Debug\ui.o
 .debug_aranges
                0x00000168       0x50 .\CortexM0\ARM_GCC_541\Debug\utils.o
 .debug_aranges
                0x000001b8       0xd0 .\CortexM0\ARM_GCC_541\Debug\comms.o
 .debug_aranges
                0x00000288       0x68 .\CortexM0\ARM_GCC_541\Debug\adctask.o
 .debug_aranges
                0x000002f0       0x48 .\CortexM0\ARM_GCC_541\Debug\calibrate.o
 .debug_aranges
                0x00000338       0x38 .\CortexM0\ARM_GCC_541\Debug\croutine.o
 .debug_aranges
                0x00000370       0x38 .\CortexM0\ARM_GCC_541\Debug\heap_1.o
 .debug_aranges
                0x000003a8       0x40 .\CortexM0\ARM_GCC_541\Debug\list.o
 .debug_aranges
                0x000003e8       0x78 .\CortexM0\ARM_GCC_541\Debug\port.o
 .debug_aranges
                0x00000460       0xb0 .\CortexM0\ARM_GCC_541\Debug\queue.o
 .debug_aranges
                0x00000510       0xf0 .\CortexM0\ARM_GCC_541\Debug\tasks.o
 .debug_aranges
                0x00000600       0x18 .\CortexM0\ARM_GCC_541\Debug\timers.o
 .debug_aranges
                0x00000618       0x48 .\CortexM0\ARM_GCC_541\Debug\cyfitter_cfg.o
 .debug_aranges
                0x00000660       0x18 .\CortexM0\ARM_GCC_541\Debug\cybootloader.o
 .debug_aranges
                0x00000678       0x18 .\CortexM0\ARM_GCC_541\Debug\cymetadata.o
 .debug_aranges
                0x00000690       0x48 .\CortexM0\ARM_GCC_541\Debug\Cm0Start.o
 .debug_aranges
                0x000006d8       0x40 .\CortexM0\ARM_GCC_541\Debug\Reload Pro.a(IDAC_High.o)
 .debug_aranges
                0x00000718       0x40 .\CortexM0\ARM_GCC_541\Debug\Reload Pro.a(IDAC_Low.o)
 .debug_aranges
                0x00000758       0x48 .\CortexM0\ARM_GCC_541\Debug\Reload Pro.a(Opamp.o)
 .debug_aranges
                0x000007a0       0x48 .\CortexM0\ARM_GCC_541\Debug\Reload Pro.a(Opamp_Out.o)
 .debug_aranges
                0x000007e8       0xb0 .\CortexM0\ARM_GCC_541\Debug\Reload Pro.a(ADC.o)
 .debug_aranges
                0x00000898       0x20 .\CortexM0\ARM_GCC_541\Debug\Reload Pro.a(ADC_INT.o)
 .debug_aranges
                0x000008b8       0x60 .\CortexM0\ARM_GCC_541\Debug\Reload Pro.a(UART.o)
 .debug_aranges
                0x00000918       0x60 .\CortexM0\ARM_GCC_541\Debug\Reload Pro.a(UART_SPI_UART.o)
 .debug_aranges
                0x00000978       0x68 .\CortexM0\ARM_GCC_541\Debug\Reload Pro.a(UART_UART.o)
 .debug_aranges
                0x000009e0       0x78 .\CortexM0\ARM_GCC_541\Debug\Reload Pro.a(Display.o)
 .debug_aranges
                0x00000a58       0x18 .\CortexM0\ARM_GCC_541\Debug\Reload Pro.a(Display_font.o)
 .debug_aranges
                0x00000a70       0x80 .\CortexM0\ARM_GCC_541\Debug\Reload Pro.a(QuadratureISR.o)
 .debug_aranges
                0x00000af0       0x48 .\CortexM0\ARM_GCC_541\Debug\Reload Pro.a(Quadrature.o)
 .debug_aranges
                0x00000b38       0x48 .\CortexM0\ARM_GCC_541\Debug\Reload Pro.a(disp_reset.o)
 .debug_aranges
                0x00000b80       0x48 .\CortexM0\ARM_GCC_541\Debug\Reload Pro.a(QuadButton.o)
 .debug_aranges
                0x00000bc8       0x28 .\CortexM0\ARM_GCC_541\Debug\Reload Pro.a(Bootloadable.o)
 .debug_aranges
                0x00000bf0       0x20 .\CortexM0\ARM_GCC_541\Debug\Reload Pro.a(EEPROM.o)
 .debug_aranges
                0x00000c10       0x48 .\CortexM0\ARM_GCC_541\Debug\Reload Pro.a(Backlight.o)
 .debug_aranges
                0x00000c58       0x80 .\CortexM0\ARM_GCC_541\Debug\Reload Pro.a(UART_ISR.o)
 .debug_aranges
                0x00000cd8       0x80 .\CortexM0\ARM_GCC_541\Debug\Reload Pro.a(ADC_IRQ.o)
 .debug_aranges
                0x00000d58       0x90 .\CortexM0\ARM_GCC_541\Debug\Reload Pro.a(cy_em_eeprom.o)
 .debug_aranges
                0x00000de8       0x38 .\CortexM0\ARM_GCC_541\Debug\Reload Pro.a(CyFlash.o)
 .debug_aranges
                0x00000e20      0x180 .\CortexM0\ARM_GCC_541\Debug\Reload Pro.a(CyLib.o)
 .debug_aranges
                0x00000fa0      0x138 .\CortexM0\ARM_GCC_541\Debug\Reload Pro.a(CyLFClk.o)
 .debug_aranges
                0x000010d8       0x68 .\CortexM0\ARM_GCC_541\Debug\Reload Pro.a(Display_I2C.o)
 .debug_aranges
                0x00001140       0x30 .\CortexM0\ARM_GCC_541\Debug\Reload Pro.a(Display_I2C_I2C.o)
 .debug_aranges
                0x00001170       0x98 .\CortexM0\ARM_GCC_541\Debug\Reload Pro.a(Display_I2C_I2C_MASTER.o)
 .debug_aranges
                0x00001208       0x48 .\CortexM0\ARM_GCC_541\Debug\Reload Pro.a(Display_I2C_sda.o)
 .debug_aranges
                0x00001250       0x48 .\CortexM0\ARM_GCC_541\Debug\Reload Pro.a(Display_I2C_scl.o)
 .debug_aranges
                0x00001298       0x20 .\CortexM0\ARM_GCC_541\Debug\Reload Pro.a(CyBootAsmGnu.o)

.debug_pubnames
 *(.debug_pubnames)

.debug_info     0x00000000     0xfcb4
 *(.debug_info .gnu.linkonce.wi.*)
 .debug_info    0x00000000      0x779 .\CortexM0\ARM_GCC_541\Debug\main.o
 .debug_info    0x00000779     0x257c .\CortexM0\ARM_GCC_541\Debug\ui.o
 .debug_info    0x00002cf5      0x494 .\CortexM0\ARM_GCC_541\Debug\utils.o
 .debug_info    0x00003189     0x15f8 .\CortexM0\ARM_GCC_541\Debug\comms.o
 .debug_info    0x00004781      0x904 .\CortexM0\ARM_GCC_541\Debug\adctask.o
 .debug_info    0x00005085      0x69e .\CortexM0\ARM_GCC_541\Debug\calibrate.o
 .debug_info    0x00005723      0x6ac .\CortexM0\ARM_GCC_541\Debug\croutine.o
 .debug_info    0x00005dcf      0x1b2 .\CortexM0\ARM_GCC_541\Debug\heap_1.o
 .debug_info    0x00005f81      0x282 .\CortexM0\ARM_GCC_541\Debug\list.o
 .debug_info    0x00006203      0x26b .\CortexM0\ARM_GCC_541\Debug\port.o
 .debug_info    0x0000646e      0xff5 .\CortexM0\ARM_GCC_541\Debug\queue.o
 .debug_info    0x00007463     0x13e0 .\CortexM0\ARM_GCC_541\Debug\tasks.o
 .debug_info    0x00008843       0x80 .\CortexM0\ARM_GCC_541\Debug\timers.o
 .debug_info    0x000088c3      0x3ad .\CortexM0\ARM_GCC_541\Debug\cyfitter_cfg.o
 .debug_info    0x00008c70      0x153 .\CortexM0\ARM_GCC_541\Debug\cybootloader.o
 .debug_info    0x00008dc3       0xac .\CortexM0\ARM_GCC_541\Debug\cymetadata.o
 .debug_info    0x00008e6f      0x3ac .\CortexM0\ARM_GCC_541\Debug\Cm0Start.o
 .debug_info    0x0000921b      0x21a .\CortexM0\ARM_GCC_541\Debug\Reload Pro.a(IDAC_High.o)
 .debug_info    0x00009435      0x21a .\CortexM0\ARM_GCC_541\Debug\Reload Pro.a(IDAC_Low.o)
 .debug_info    0x0000964f      0x17c .\CortexM0\ARM_GCC_541\Debug\Reload Pro.a(Opamp.o)
 .debug_info    0x000097cb      0x19d .\CortexM0\ARM_GCC_541\Debug\Reload Pro.a(Opamp_Out.o)
 .debug_info    0x00009968      0x5b0 .\CortexM0\ARM_GCC_541\Debug\Reload Pro.a(ADC.o)
 .debug_info    0x00009f18       0xc4 .\CortexM0\ARM_GCC_541\Debug\Reload Pro.a(ADC_INT.o)
 .debug_info    0x00009fdc      0x245 .\CortexM0\ARM_GCC_541\Debug\Reload Pro.a(UART.o)
 .debug_info    0x0000a221      0x219 .\CortexM0\ARM_GCC_541\Debug\Reload Pro.a(UART_SPI_UART.o)
 .debug_info    0x0000a43a      0x309 .\CortexM0\ARM_GCC_541\Debug\Reload Pro.a(UART_UART.o)
 .debug_info    0x0000a743      0x6ea .\CortexM0\ARM_GCC_541\Debug\Reload Pro.a(Display.o)
 .debug_info    0x0000ae2d       0x63 .\CortexM0\ARM_GCC_541\Debug\Reload Pro.a(Display_font.o)
 .debug_info    0x0000ae90      0x2fe .\CortexM0\ARM_GCC_541\Debug\Reload Pro.a(QuadratureISR.o)
 .debug_info    0x0000b18e      0x19b .\CortexM0\ARM_GCC_541\Debug\Reload Pro.a(Quadrature.o)
 .debug_info    0x0000b329      0x19d .\CortexM0\ARM_GCC_541\Debug\Reload Pro.a(disp_reset.o)
 .debug_info    0x0000b4c6      0x19d .\CortexM0\ARM_GCC_541\Debug\Reload Pro.a(QuadButton.o)
 .debug_info    0x0000b663      0x19d .\CortexM0\ARM_GCC_541\Debug\Reload Pro.a(Bootloadable.o)
 .debug_info    0x0000b800      0x23b .\CortexM0\ARM_GCC_541\Debug\Reload Pro.a(EEPROM.o)
 .debug_info    0x0000ba3b      0x19d .\CortexM0\ARM_GCC_541\Debug\Reload Pro.a(Backlight.o)
 .debug_info    0x0000bbd8      0x2fe .\CortexM0\ARM_GCC_541\Debug\Reload Pro.a(UART_ISR.o)
 .debug_info    0x0000bed6      0x2fe .\CortexM0\ARM_GCC_541\Debug\Reload Pro.a(ADC_IRQ.o)
 .debug_info    0x0000c1d4      0xec4 .\CortexM0\ARM_GCC_541\Debug\Reload Pro.a(cy_em_eeprom.o)
 .debug_info    0x0000d098      0x336 .\CortexM0\ARM_GCC_541\Debug\Reload Pro.a(CyFlash.o)
 .debug_info    0x0000d3ce      0xae5 .\CortexM0\ARM_GCC_541\Debug\Reload Pro.a(CyLib.o)
 .debug_info    0x0000deb3      0xcf7 .\CortexM0\ARM_GCC_541\Debug\Reload Pro.a(CyLFClk.o)
 .debug_info    0x0000ebaa      0x2a3 .\CortexM0\ARM_GCC_541\Debug\Reload Pro.a(Display_I2C.o)
 .debug_info    0x0000ee4d      0x18e .\CortexM0\ARM_GCC_541\Debug\Reload Pro.a(Display_I2C_I2C.o)
 .debug_info    0x0000efdb      0x916 .\CortexM0\ARM_GCC_541\Debug\Reload Pro.a(Display_I2C_I2C_MASTER.o)
 .debug_info    0x0000f8f1      0x19d .\CortexM0\ARM_GCC_541\Debug\Reload Pro.a(Display_I2C_sda.o)
 .debug_info    0x0000fa8e      0x19d .\CortexM0\ARM_GCC_541\Debug\Reload Pro.a(Display_I2C_scl.o)
 .debug_info    0x0000fc2b       0x89 .\CortexM0\ARM_GCC_541\Debug\Reload Pro.a(CyBootAsmGnu.o)

.debug_abbrev   0x00000000     0x40d2
 *(.debug_abbrev)
 .debug_abbrev  0x00000000      0x1f7 .\CortexM0\ARM_GCC_541\Debug\main.o
 .debug_abbrev  0x000001f7      0x3d2 .\CortexM0\ARM_GCC_541\Debug\ui.o
 .debug_abbrev  0x000005c9      0x19d .\CortexM0\ARM_GCC_541\Debug\utils.o
 .debug_abbrev  0x00000766      0x3e4 .\CortexM0\ARM_GCC_541\Debug\comms.o
 .debug_abbrev  0x00000b4a      0x210 .\CortexM0\ARM_GCC_541\Debug\adctask.o
 .debug_abbrev  0x00000d5a      0x1d8 .\CortexM0\ARM_GCC_541\Debug\calibrate.o
 .debug_abbrev  0x00000f32      0x22e .\CortexM0\ARM_GCC_541\Debug\croutine.o
 .debug_abbrev  0x00001160      0x146 .\CortexM0\ARM_GCC_541\Debug\heap_1.o
 .debug_abbrev  0x000012a6       0xdc .\CortexM0\ARM_GCC_541\Debug\list.o
 .debug_abbrev  0x00001382      0x1db .\CortexM0\ARM_GCC_541\Debug\port.o
 .debug_abbrev  0x0000155d      0x24e .\CortexM0\ARM_GCC_541\Debug\queue.o
 .debug_abbrev  0x000017ab      0x2f2 .\CortexM0\ARM_GCC_541\Debug\tasks.o
 .debug_abbrev  0x00001a9d       0x26 .\CortexM0\ARM_GCC_541\Debug\timers.o
 .debug_abbrev  0x00001ac3      0x1c0 .\CortexM0\ARM_GCC_541\Debug\cyfitter_cfg.o
 .debug_abbrev  0x00001c83       0x77 .\CortexM0\ARM_GCC_541\Debug\cybootloader.o
 .debug_abbrev  0x00001cfa       0x5d .\CortexM0\ARM_GCC_541\Debug\cymetadata.o
 .debug_abbrev  0x00001d57      0x1e8 .\CortexM0\ARM_GCC_541\Debug\Cm0Start.o
 .debug_abbrev  0x00001f3f       0xa3 .\CortexM0\ARM_GCC_541\Debug\Reload Pro.a(IDAC_High.o)
 .debug_abbrev  0x00001fe2       0xa3 .\CortexM0\ARM_GCC_541\Debug\Reload Pro.a(IDAC_Low.o)
 .debug_abbrev  0x00002085       0xc8 .\CortexM0\ARM_GCC_541\Debug\Reload Pro.a(Opamp.o)
 .debug_abbrev  0x0000214d       0xc8 .\CortexM0\ARM_GCC_541\Debug\Reload Pro.a(Opamp_Out.o)
 .debug_abbrev  0x00002215      0x184 .\CortexM0\ARM_GCC_541\Debug\Reload Pro.a(ADC.o)
 .debug_abbrev  0x00002399       0x65 .\CortexM0\ARM_GCC_541\Debug\Reload Pro.a(ADC_INT.o)
 .debug_abbrev  0x000023fe       0xed .\CortexM0\ARM_GCC_541\Debug\Reload Pro.a(UART.o)
 .debug_abbrev  0x000024eb      0x14f .\CortexM0\ARM_GCC_541\Debug\Reload Pro.a(UART_SPI_UART.o)
 .debug_abbrev  0x0000263a      0x123 .\CortexM0\ARM_GCC_541\Debug\Reload Pro.a(UART_UART.o)
 .debug_abbrev  0x0000275d      0x236 .\CortexM0\ARM_GCC_541\Debug\Reload Pro.a(Display.o)
 .debug_abbrev  0x00002993       0x45 .\CortexM0\ARM_GCC_541\Debug\Reload Pro.a(Display_font.o)
 .debug_abbrev  0x000029d8      0x19a .\CortexM0\ARM_GCC_541\Debug\Reload Pro.a(QuadratureISR.o)
 .debug_abbrev  0x00002b72       0xc8 .\CortexM0\ARM_GCC_541\Debug\Reload Pro.a(Quadrature.o)
 .debug_abbrev  0x00002c3a       0xc8 .\CortexM0\ARM_GCC_541\Debug\Reload Pro.a(disp_reset.o)
 .debug_abbrev  0x00002d02       0xc8 .\CortexM0\ARM_GCC_541\Debug\Reload Pro.a(QuadButton.o)
 .debug_abbrev  0x00002dca       0xea .\CortexM0\ARM_GCC_541\Debug\Reload Pro.a(Bootloadable.o)
 .debug_abbrev  0x00002eb4      0x110 .\CortexM0\ARM_GCC_541\Debug\Reload Pro.a(EEPROM.o)
 .debug_abbrev  0x00002fc4       0xc8 .\CortexM0\ARM_GCC_541\Debug\Reload Pro.a(Backlight.o)
 .debug_abbrev  0x0000308c      0x19a .\CortexM0\ARM_GCC_541\Debug\Reload Pro.a(UART_ISR.o)
 .debug_abbrev  0x00003226      0x19a .\CortexM0\ARM_GCC_541\Debug\Reload Pro.a(ADC_IRQ.o)
 .debug_abbrev  0x000033c0      0x238 .\CortexM0\ARM_GCC_541\Debug\Reload Pro.a(cy_em_eeprom.o)
 .debug_abbrev  0x000035f8      0x19c .\CortexM0\ARM_GCC_541\Debug\Reload Pro.a(CyFlash.o)
 .debug_abbrev  0x00003794      0x1e0 .\CortexM0\ARM_GCC_541\Debug\Reload Pro.a(CyLib.o)
 .debug_abbrev  0x00003974      0x210 .\CortexM0\ARM_GCC_541\Debug\Reload Pro.a(CyLFClk.o)
 .debug_abbrev  0x00003b84      0x130 .\CortexM0\ARM_GCC_541\Debug\Reload Pro.a(Display_I2C.o)
 .debug_abbrev  0x00003cb4       0xc7 .\CortexM0\ARM_GCC_541\Debug\Reload Pro.a(Display_I2C_I2C.o)
 .debug_abbrev  0x00003d7b      0x1b3 .\CortexM0\ARM_GCC_541\Debug\Reload Pro.a(Display_I2C_I2C_MASTER.o)
 .debug_abbrev  0x00003f2e       0xc8 .\CortexM0\ARM_GCC_541\Debug\Reload Pro.a(Display_I2C_sda.o)
 .debug_abbrev  0x00003ff6       0xc8 .\CortexM0\ARM_GCC_541\Debug\Reload Pro.a(Display_I2C_scl.o)
 .debug_abbrev  0x000040be       0x14 .\CortexM0\ARM_GCC_541\Debug\Reload Pro.a(CyBootAsmGnu.o)

.debug_line     0x00000000     0x55ed
 *(.debug_line)
 .debug_line    0x00000000      0x285 .\CortexM0\ARM_GCC_541\Debug\main.o
 .debug_line    0x00000285      0x760 .\CortexM0\ARM_GCC_541\Debug\ui.o
 .debug_line    0x000009e5      0x21c .\CortexM0\ARM_GCC_541\Debug\utils.o
 .debug_line    0x00000c01      0x5d5 .\CortexM0\ARM_GCC_541\Debug\comms.o
 .debug_line    0x000011d6      0x2a4 .\CortexM0\ARM_GCC_541\Debug\adctask.o
 .debug_line    0x0000147a      0x253 .\CortexM0\ARM_GCC_541\Debug\calibrate.o
 .debug_line    0x000016cd      0x182 .\CortexM0\ARM_GCC_541\Debug\croutine.o
 .debug_line    0x0000184f      0x13d .\CortexM0\ARM_GCC_541\Debug\heap_1.o
 .debug_line    0x0000198c       0xfb .\CortexM0\ARM_GCC_541\Debug\list.o
 .debug_line    0x00001a87      0x166 .\CortexM0\ARM_GCC_541\Debug\port.o
 .debug_line    0x00001bed      0x3fa .\CortexM0\ARM_GCC_541\Debug\queue.o
 .debug_line    0x00001fe7      0x5ba .\CortexM0\ARM_GCC_541\Debug\tasks.o
 .debug_line    0x000025a1       0x1d .\CortexM0\ARM_GCC_541\Debug\timers.o
 .debug_line    0x000025be      0x199 .\CortexM0\ARM_GCC_541\Debug\cyfitter_cfg.o
 .debug_line    0x00002757       0x53 .\CortexM0\ARM_GCC_541\Debug\cybootloader.o
 .debug_line    0x000027aa      0x141 .\CortexM0\ARM_GCC_541\Debug\cymetadata.o
 .debug_line    0x000028eb      0x238 .\CortexM0\ARM_GCC_541\Debug\Cm0Start.o
 .debug_line    0x00002b23       0xc7 .\CortexM0\ARM_GCC_541\Debug\Reload Pro.a(IDAC_High.o)
 .debug_line    0x00002bea       0xc8 .\CortexM0\ARM_GCC_541\Debug\Reload Pro.a(IDAC_Low.o)
 .debug_line    0x00002cb2       0xc1 .\CortexM0\ARM_GCC_541\Debug\Reload Pro.a(Opamp.o)
 .debug_line    0x00002d73       0xc1 .\CortexM0\ARM_GCC_541\Debug\Reload Pro.a(Opamp_Out.o)
 .debug_line    0x00002e34      0x2bb .\CortexM0\ARM_GCC_541\Debug\Reload Pro.a(ADC.o)
 .debug_line    0x000030ef       0x62 .\CortexM0\ARM_GCC_541\Debug\Reload Pro.a(ADC_INT.o)
 .debug_line    0x00003151      0x127 .\CortexM0\ARM_GCC_541\Debug\Reload Pro.a(UART.o)
 .debug_line    0x00003278      0x11a .\CortexM0\ARM_GCC_541\Debug\Reload Pro.a(UART_SPI_UART.o)
 .debug_line    0x00003392      0x16d .\CortexM0\ARM_GCC_541\Debug\Reload Pro.a(UART_UART.o)
 .debug_line    0x000034ff      0x218 .\CortexM0\ARM_GCC_541\Debug\Reload Pro.a(Display.o)
 .debug_line    0x00003717       0x46 .\CortexM0\ARM_GCC_541\Debug\Reload Pro.a(Display_font.o)
 .debug_line    0x0000375d      0x155 .\CortexM0\ARM_GCC_541\Debug\Reload Pro.a(QuadratureISR.o)
 .debug_line    0x000038b2       0xc2 .\CortexM0\ARM_GCC_541\Debug\Reload Pro.a(Quadrature.o)
 .debug_line    0x00003974       0xc2 .\CortexM0\ARM_GCC_541\Debug\Reload Pro.a(disp_reset.o)
 .debug_line    0x00003a36       0xc2 .\CortexM0\ARM_GCC_541\Debug\Reload Pro.a(QuadButton.o)
 .debug_line    0x00003af8       0xba .\CortexM0\ARM_GCC_541\Debug\Reload Pro.a(Bootloadable.o)
 .debug_line    0x00003bb2       0x76 .\CortexM0\ARM_GCC_541\Debug\Reload Pro.a(EEPROM.o)
 .debug_line    0x00003c28       0xc1 .\CortexM0\ARM_GCC_541\Debug\Reload Pro.a(Backlight.o)
 .debug_line    0x00003ce9      0x154 .\CortexM0\ARM_GCC_541\Debug\Reload Pro.a(UART_ISR.o)
 .debug_line    0x00003e3d      0x153 .\CortexM0\ARM_GCC_541\Debug\Reload Pro.a(ADC_IRQ.o)
 .debug_line    0x00003f90      0x495 .\CortexM0\ARM_GCC_541\Debug\Reload Pro.a(cy_em_eeprom.o)
 .debug_line    0x00004425      0x18c .\CortexM0\ARM_GCC_541\Debug\Reload Pro.a(CyFlash.o)
 .debug_line    0x000045b1      0x460 .\CortexM0\ARM_GCC_541\Debug\Reload Pro.a(CyLib.o)
 .debug_line    0x00004a11      0x466 .\CortexM0\ARM_GCC_541\Debug\Reload Pro.a(CyLFClk.o)
 .debug_line    0x00004e77      0x153 .\CortexM0\ARM_GCC_541\Debug\Reload Pro.a(Display_I2C.o)
 .debug_line    0x00004fca       0xd3 .\CortexM0\ARM_GCC_541\Debug\Reload Pro.a(Display_I2C_I2C.o)
 .debug_line    0x0000509d      0x359 .\CortexM0\ARM_GCC_541\Debug\Reload Pro.a(Display_I2C_I2C_MASTER.o)
 .debug_line    0x000053f6       0xc7 .\CortexM0\ARM_GCC_541\Debug\Reload Pro.a(Display_I2C_sda.o)
 .debug_line    0x000054bd       0xc7 .\CortexM0\ARM_GCC_541\Debug\Reload Pro.a(Display_I2C_scl.o)
 .debug_line    0x00005584       0x69 .\CortexM0\ARM_GCC_541\Debug\Reload Pro.a(CyBootAsmGnu.o)

.debug_frame    0x00000000     0x35d0
 *(.debug_frame)
 .debug_frame   0x00000000       0x94 .\CortexM0\ARM_GCC_541\Debug\main.o
 .debug_frame   0x00000094      0x470 .\CortexM0\ARM_GCC_541\Debug\ui.o
 .debug_frame   0x00000504       0xa8 .\CortexM0\ARM_GCC_541\Debug\utils.o
 .debug_frame   0x000005ac      0x2a4 .\CortexM0\ARM_GCC_541\Debug\comms.o
 .debug_frame   0x00000850       0xe8 .\CortexM0\ARM_GCC_541\Debug\adctask.o
 .debug_frame   0x00000938       0xe0 .\CortexM0\ARM_GCC_541\Debug\calibrate.o
 .debug_frame   0x00000a18       0xa0 .\CortexM0\ARM_GCC_541\Debug\croutine.o
 .debug_frame   0x00000ab8       0x60 .\CortexM0\ARM_GCC_541\Debug\heap_1.o
 .debug_frame   0x00000b18       0x6c .\CortexM0\ARM_GCC_541\Debug\list.o
 .debug_frame   0x00000b84      0x104 .\CortexM0\ARM_GCC_541\Debug\port.o
 .debug_frame   0x00000c88      0x268 .\CortexM0\ARM_GCC_541\Debug\queue.o
 .debug_frame   0x00000ef0      0x320 .\CortexM0\ARM_GCC_541\Debug\tasks.o
 .debug_frame   0x00001210       0xa8 .\CortexM0\ARM_GCC_541\Debug\cyfitter_cfg.o
 .debug_frame   0x000012b8       0xbc .\CortexM0\ARM_GCC_541\Debug\Cm0Start.o
 .debug_frame   0x00001374       0x9c .\CortexM0\ARM_GCC_541\Debug\Reload Pro.a(IDAC_High.o)
 .debug_frame   0x00001410       0x9c .\CortexM0\ARM_GCC_541\Debug\Reload Pro.a(IDAC_Low.o)
 .debug_frame   0x000014ac       0x7c .\CortexM0\ARM_GCC_541\Debug\Reload Pro.a(Opamp.o)
 .debug_frame   0x00001528       0x70 .\CortexM0\ARM_GCC_541\Debug\Reload Pro.a(Opamp_Out.o)
 .debug_frame   0x00001598      0x1c0 .\CortexM0\ARM_GCC_541\Debug\Reload Pro.a(ADC.o)
 .debug_frame   0x00001758       0x20 .\CortexM0\ARM_GCC_541\Debug\Reload Pro.a(ADC_INT.o)
 .debug_frame   0x00001778       0xe8 .\CortexM0\ARM_GCC_541\Debug\Reload Pro.a(UART.o)
 .debug_frame   0x00001860       0xb0 .\CortexM0\ARM_GCC_541\Debug\Reload Pro.a(UART_SPI_UART.o)
 .debug_frame   0x00001910       0xf4 .\CortexM0\ARM_GCC_541\Debug\Reload Pro.a(UART_UART.o)
 .debug_frame   0x00001a04      0x17c .\CortexM0\ARM_GCC_541\Debug\Reload Pro.a(Display.o)
 .debug_frame   0x00001b80      0x110 .\CortexM0\ARM_GCC_541\Debug\Reload Pro.a(QuadratureISR.o)
 .debug_frame   0x00001c90       0x70 .\CortexM0\ARM_GCC_541\Debug\Reload Pro.a(Quadrature.o)
 .debug_frame   0x00001d00       0x70 .\CortexM0\ARM_GCC_541\Debug\Reload Pro.a(disp_reset.o)
 .debug_frame   0x00001d70       0x70 .\CortexM0\ARM_GCC_541\Debug\Reload Pro.a(QuadButton.o)
 .debug_frame   0x00001de0       0x50 .\CortexM0\ARM_GCC_541\Debug\Reload Pro.a(Bootloadable.o)
 .debug_frame   0x00001e30       0x2c .\CortexM0\ARM_GCC_541\Debug\Reload Pro.a(EEPROM.o)
 .debug_frame   0x00001e5c       0x70 .\CortexM0\ARM_GCC_541\Debug\Reload Pro.a(Backlight.o)
 .debug_frame   0x00001ecc      0x110 .\CortexM0\ARM_GCC_541\Debug\Reload Pro.a(UART_ISR.o)
 .debug_frame   0x00001fdc      0x110 .\CortexM0\ARM_GCC_541\Debug\Reload Pro.a(ADC_IRQ.o)
 .debug_frame   0x000020ec      0x210 .\CortexM0\ARM_GCC_541\Debug\Reload Pro.a(cy_em_eeprom.o)
 .debug_frame   0x000022fc       0x78 .\CortexM0\ARM_GCC_541\Debug\Reload Pro.a(CyFlash.o)
 .debug_frame   0x00002374      0x3e0 .\CortexM0\ARM_GCC_541\Debug\Reload Pro.a(CyLib.o)
 .debug_frame   0x00002754      0x3a8 .\CortexM0\ARM_GCC_541\Debug\Reload Pro.a(CyLFClk.o)
 .debug_frame   0x00002afc       0xf8 .\CortexM0\ARM_GCC_541\Debug\Reload Pro.a(Display_I2C.o)
 .debug_frame   0x00002bf4       0x58 .\CortexM0\ARM_GCC_541\Debug\Reload Pro.a(Display_I2C_I2C.o)
 .debug_frame   0x00002c4c      0x1e8 .\CortexM0\ARM_GCC_541\Debug\Reload Pro.a(Display_I2C_I2C_MASTER.o)
 .debug_frame   0x00002e34       0x70 .\CortexM0\ARM_GCC_541\Debug\Reload Pro.a(Display_I2C_sda.o)
 .debug_frame   0x00002ea4       0x70 .\CortexM0\ARM_GCC_541\Debug\Reload Pro.a(Display_I2C_scl.o)
 .debug_frame   0x00002f14       0x20 c:/program files (x86)/cypress/psoc creator/4.2/psoc creator/import/gnu/arm/5.4.1/bin/../lib/gcc/arm-none-eabi/5.4.1/armv6-m\libgcc.a(_udivsi3.o)
 .debug_frame   0x00002f34       0x20 c:/program files (x86)/cypress/psoc creator/4.2/psoc creator/import/gnu/arm/5.4.1/bin/../lib/gcc/arm-none-eabi/5.4.1/armv6-m\libgcc.a(_divsi3.o)
 .debug_frame   0x00002f54       0x34 c:/program files (x86)/cypress/psoc creator/4.2/psoc creator/import/gnu/arm/5.4.1/bin/../lib/gcc/arm-none-eabi/5.4.1/armv6-m\libgcc.a(_muldi3.o)
 .debug_frame   0x00002f88       0x30 c:/program files (x86)/cypress/psoc creator/4.2/psoc creator/import/gnu/arm/5.4.1/bin/../lib/gcc/arm-none-eabi/5.4.1/armv6-m\libgcc.a(bpabi.o)
 .debug_frame   0x00002fb8       0x3c c:/program files (x86)/cypress/psoc creator/4.2/psoc creator/import/gnu/arm/5.4.1/bin/../lib/gcc/arm-none-eabi/5.4.1/armv6-m\libgcc.a(divsf3.o)
 .debug_frame   0x00002ff4       0x38 c:/program files (x86)/cypress/psoc creator/4.2/psoc creator/import/gnu/arm/5.4.1/bin/../lib/gcc/arm-none-eabi/5.4.1/armv6-m\libgcc.a(mulsf3.o)
 .debug_frame   0x0000302c       0x2c c:/program files (x86)/cypress/psoc creator/4.2/psoc creator/import/gnu/arm/5.4.1/bin/../lib/gcc/arm-none-eabi/5.4.1/armv6-m\libgcc.a(floatsisf.o)
 .debug_frame   0x00003058       0x3c c:/program files (x86)/cypress/psoc creator/4.2/psoc creator/import/gnu/arm/5.4.1/bin/../lib/gcc/arm-none-eabi/5.4.1/armv6-m\libgcc.a(_divdi3.o)
 .debug_frame   0x00003094       0x40 c:/program files (x86)/cypress/psoc creator/4.2/psoc creator/import/gnu/arm/5.4.1/bin/../lib/gcc/arm-none-eabi/5.4.1/../../../../arm-none-eabi/lib/armv6-m\libg_nano.a(lib_a-atoi.o)
 .debug_frame   0x000030d4       0x20 c:/program files (x86)/cypress/psoc creator/4.2/psoc creator/import/gnu/arm/5.4.1/bin/../lib/gcc/arm-none-eabi/5.4.1/../../../../arm-none-eabi/lib/armv6-m\libg_nano.a(lib_a-errno.o)
 .debug_frame   0x000030f4       0x28 c:/program files (x86)/cypress/psoc creator/4.2/psoc creator/import/gnu/arm/5.4.1/bin/../lib/gcc/arm-none-eabi/5.4.1/../../../../arm-none-eabi/lib/armv6-m\libg_nano.a(lib_a-exit.o)