ARM GAS  C:\Users\VIDEOH~1\AppData\Local\Temp\ccGe9luS.s 			page 1


   1              		.syntax unified
   2              		.cpu cortex-m0
   3              		.fpu softvfp
   4              		.eabi_attribute 20, 1
   5              		.eabi_attribute 21, 1
   6              		.eabi_attribute 23, 3
   7              		.eabi_attribute 24, 1
   8              		.eabi_attribute 25, 1
   9              		.eabi_attribute 26, 1
  10              		.eabi_attribute 30, 4
  11              		.eabi_attribute 34, 0
  12              		.eabi_attribute 18, 4
  13              		.thumb
  14              		.syntax unified
  15              		.file	"Display_SS_Reg.c"
  16              		.text
  17              	.Ltext0:
  18              		.cfi_sections	.debug_frame
  19              		.section	.text.Display_SS_Reg_Write,"ax",%progbits
  20              		.align	1
  21              		.global	Display_SS_Reg_Write
  22              		.code	16
  23              		.thumb_func
  24              		.type	Display_SS_Reg_Write, %function
  25              	Display_SS_Reg_Write:
  26              	.LFB0:
  27              		.file 1 "Generated_Source\\PSoC4\\Display_SS_Reg.c"
   1:Generated_Source\PSoC4/Display_SS_Reg.c **** /*******************************************************************************
   2:Generated_Source\PSoC4/Display_SS_Reg.c **** * File Name: Display_SS_Reg.c  
   3:Generated_Source\PSoC4/Display_SS_Reg.c **** * Version 1.80
   4:Generated_Source\PSoC4/Display_SS_Reg.c **** *
   5:Generated_Source\PSoC4/Display_SS_Reg.c **** * Description:
   6:Generated_Source\PSoC4/Display_SS_Reg.c **** *  This file contains API to enable firmware control of a Control Register.
   7:Generated_Source\PSoC4/Display_SS_Reg.c **** *
   8:Generated_Source\PSoC4/Display_SS_Reg.c **** * Note:
   9:Generated_Source\PSoC4/Display_SS_Reg.c **** *
  10:Generated_Source\PSoC4/Display_SS_Reg.c **** ********************************************************************************
  11:Generated_Source\PSoC4/Display_SS_Reg.c **** * Copyright 2008-2015, Cypress Semiconductor Corporation.  All rights reserved.
  12:Generated_Source\PSoC4/Display_SS_Reg.c **** * You may use this file only in accordance with the license, terms, conditions, 
  13:Generated_Source\PSoC4/Display_SS_Reg.c **** * disclaimers, and limitations in the end user license agreement accompanying 
  14:Generated_Source\PSoC4/Display_SS_Reg.c **** * the software package with which this file was provided.
  15:Generated_Source\PSoC4/Display_SS_Reg.c **** *******************************************************************************/
  16:Generated_Source\PSoC4/Display_SS_Reg.c **** 
  17:Generated_Source\PSoC4/Display_SS_Reg.c **** #include "Display_SS_Reg.h"
  18:Generated_Source\PSoC4/Display_SS_Reg.c **** 
  19:Generated_Source\PSoC4/Display_SS_Reg.c **** /* Check for removal by optimization */
  20:Generated_Source\PSoC4/Display_SS_Reg.c **** #if !defined(Display_SS_Reg_Sync_ctrl_reg__REMOVED)
  21:Generated_Source\PSoC4/Display_SS_Reg.c **** 
  22:Generated_Source\PSoC4/Display_SS_Reg.c ****     
  23:Generated_Source\PSoC4/Display_SS_Reg.c **** /*******************************************************************************
  24:Generated_Source\PSoC4/Display_SS_Reg.c **** * Function Name: Display_SS_Reg_Write
  25:Generated_Source\PSoC4/Display_SS_Reg.c **** ********************************************************************************
  26:Generated_Source\PSoC4/Display_SS_Reg.c **** *
  27:Generated_Source\PSoC4/Display_SS_Reg.c **** * Summary:
  28:Generated_Source\PSoC4/Display_SS_Reg.c **** *  Write a byte to the Control Register.
  29:Generated_Source\PSoC4/Display_SS_Reg.c **** *
  30:Generated_Source\PSoC4/Display_SS_Reg.c **** * Parameters:
ARM GAS  C:\Users\VIDEOH~1\AppData\Local\Temp\ccGe9luS.s 			page 2


  31:Generated_Source\PSoC4/Display_SS_Reg.c **** *  control:  The value to be assigned to the Control Register.
  32:Generated_Source\PSoC4/Display_SS_Reg.c **** *
  33:Generated_Source\PSoC4/Display_SS_Reg.c **** * Return:
  34:Generated_Source\PSoC4/Display_SS_Reg.c **** *  None.
  35:Generated_Source\PSoC4/Display_SS_Reg.c **** *
  36:Generated_Source\PSoC4/Display_SS_Reg.c **** *******************************************************************************/
  37:Generated_Source\PSoC4/Display_SS_Reg.c **** void Display_SS_Reg_Write(uint8 control) 
  38:Generated_Source\PSoC4/Display_SS_Reg.c **** {
  28              		.loc 1 38 0
  29              		.cfi_startproc
  30              		@ args = 0, pretend = 0, frame = 0
  31              		@ frame_needed = 0, uses_anonymous_args = 0
  32              		@ link register save eliminated.
  33              	.LVL0:
  39:Generated_Source\PSoC4/Display_SS_Reg.c ****     Display_SS_Reg_Control = control;
  34              		.loc 1 39 0
  35 0000 014B     		ldr	r3, .L2
  40:Generated_Source\PSoC4/Display_SS_Reg.c **** }
  36              		.loc 1 40 0
  37              		@ sp needed
  39:Generated_Source\PSoC4/Display_SS_Reg.c ****     Display_SS_Reg_Control = control;
  38              		.loc 1 39 0
  39 0002 1870     		strb	r0, [r3]
  40              		.loc 1 40 0
  41 0004 7047     		bx	lr
  42              	.L3:
  43 0006 C046     		.align	2
  44              	.L2:
  45 0008 72000F40 		.word	1074724978
  46              		.cfi_endproc
  47              	.LFE0:
  48              		.size	Display_SS_Reg_Write, .-Display_SS_Reg_Write
  49              		.section	.text.Display_SS_Reg_Read,"ax",%progbits
  50              		.align	1
  51              		.global	Display_SS_Reg_Read
  52              		.code	16
  53              		.thumb_func
  54              		.type	Display_SS_Reg_Read, %function
  55              	Display_SS_Reg_Read:
  56              	.LFB1:
  41:Generated_Source\PSoC4/Display_SS_Reg.c **** 
  42:Generated_Source\PSoC4/Display_SS_Reg.c **** 
  43:Generated_Source\PSoC4/Display_SS_Reg.c **** /*******************************************************************************
  44:Generated_Source\PSoC4/Display_SS_Reg.c **** * Function Name: Display_SS_Reg_Read
  45:Generated_Source\PSoC4/Display_SS_Reg.c **** ********************************************************************************
  46:Generated_Source\PSoC4/Display_SS_Reg.c **** *
  47:Generated_Source\PSoC4/Display_SS_Reg.c **** * Summary:
  48:Generated_Source\PSoC4/Display_SS_Reg.c **** *  Reads the current value assigned to the Control Register.
  49:Generated_Source\PSoC4/Display_SS_Reg.c **** *
  50:Generated_Source\PSoC4/Display_SS_Reg.c **** * Parameters:
  51:Generated_Source\PSoC4/Display_SS_Reg.c **** *  None.
  52:Generated_Source\PSoC4/Display_SS_Reg.c **** *
  53:Generated_Source\PSoC4/Display_SS_Reg.c **** * Return:
  54:Generated_Source\PSoC4/Display_SS_Reg.c **** *  Returns the current value in the Control Register.
  55:Generated_Source\PSoC4/Display_SS_Reg.c **** *
  56:Generated_Source\PSoC4/Display_SS_Reg.c **** *******************************************************************************/
  57:Generated_Source\PSoC4/Display_SS_Reg.c **** uint8 Display_SS_Reg_Read(void) 
ARM GAS  C:\Users\VIDEOH~1\AppData\Local\Temp\ccGe9luS.s 			page 3


  58:Generated_Source\PSoC4/Display_SS_Reg.c **** {
  57              		.loc 1 58 0
  58              		.cfi_startproc
  59              		@ args = 0, pretend = 0, frame = 0
  60              		@ frame_needed = 0, uses_anonymous_args = 0
  61              		@ link register save eliminated.
  59:Generated_Source\PSoC4/Display_SS_Reg.c ****     return Display_SS_Reg_Control;
  62              		.loc 1 59 0
  63 0000 014B     		ldr	r3, .L5
  60:Generated_Source\PSoC4/Display_SS_Reg.c **** }
  64              		.loc 1 60 0
  65              		@ sp needed
  59:Generated_Source\PSoC4/Display_SS_Reg.c ****     return Display_SS_Reg_Control;
  66              		.loc 1 59 0
  67 0002 1878     		ldrb	r0, [r3]
  68 0004 C0B2     		uxtb	r0, r0
  69              		.loc 1 60 0
  70 0006 7047     		bx	lr
  71              	.L6:
  72              		.align	2
  73              	.L5:
  74 0008 72000F40 		.word	1074724978
  75              		.cfi_endproc
  76              	.LFE1:
  77              		.size	Display_SS_Reg_Read, .-Display_SS_Reg_Read
  78              		.text
  79              	.Letext0:
  80              		.file 2 "Generated_Source\\PSoC4\\cytypes.h"
  81              		.section	.debug_info,"",%progbits
  82              	.Ldebug_info0:
  83 0000 D2000000 		.4byte	0xd2
  84 0004 0400     		.2byte	0x4
  85 0006 00000000 		.4byte	.Ldebug_abbrev0
  86 000a 04       		.byte	0x4
  87 000b 01       		.uleb128 0x1
  88 000c FD000000 		.4byte	.LASF14
  89 0010 0C       		.byte	0xc
  90 0011 41000000 		.4byte	.LASF15
  91 0015 00000000 		.4byte	.LASF16
  92 0019 00000000 		.4byte	.Ldebug_ranges0+0
  93 001d 00000000 		.4byte	0
  94 0021 00000000 		.4byte	.Ldebug_line0
  95 0025 02       		.uleb128 0x2
  96 0026 01       		.byte	0x1
  97 0027 06       		.byte	0x6
  98 0028 C2010000 		.4byte	.LASF0
  99 002c 02       		.uleb128 0x2
 100 002d 01       		.byte	0x1
 101 002e 08       		.byte	0x8
 102 002f 69000000 		.4byte	.LASF1
 103 0033 02       		.uleb128 0x2
 104 0034 02       		.byte	0x2
 105 0035 05       		.byte	0x5
 106 0036 A9010000 		.4byte	.LASF2
 107 003a 02       		.uleb128 0x2
 108 003b 02       		.byte	0x2
 109 003c 07       		.byte	0x7
ARM GAS  C:\Users\VIDEOH~1\AppData\Local\Temp\ccGe9luS.s 			page 4


 110 003d 8E000000 		.4byte	.LASF3
 111 0041 02       		.uleb128 0x2
 112 0042 04       		.byte	0x4
 113 0043 05       		.byte	0x5
 114 0044 B9010000 		.4byte	.LASF4
 115 0048 02       		.uleb128 0x2
 116 0049 04       		.byte	0x4
 117 004a 07       		.byte	0x7
 118 004b 7C000000 		.4byte	.LASF5
 119 004f 02       		.uleb128 0x2
 120 0050 08       		.byte	0x8
 121 0051 05       		.byte	0x5
 122 0052 96010000 		.4byte	.LASF6
 123 0056 02       		.uleb128 0x2
 124 0057 08       		.byte	0x8
 125 0058 07       		.byte	0x7
 126 0059 E6000000 		.4byte	.LASF7
 127 005d 03       		.uleb128 0x3
 128 005e 04       		.byte	0x4
 129 005f 05       		.byte	0x5
 130 0060 696E7400 		.ascii	"int\000"
 131 0064 02       		.uleb128 0x2
 132 0065 04       		.byte	0x4
 133 0066 07       		.byte	0x7
 134 0067 D9000000 		.4byte	.LASF8
 135 006b 04       		.uleb128 0x4
 136 006c B3010000 		.4byte	.LASF12
 137 0070 02       		.byte	0x2
 138 0071 E401     		.2byte	0x1e4
 139 0073 2C000000 		.4byte	0x2c
 140 0077 02       		.uleb128 0x2
 141 0078 04       		.byte	0x4
 142 0079 04       		.byte	0x4
 143 007a 3B000000 		.4byte	.LASF9
 144 007e 02       		.uleb128 0x2
 145 007f 08       		.byte	0x8
 146 0080 04       		.byte	0x4
 147 0081 A9000000 		.4byte	.LASF10
 148 0085 02       		.uleb128 0x2
 149 0086 01       		.byte	0x1
 150 0087 08       		.byte	0x8
 151 0088 A4010000 		.4byte	.LASF11
 152 008c 04       		.uleb128 0x4
 153 008d 77000000 		.4byte	.LASF13
 154 0091 02       		.byte	0x2
 155 0092 8E02     		.2byte	0x28e
 156 0094 98000000 		.4byte	0x98
 157 0098 05       		.uleb128 0x5
 158 0099 6B000000 		.4byte	0x6b
 159 009d 06       		.uleb128 0x6
 160 009e C4000000 		.4byte	.LASF17
 161 00a2 01       		.byte	0x1
 162 00a3 25       		.byte	0x25
 163 00a4 00000000 		.4byte	.LFB0
 164 00a8 0C000000 		.4byte	.LFE0-.LFB0
 165 00ac 01       		.uleb128 0x1
 166 00ad 9C       		.byte	0x9c
ARM GAS  C:\Users\VIDEOH~1\AppData\Local\Temp\ccGe9luS.s 			page 5


 167 00ae C0000000 		.4byte	0xc0
 168 00b2 07       		.uleb128 0x7
 169 00b3 A1000000 		.4byte	.LASF18
 170 00b7 01       		.byte	0x1
 171 00b8 25       		.byte	0x25
 172 00b9 6B000000 		.4byte	0x6b
 173 00bd 01       		.uleb128 0x1
 174 00be 50       		.byte	0x50
 175 00bf 00       		.byte	0
 176 00c0 08       		.uleb128 0x8
 177 00c1 B0000000 		.4byte	.LASF19
 178 00c5 01       		.byte	0x1
 179 00c6 39       		.byte	0x39
 180 00c7 6B000000 		.4byte	0x6b
 181 00cb 00000000 		.4byte	.LFB1
 182 00cf 0C000000 		.4byte	.LFE1-.LFB1
 183 00d3 01       		.uleb128 0x1
 184 00d4 9C       		.byte	0x9c
 185 00d5 00       		.byte	0
 186              		.section	.debug_abbrev,"",%progbits
 187              	.Ldebug_abbrev0:
 188 0000 01       		.uleb128 0x1
 189 0001 11       		.uleb128 0x11
 190 0002 01       		.byte	0x1
 191 0003 25       		.uleb128 0x25
 192 0004 0E       		.uleb128 0xe
 193 0005 13       		.uleb128 0x13
 194 0006 0B       		.uleb128 0xb
 195 0007 03       		.uleb128 0x3
 196 0008 0E       		.uleb128 0xe
 197 0009 1B       		.uleb128 0x1b
 198 000a 0E       		.uleb128 0xe
 199 000b 55       		.uleb128 0x55
 200 000c 17       		.uleb128 0x17
 201 000d 11       		.uleb128 0x11
 202 000e 01       		.uleb128 0x1
 203 000f 10       		.uleb128 0x10
 204 0010 17       		.uleb128 0x17
 205 0011 00       		.byte	0
 206 0012 00       		.byte	0
 207 0013 02       		.uleb128 0x2
 208 0014 24       		.uleb128 0x24
 209 0015 00       		.byte	0
 210 0016 0B       		.uleb128 0xb
 211 0017 0B       		.uleb128 0xb
 212 0018 3E       		.uleb128 0x3e
 213 0019 0B       		.uleb128 0xb
 214 001a 03       		.uleb128 0x3
 215 001b 0E       		.uleb128 0xe
 216 001c 00       		.byte	0
 217 001d 00       		.byte	0
 218 001e 03       		.uleb128 0x3
 219 001f 24       		.uleb128 0x24
 220 0020 00       		.byte	0
 221 0021 0B       		.uleb128 0xb
 222 0022 0B       		.uleb128 0xb
 223 0023 3E       		.uleb128 0x3e
ARM GAS  C:\Users\VIDEOH~1\AppData\Local\Temp\ccGe9luS.s 			page 6


 224 0024 0B       		.uleb128 0xb
 225 0025 03       		.uleb128 0x3
 226 0026 08       		.uleb128 0x8
 227 0027 00       		.byte	0
 228 0028 00       		.byte	0
 229 0029 04       		.uleb128 0x4
 230 002a 16       		.uleb128 0x16
 231 002b 00       		.byte	0
 232 002c 03       		.uleb128 0x3
 233 002d 0E       		.uleb128 0xe
 234 002e 3A       		.uleb128 0x3a
 235 002f 0B       		.uleb128 0xb
 236 0030 3B       		.uleb128 0x3b
 237 0031 05       		.uleb128 0x5
 238 0032 49       		.uleb128 0x49
 239 0033 13       		.uleb128 0x13
 240 0034 00       		.byte	0
 241 0035 00       		.byte	0
 242 0036 05       		.uleb128 0x5
 243 0037 35       		.uleb128 0x35
 244 0038 00       		.byte	0
 245 0039 49       		.uleb128 0x49
 246 003a 13       		.uleb128 0x13
 247 003b 00       		.byte	0
 248 003c 00       		.byte	0
 249 003d 06       		.uleb128 0x6
 250 003e 2E       		.uleb128 0x2e
 251 003f 01       		.byte	0x1
 252 0040 3F       		.uleb128 0x3f
 253 0041 19       		.uleb128 0x19
 254 0042 03       		.uleb128 0x3
 255 0043 0E       		.uleb128 0xe
 256 0044 3A       		.uleb128 0x3a
 257 0045 0B       		.uleb128 0xb
 258 0046 3B       		.uleb128 0x3b
 259 0047 0B       		.uleb128 0xb
 260 0048 27       		.uleb128 0x27
 261 0049 19       		.uleb128 0x19
 262 004a 11       		.uleb128 0x11
 263 004b 01       		.uleb128 0x1
 264 004c 12       		.uleb128 0x12
 265 004d 06       		.uleb128 0x6
 266 004e 40       		.uleb128 0x40
 267 004f 18       		.uleb128 0x18
 268 0050 9742     		.uleb128 0x2117
 269 0052 19       		.uleb128 0x19
 270 0053 01       		.uleb128 0x1
 271 0054 13       		.uleb128 0x13
 272 0055 00       		.byte	0
 273 0056 00       		.byte	0
 274 0057 07       		.uleb128 0x7
 275 0058 05       		.uleb128 0x5
 276 0059 00       		.byte	0
 277 005a 03       		.uleb128 0x3
 278 005b 0E       		.uleb128 0xe
 279 005c 3A       		.uleb128 0x3a
 280 005d 0B       		.uleb128 0xb
ARM GAS  C:\Users\VIDEOH~1\AppData\Local\Temp\ccGe9luS.s 			page 7


 281 005e 3B       		.uleb128 0x3b
 282 005f 0B       		.uleb128 0xb
 283 0060 49       		.uleb128 0x49
 284 0061 13       		.uleb128 0x13
 285 0062 02       		.uleb128 0x2
 286 0063 18       		.uleb128 0x18
 287 0064 00       		.byte	0
 288 0065 00       		.byte	0
 289 0066 08       		.uleb128 0x8
 290 0067 2E       		.uleb128 0x2e
 291 0068 00       		.byte	0
 292 0069 3F       		.uleb128 0x3f
 293 006a 19       		.uleb128 0x19
 294 006b 03       		.uleb128 0x3
 295 006c 0E       		.uleb128 0xe
 296 006d 3A       		.uleb128 0x3a
 297 006e 0B       		.uleb128 0xb
 298 006f 3B       		.uleb128 0x3b
 299 0070 0B       		.uleb128 0xb
 300 0071 27       		.uleb128 0x27
 301 0072 19       		.uleb128 0x19
 302 0073 49       		.uleb128 0x49
 303 0074 13       		.uleb128 0x13
 304 0075 11       		.uleb128 0x11
 305 0076 01       		.uleb128 0x1
 306 0077 12       		.uleb128 0x12
 307 0078 06       		.uleb128 0x6
 308 0079 40       		.uleb128 0x40
 309 007a 18       		.uleb128 0x18
 310 007b 9742     		.uleb128 0x2117
 311 007d 19       		.uleb128 0x19
 312 007e 00       		.byte	0
 313 007f 00       		.byte	0
 314 0080 00       		.byte	0
 315              		.section	.debug_aranges,"",%progbits
 316 0000 24000000 		.4byte	0x24
 317 0004 0200     		.2byte	0x2
 318 0006 00000000 		.4byte	.Ldebug_info0
 319 000a 04       		.byte	0x4
 320 000b 00       		.byte	0
 321 000c 0000     		.2byte	0
 322 000e 0000     		.2byte	0
 323 0010 00000000 		.4byte	.LFB0
 324 0014 0C000000 		.4byte	.LFE0-.LFB0
 325 0018 00000000 		.4byte	.LFB1
 326 001c 0C000000 		.4byte	.LFE1-.LFB1
 327 0020 00000000 		.4byte	0
 328 0024 00000000 		.4byte	0
 329              		.section	.debug_ranges,"",%progbits
 330              	.Ldebug_ranges0:
 331 0000 00000000 		.4byte	.LFB0
 332 0004 0C000000 		.4byte	.LFE0
 333 0008 00000000 		.4byte	.LFB1
 334 000c 0C000000 		.4byte	.LFE1
 335 0010 00000000 		.4byte	0
 336 0014 00000000 		.4byte	0
 337              		.section	.debug_line,"",%progbits
ARM GAS  C:\Users\VIDEOH~1\AppData\Local\Temp\ccGe9luS.s 			page 8


 338              	.Ldebug_line0:
 339 0000 77000000 		.section	.debug_str,"MS",%progbits,1
 339      02004B00 
 339      00000201 
 339      FB0E0D00 
 339      01010101 
 340              	.LASF16:
 341 0000 443A5C31 		.ascii	"D:\\1_work\\my_project\\ReloadPro\\psoc42boot\\Relo"
 341      5F776F72 
 341      6B5C6D79 
 341      5F70726F 
 341      6A656374 
 342 002e 61642050 		.ascii	"ad Pro.cydsn\000"
 342      726F2E63 
 342      7964736E 
 342      00
 343              	.LASF9:
 344 003b 666C6F61 		.ascii	"float\000"
 344      7400
 345              	.LASF15:
 346 0041 47656E65 		.ascii	"Generated_Source\\PSoC4\\Display_SS_Reg.c\000"
 346      72617465 
 346      645F536F 
 346      75726365 
 346      5C50536F 
 347              	.LASF1:
 348 0069 756E7369 		.ascii	"unsigned char\000"
 348      676E6564 
 348      20636861 
 348      7200
 349              	.LASF13:
 350 0077 72656738 		.ascii	"reg8\000"
 350      00
 351              	.LASF5:
 352 007c 6C6F6E67 		.ascii	"long unsigned int\000"
 352      20756E73 
 352      69676E65 
 352      6420696E 
 352      7400
 353              	.LASF3:
 354 008e 73686F72 		.ascii	"short unsigned int\000"
 354      7420756E 
 354      7369676E 
 354      65642069 
 354      6E7400
 355              	.LASF18:
 356 00a1 636F6E74 		.ascii	"control\000"
 356      726F6C00 
 357              	.LASF10:
 358 00a9 646F7562 		.ascii	"double\000"
 358      6C6500
 359              	.LASF19:
 360 00b0 44697370 		.ascii	"Display_SS_Reg_Read\000"
 360      6C61795F 
 360      53535F52 
 360      65675F52 
 360      65616400 
ARM GAS  C:\Users\VIDEOH~1\AppData\Local\Temp\ccGe9luS.s 			page 9


 361              	.LASF17:
 362 00c4 44697370 		.ascii	"Display_SS_Reg_Write\000"
 362      6C61795F 
 362      53535F52 
 362      65675F57 
 362      72697465 
 363              	.LASF8:
 364 00d9 756E7369 		.ascii	"unsigned int\000"
 364      676E6564 
 364      20696E74 
 364      00
 365              	.LASF7:
 366 00e6 6C6F6E67 		.ascii	"long long unsigned int\000"
 366      206C6F6E 
 366      6720756E 
 366      7369676E 
 366      65642069 
 367              	.LASF14:
 368 00fd 474E5520 		.ascii	"GNU C99 5.4.1 20160609 (release) [ARM/embedded-5-br"
 368      43393920 
 368      352E342E 
 368      31203230 
 368      31363036 
 369 0130 616E6368 		.ascii	"anch revision 237715] -mcpu=cortex-m0 -mthumb -g -O"
 369      20726576 
 369      6973696F 
 369      6E203233 
 369      37373135 
 370 0163 73202D73 		.ascii	"s -std=gnu99 -ffunction-sections -ffat-lto-objects\000"
 370      74643D67 
 370      6E753939 
 370      202D6666 
 370      756E6374 
 371              	.LASF6:
 372 0196 6C6F6E67 		.ascii	"long long int\000"
 372      206C6F6E 
 372      6720696E 
 372      7400
 373              	.LASF11:
 374 01a4 63686172 		.ascii	"char\000"
 374      00
 375              	.LASF2:
 376 01a9 73686F72 		.ascii	"short int\000"
 376      7420696E 
 376      7400
 377              	.LASF12:
 378 01b3 75696E74 		.ascii	"uint8\000"
 378      3800
 379              	.LASF4:
 380 01b9 6C6F6E67 		.ascii	"long int\000"
 380      20696E74 
 380      00
 381              	.LASF0:
 382 01c2 7369676E 		.ascii	"signed char\000"
 382      65642063 
 382      68617200 
 383              		.ident	"GCC: (GNU Tools for ARM Embedded Processors) 5.4.1 20160609 (release) [ARM/embedded-5-bran
ARM GAS  C:\Users\VIDEOH~1\AppData\Local\Temp\ccGe9luS.s 			page 10


